This is pdfTeX, Version 3.141592653-2.6-1.40.28 (MiKTeX 25.12) (preloaded format=pdflatex 2026.8.8)  16 AUG 2026 09:23
entering extended mode
 restricted \write18 enabled.
 %&-line parsing enabled.
**./report_v4.tex
(report_v4.tex
LaTeX2e <2025-11-01>
L3 programming layer <2025-12-24>
(C:\Users\User\AppData\Local\Programs\MiKTeX\tex/latex/base\article.cls
Document Class: article 2025/01/22 v1.4n Standard LaTeX document class
(C:\Users\User\AppData\Local\Programs\MiKTeX\tex/latex/base\size11.clo
File: size11.clo 2025/01/22 v1.4n Standard LaTeX file (size option)
)
\c@part=\count275
\c@section=\count276
\c@subsection=\count277
\c@subsubsection=\count278
\c@paragraph=\count279
\c@subparagraph=\count280
\c@figure=\count281
\c@table=\count282
\abovecaptionskip=\skip49
\belowcaptionskip=\skip50
\bibindent=\dimen148
)
(C:\Users\User\AppData\Local\Programs\MiKTeX\tex/latex/geometry\geometry.sty
Package: geometry 2026/03/07 v6.0 Page Geometry

(C:\Users\User\AppData\Local\Programs\MiKTeX\tex/latex/graphics\keyval.sty
Package: keyval 2022/05/29 v1.15 key=value parser (DPC)
\KV@toks@=\toks17
)
(C:\Users\User\AppData\Local\Programs\MiKTeX\tex/generic/iftex\ifvtex.sty
Package: ifvtex 2019/10/25 v1.7 ifvtex legacy package. Use iftex instead.

(C:\Users\User\AppData\Local\Programs\MiKTeX\tex/generic/iftex\iftex.sty
Package: iftex 2024/12/12 v1.0g TeX engine tests
))
\Gm@cnth=\count283
\Gm@cntv=\count284
\c@Gm@tempcnt=\count285
\Gm@bindingoffset=\dimen149
\Gm@wd@mp=\dimen150
\Gm@odd@mp=\dimen151
\Gm@even@mp=\dimen152
\Gm@layoutwidth=\dimen153
\Gm@layoutheight=\dimen154
\Gm@layouthoffset=\dimen155
\Gm@layoutvoffset=\dimen156
\Gm@dimlist=\toks18

(C:\Users\User\AppData\Local\Programs\MiKTeX\tex/latex/geometry\geometry.cfg))
(C:\Users\User\AppData\Local\Programs\MiKTeX\tex/latex/amsmath\amsmath.sty
Package: amsmath 2025/07/09 v2.17z AMS math features
\@mathmargin=\skip51

For additional information on amsmath, use the `?' option.
(C:\Users\User\AppData\Local\Programs\MiKTeX\tex/latex/amsmath\amstext.sty
Package: amstext 2024/11/17 v2.01 AMS text

(C:\Users\User\AppData\Local\Programs\MiKTeX\tex/latex/amsmath\amsgen.sty
File: amsgen.sty 1999/11/30 v2.0 generic functions
\@emptytoks=\toks19
\ex@=\dimen157
))
(C:\Users\User\AppData\Local\Programs\MiKTeX\tex/latex/amsmath\amsbsy.sty
Package: amsbsy 1999/11/29 v1.2d Bold Symbols
\pmbraise@=\dimen158
)
(C:\Users\User\AppData\Local\Programs\MiKTeX\tex/latex/amsmath\amsopn.sty
Package: amsopn 2022/04/08 v2.04 operator names
)
\inf@bad=\count286
LaTeX Info: Redefining \frac on input line 233.
\uproot@=\count287
\leftroot@=\count288
LaTeX Info: Redefining \overline on input line 398.
LaTeX Info: Redefining \colon on input line 409.
\classnum@=\count289
\DOTSCASE@=\count290
LaTeX Info: Redefining \ldots on input line 495.
LaTeX Info: Redefining \dots on input line 498.
LaTeX Info: Redefining \cdots on input line 619.
\Mathstrutbox@=\box53
\strutbox@=\box54
LaTeX Info: Redefining \big on input line 721.
LaTeX Info: Redefining \Big on input line 722.
LaTeX Info: Redefining \bigg on input line 723.
LaTeX Info: Redefining \Bigg on input line 724.
\big@size=\dimen159
LaTeX Font Info:    Redeclaring font encoding OML on input line 742.
LaTeX Font Info:    Redeclaring font encoding OMS on input line 743.
\macc@depth=\count291
LaTeX Info: Redefining \bmod on input line 904.
LaTeX Info: Redefining \pmod on input line 909.
LaTeX Info: Redefining \smash on input line 939.
LaTeX Info: Redefining \relbar on input line 969.
LaTeX Info: Redefining \Relbar on input line 970.
\c@MaxMatrixCols=\count292
\dotsspace@=\muskip17
\c@parentequation=\count293
\dspbrk@lvl=\count294
\tag@help=\toks20
\row@=\count295
\column@=\count296
\maxfields@=\count297
\andhelp@=\toks21
\eqnshift@=\dimen160
\alignsep@=\dimen161
\tagshift@=\dimen162
\tagwidth@=\dimen163
\totwidth@=\dimen164
\lineht@=\dimen165
\@envbody=\toks22
\multlinegap=\skip52
\multlinetaggap=\skip53
\mathdisplay@stack=\toks23
LaTeX Info: Redefining \[ on input line 2950.
LaTeX Info: Redefining \] on input line 2951.
)
(C:\Users\User\AppData\Local\Programs\MiKTeX\tex/latex/amsfonts\amssymb.sty
Package: amssymb 2013/01/14 v3.01 AMS font symbols

(C:\Users\User\AppData\Local\Programs\MiKTeX\tex/latex/amsfonts\amsfonts.sty
Package: amsfonts 2013/01/14 v3.01 Basic AMSFonts support
\symAMSa=\mathgroup4
\symAMSb=\mathgroup5
LaTeX Font Info:    Redeclaring math symbol \hbar on input line 98.
LaTeX Font Info:    Overwriting math alphabet `\mathfrak' in version `bold'
(Font)                  U/euf/m/n --> U/euf/b/n on input line 106.
))
(C:\Users\User\AppData\Local\Programs\MiKTeX\tex/latex/graphics\graphicx.sty
Package: graphicx 2024/12/31 v1.2e Enhanced LaTeX Graphics (DPC,SPQR)

(C:\Users\User\AppData\Local\Programs\MiKTeX\tex/latex/graphics\graphics.sty
Package: graphics 2024/08/06 v1.4g Standard LaTeX Graphics (DPC,SPQR)

(C:\Users\User\AppData\Local\Programs\MiKTeX\tex/latex/graphics\trig.sty
Package: trig 2023/12/02 v1.11 sin cos tan (DPC)
)
(C:\Users\User\AppData\Local\Programs\MiKTeX\tex/latex/graphics-cfg\graphics.cf
g
File: graphics.cfg 2016/06/04 v1.11 sample graphics configuration
)
Package graphics Info: Driver file: pdftex.def on input line 106.

(C:\Users\User\AppData\Local\Programs\MiKTeX\tex/latex/graphics-def\pdftex.def
File: pdftex.def 2025/09/29 v1.2d Graphics/color driver for pdftex
))
\Gin@req@height=\dimen166
\Gin@req@width=\dimen167
) (C:\Users\User\AppData\Local\Programs\MiKTeX\tex/latex/booktabs\booktabs.sty
Package: booktabs 2020/01/12 v1.61803398 Publication quality tables
\heavyrulewidth=\dimen168
\lightrulewidth=\dimen169
\cmidrulewidth=\dimen170
\belowrulesep=\dimen171
\belowbottomsep=\dimen172
\aboverulesep=\dimen173
\abovetopsep=\dimen174
\cmidrulesep=\dimen175
\cmidrulekern=\dimen176
\defaultaddspace=\dimen177
\@cmidla=\count298
\@cmidlb=\count299
\@aboverulesep=\dimen178
\@belowrulesep=\dimen179
\@thisruleclass=\count300
\@lastruleclass=\count301
\@thisrulewidth=\dimen180
) (C:\Users\User\AppData\Local\Programs\MiKTeX\tex/latex/siunitx\siunitx.sty
Package: siunitx 2026-05-15 v3.5.5 A comprehensive (SI) units package
\l__siunitx_number_uncert_offset_int=\count302
\l__siunitx_number_exponent_fixed_int=\count303
\l__siunitx_number_min_decimal_int=\count304
\l__siunitx_number_min_integer_int=\count305
\l__siunitx_number_round_precision_int=\count306
\l__siunitx_number_lower_threshold_int=\count307
\l__siunitx_number_upper_threshold_int=\count308
\l__siunitx_number_group_first_int=\count309
\l__siunitx_number_group_size_int=\count310
\l__siunitx_number_group_min_int=\count311
\l__siunitx_number_group_minimum_int=\count312
\l__siunitx_compound_count_int=\count313

(C:\Users\User\AppData\Local\Programs\MiKTeX\tex/latex/translations\translation
s.sty
Package: translations 2022/02/05 v1.12 internationalization of LaTeX2e packages
 (CN)

(C:\Users\User\AppData\Local\Programs\MiKTeX\tex/latex/etoolbox\etoolbox.sty
Package: etoolbox 2025/10/02 v2.5m e-TeX tools for LaTeX (JAW)
\etb@tempcnta=\count314
)
(C:\Users\User\AppData\Local\Programs\MiKTeX\tex/generic/pdftexcmds\pdftexcmds.
sty
Package: pdftexcmds 2020-06-27 v0.33 Utility functions of pdfTeX for LuaTeX (HO
)

(C:\Users\User\AppData\Local\Programs\MiKTeX\tex/generic/infwarerr\infwarerr.st
y
Package: infwarerr 2019/12/03 v1.5 Providing info/warning/error messages (HO)
) (C:\Users\User\AppData\Local\Programs\MiKTeX\tex/generic/ltxcmds\ltxcmds.sty
Package: ltxcmds 2023-12-04 v1.26 LaTeX kernel commands for general use (HO)
)
Package pdftexcmds Info: \pdf@primitive is available.
Package pdftexcmds Info: \pdf@ifprimitive is available.
Package pdftexcmds Info: \pdfdraftmode found.
))
\l__siunitx_table_tmp_box=\box55
\l__siunitx_table_tmp_dim=\dimen181
\l__siunitx_table_column_width_dim=\dimen182
\l__siunitx_table_integer_box=\box56
\l__siunitx_table_decimal_box=\box57
\l__siunitx_table_uncert_box=\box58
\l__siunitx_table_before_box=\box59
\l__siunitx_table_after_box=\box60
\l__siunitx_table_before_dim=\dimen183
\l__siunitx_table_carry_dim=\dimen184
\l__siunitx_unit_tmp_int=\count315
\l__siunitx_unit_position_int=\count316
\l__siunitx_unit_total_int=\count317
\l__siunitx_sexagesimal_tmp_dim=\dimen185
\l__siunitx_sexagesimal_marker_box=\box61
\l__siunitx_sexagesimal_unit_box=\box62
 (C:\Users\User\AppData\Local\Programs\MiKTeX\tex/latex/tools\array.sty
Package: array 2025/09/25 v2.6n Tabular extension package (FMi)
\col@sep=\dimen186
\ar@mcellbox=\box63
\extrarowheight=\dimen187
\NC@list=\toks24
\extratabsurround=\skip54
\backup@length=\skip55
\ar@cellbox=\box64
))
(C:\Users\User\AppData\Local\Programs\MiKTeX\tex/latex/xcolor\xcolor.sty
Package: xcolor 2024/09/29 v3.02 LaTeX color extensions (UK)

(C:\Users\User\AppData\Local\Programs\MiKTeX\tex/latex/graphics-cfg\color.cfg
File: color.cfg 2016/01/02 v1.6 sample color configuration
)
Package xcolor Info: Driver file: pdftex.def on input line 274.

(C:\Users\User\AppData\Local\Programs\MiKTeX\tex/latex/graphics\mathcolor.ltx)
Package xcolor Info: Model `cmy' substituted by `cmy0' on input line 1349.
Package xcolor Info: Model `hsb' substituted by `rgb' on input line 1353.
Package xcolor Info: Model `RGB' extended on input line 1365.
Package xcolor Info: Model `HTML' substituted by `rgb' on input line 1367.
Package xcolor Info: Model `Hsb' substituted by `hsb' on input line 1368.
Package xcolor Info: Model `tHsb' substituted by `hsb' on input line 1369.
Package xcolor Info: Model `HSB' substituted by `hsb' on input line 1370.
Package xcolor Info: Model `Gray' substituted by `gray' on input line 1371.
Package xcolor Info: Model `wave' substituted by `hsb' on input line 1372.
) (C:\Users\User\AppData\Local\Programs\MiKTeX\tex/latex/enumitem\enumitem.sty
Package: enumitem 2025/02/06 v3.11 Customized lists
\labelindent=\skip56
\enit@outerparindent=\dimen188
\enit@toks=\toks25
\enit@inbox=\box65
\enit@count@id=\count318
\enitdp@description=\count319
)
(C:\Users\User\AppData\Local\Programs\MiKTeX\tex/latex/hyperref\hyperref.sty
Package: hyperref 2025-07-12 v7.01o Hypertext links for LaTeX

(C:\Users\User\AppData\Local\Programs\MiKTeX\tex/latex/kvsetkeys\kvsetkeys.sty
Package: kvsetkeys 2022-10-05 v1.19 Key value parser (HO)
)
(C:\Users\User\AppData\Local\Programs\MiKTeX\tex/generic/kvdefinekeys\kvdefinek
eys.sty
Package: kvdefinekeys 2019-12-19 v1.6 Define keys (HO)
)
(C:\Users\User\AppData\Local\Programs\MiKTeX\tex/generic/pdfescape\pdfescape.st
y
Package: pdfescape 2019/12/09 v1.15 Implements pdfTeX's escape features (HO)
) (C:\Users\User\AppData\Local\Programs\MiKTeX\tex/latex/hycolor\hycolor.sty
Package: hycolor 2020-01-27 v1.10 Color options for hyperref/bookmark (HO)
)
(C:\Users\User\AppData\Local\Programs\MiKTeX\tex/latex/hyperref\nameref.sty
Package: nameref 2025-06-21 v2.57 Cross-referencing by name of section

(C:\Users\User\AppData\Local\Programs\MiKTeX\tex/latex/refcount\refcount.sty
Package: refcount 2019/12/15 v3.6 Data extraction from label references (HO)
)
(C:\Users\User\AppData\Local\Programs\MiKTeX\tex/generic/gettitlestring\gettitl
estring.sty
Package: gettitlestring 2019/12/15 v1.6 Cleanup title references (HO)

(C:\Users\User\AppData\Local\Programs\MiKTeX\tex/latex/kvoptions\kvoptions.sty
Package: kvoptions 2022-06-15 v3.15 Key value format for package options (HO)
))
\c@section@level=\count320
)
(C:\Users\User\AppData\Local\Programs\MiKTeX\tex/generic/stringenc\stringenc.st
y
Package: stringenc 2019/11/29 v1.12 Convert strings between diff. encodings (HO
)
)
\@linkdim=\dimen189
\Hy@linkcounter=\count321
\Hy@pagecounter=\count322
 (C:\Users\User\AppData\Local\Programs\MiKTeX\tex/latex/hyperref\pd1enc.def
File: pd1enc.def 2025-07-12 v7.01o Hyperref: PDFDocEncoding definition (HO)
Now handling font encoding PD1 ...
... no UTF-8 mapping file for font encoding PD1
)
(C:\Users\User\AppData\Local\Programs\MiKTeX\tex/generic/intcalc\intcalc.sty
Package: intcalc 2019/12/15 v1.3 Expandable calculations with integers (HO)
)
\Hy@SavedSpaceFactor=\count323

(C:\Users\User\AppData\Local\Programs\MiKTeX\tex/latex/hyperref\puenc.def
File: puenc.def 2025-07-12 v7.01o Hyperref: PDF Unicode definition (HO)
Now handling font encoding PU ...
... no UTF-8 mapping file for font encoding PU
)
Package hyperref Info: Option `colorlinks' set `true' on input line 4066.
Package hyperref Info: Hyper figures OFF on input line 4195.
Package hyperref Info: Link nesting OFF on input line 4200.
Package hyperref Info: Hyper index ON on input line 4203.
Package hyperref Info: Plain pages OFF on input line 4210.
Package hyperref Info: Backreferencing OFF on input line 4215.
Package hyperref Info: Implicit mode ON; LaTeX internals redefined.
Package hyperref Info: Bookmarks ON on input line 4462.
\c@Hy@tempcnt=\count324

(C:\Users\User\AppData\Local\Programs\MiKTeX\tex/latex/url\url.sty
\Urlmuskip=\muskip18
Package: url 2013/09/16  ver 3.4  Verb mode for urls, etc.
)
LaTeX Info: Redefining \url on input line 4801.
\XeTeXLinkMargin=\dimen190

(C:\Users\User\AppData\Local\Programs\MiKTeX\tex/generic/bitset\bitset.sty
Package: bitset 2019/12/09 v1.3 Handle bit-vector datatype (HO)

(C:\Users\User\AppData\Local\Programs\MiKTeX\tex/generic/bigintcalc\bigintcalc.
sty
Package: bigintcalc 2019/12/15 v1.5 Expandable calculations on big integers (HO
)
))
\Fld@menulength=\count325
\Field@Width=\dimen191
\Fld@charsize=\dimen192
Package hyperref Info: Hyper figures OFF on input line 6078.
Package hyperref Info: Link nesting OFF on input line 6083.
Package hyperref Info: Hyper index ON on input line 6086.
Package hyperref Info: backreferencing OFF on input line 6093.
Package hyperref Info: Link coloring ON on input line 6096.
Package hyperref Info: Link coloring with OCG OFF on input line 6103.
Package hyperref Info: PDF/A mode OFF on input line 6108.
\Hy@abspage=\count326
\c@Item=\count327
\c@Hfootnote=\count328
)
Package hyperref Info: Driver (autodetected): hpdftex.

(C:\Users\User\AppData\Local\Programs\MiKTeX\tex/latex/hyperref\hpdftex.def
File: hpdftex.def 2025-07-12 v7.01o Hyperref driver for pdfTeX
\Fld@listcount=\count329
\c@bookmark@seq@number=\count330

(C:\Users\User\AppData\Local\Programs\MiKTeX\tex/latex/rerunfilecheck\rerunfile
check.sty
Package: rerunfilecheck 2025-06-21 v1.11 Rerun checks for auxiliary files (HO)

(C:\Users\User\AppData\Local\Programs\MiKTeX\tex/generic/uniquecounter\uniqueco
unter.sty
Package: uniquecounter 2019/12/15 v1.4 Provide unlimited unique counter (HO)
)
Package uniquecounter Info: New unique counter `rerunfilecheck' on input line 2
84.
)
\Hy@SectionHShift=\skip57
)
(C:\Users\User\AppData\Local\Programs\MiKTeX\tex/latex/caption\caption.sty
Package: caption 2023/08/05 v3.6o Customizing captions (AR)

(C:\Users\User\AppData\Local\Programs\MiKTeX\tex/latex/caption\caption3.sty
Package: caption3 2023/07/31 v2.4d caption3 kernel (AR)
\caption@tempdima=\dimen193
\captionmargin=\dimen194
\caption@leftmargin=\dimen195
\caption@rightmargin=\dimen196
\caption@width=\dimen197
\caption@indent=\dimen198
\caption@parindent=\dimen199
\caption@hangindent=\dimen256
Package caption Info: Standard document class detected.
)
\c@caption@flags=\count331
\c@continuedfloat=\count332
Package caption Info: hyperref package is loaded.
)
Package translations Info: No language package found. I am going to use `englis
h' as default language. on input line 31.

(C:\Users\User\AppData\Local\Programs\MiKTeX\tex/latex/l3backend\l3backend-pdft
ex.def
File: l3backend-pdftex.def 2025-10-09 L3 backend support: PDF output (pdfTeX)
\l__color_backend_stack_int=\count333
) (report_v4.aux)
\openout1 = `report_v4.aux'.

LaTeX Font Info:    Checking defaults for OML/cmm/m/it on input line 31.
LaTeX Font Info:    ... okay on input line 31.
LaTeX Font Info:    Checking defaults for OMS/cmsy/m/n on input line 31.
LaTeX Font Info:    ... okay on input line 31.
LaTeX Font Info:    Checking defaults for OT1/cmr/m/n on input line 31.
LaTeX Font Info:    ... okay on input line 31.
LaTeX Font Info:    Checking defaults for T1/cmr/m/n on input line 31.
LaTeX Font Info:    ... okay on input line 31.
LaTeX Font Info:    Checking defaults for TS1/cmr/m/n on input line 31.
LaTeX Font Info:    ... okay on input line 31.
LaTeX Font Info:    Checking defaults for OMX/cmex/m/n on input line 31.
LaTeX Font Info:    ... okay on input line 31.
LaTeX Font Info:    Checking defaults for U/cmr/m/n on input line 31.
LaTeX Font Info:    ... okay on input line 31.
LaTeX Font Info:    Checking defaults for PD1/pdf/m/n on input line 31.
LaTeX Font Info:    ... okay on input line 31.
LaTeX Font Info:    Checking defaults for PU/pdf/m/n on input line 31.
LaTeX Font Info:    ... okay on input line 31.

*geometry* driver: auto-detecting
*geometry* detected driver: pdftex
*geometry* verbose mode - [ preamble ] result:
* driver: pdftex
* paper: a4paper
* layout: <same size as paper>
* layoutoffset:(h,v)=(0.0pt,0.0pt)
* modes: 
* h-part:(L,W,R)=(72.26999pt, 452.9679pt, 72.26999pt)
* v-part:(T,H,B)=(72.26999pt, 700.50687pt, 72.26999pt)
* \paperwidth=597.50787pt
* \paperheight=845.04684pt
* \textwidth=452.9679pt
* \textheight=700.50687pt
* \oddsidemargin=0.0pt
* \evensidemargin=0.0pt
* \topmargin=-37.0pt
* \headheight=12.0pt
* \headsep=25.0pt
* \topskip=11.0pt
* \footskip=30.0pt
* \marginparwidth=59.0pt
* \marginparsep=10.0pt
* \columnsep=10.0pt
* \skip\footins=10.0pt plus 4.0pt minus 2.0pt
* \hoffset=0.0pt
* \voffset=0.0pt
* \mag=1000
* \@twocolumnfalse
* \@twosidefalse
* \@mparswitchfalse
* \@reversemarginfalse
* (1in=72.27pt=25.4mm, 1cm=28.453pt)


(C:\Users\User\AppData\Local\Programs\MiKTeX\tex/context/base/mkii\supp-pdf.mki
i
[Loading MPS to PDF converter (version 2006.09.02).]
\scratchcounter=\count334
\scratchdimen=\dimen257
\scratchbox=\box66
\nofMPsegments=\count335
\nofMParguments=\count336
\everyMPshowfont=\toks26
\MPscratchCnt=\count337
\MPscratchDim=\dimen258
\MPnumerator=\count338
\makeMPintoPDFobject=\count339
\everyMPtoPDFconversion=\toks27
)
(C:\Users\User\AppData\Local\Programs\MiKTeX\tex/latex/epstopdf-pkg\epstopdf-ba
se.sty
Package: epstopdf-base 2020-01-24 v2.11 Base part for package epstopdf
Package epstopdf-base Info: Redefining graphics rule for `.eps' on input line 4
85.

(C:\Users\User\AppData\Local\Programs\MiKTeX\tex/latex/00miktex\epstopdf-sys.cf
g
File: epstopdf-sys.cfg 2021/03/18 v2.0 Configuration of epstopdf for MiKTeX
))
(C:\Users\User\AppData\Local\Programs\MiKTeX\tex/latex/translations/dicts\trans
lations-basic-dictionary-english.trsl
File: translations-basic-dictionary-english.trsl (english translation file `tra
nslations-basic-dictionary')
)
Package translations Info: loading dictionary `translations-basic-dictionary' f
or `english'. on input line 31.
Package hyperref Info: Link coloring ON on input line 31.
 (report_v4.out) (report_v4.out)
\@outlinefile=\write3
\openout3 = `report_v4.out'.

Package caption Info: Begin \AtBeginDocument code.
Package caption Info: End \AtBeginDocument code.
LaTeX Font Info:    Trying to load font information for U+msa on input line 33.


(C:\Users\User\AppData\Local\Programs\MiKTeX\tex/latex/amsfonts\umsa.fd
File: umsa.fd 2013/01/14 v3.01 AMS symbols A
)
LaTeX Font Info:    Trying to load font information for U+msb on input line 33.


(C:\Users\User\AppData\Local\Programs\MiKTeX\tex/latex/amsfonts\umsb.fd
File: umsb.fd 2013/01/14 v3.01 AMS symbols B
)
Overfull \hbox (18.45213pt too wide) in paragraph at lines 33--33
 [][] 
 []

(report_v4.toc [1

{C:/Users/User/AppData/Local/MiKTeX/fonts/map/pdftex/pdftex.map}])
\tf@toc=\write4
\openout4 = `report_v4.toc'.

 [2]
Underfull \hbox (badness 10000) in paragraph at lines 135--135
[]|\OT1/cmr/bx/n/10 lumped sur-ro-
 []


Underfull \hbox (badness 10000) in paragraph at lines 151--152
[]|\OT1/cmr/bx/n/10 present \OT1/cmr/m/n/10 (re-
 []


Underfull \hbox (badness 1769) in paragraph at lines 152--153
[]|\OT1/cmr/bx/n/10 present \OT1/cmr/m/n/10 (sur-ro-
 []


Underfull \hbox (badness 10000) in paragraph at lines 153--153
[]|\OT1/cmr/m/n/10 Ionized im-pu-rity (Brooks--
 []


Underfull \hbox (badness 1769) in paragraph at lines 156--157
[]|\OT1/cmr/bx/n/10 present \OT1/cmr/m/n/10 (sur-ro-
 []


Underfull \hbox (badness 1377) in paragraph at lines 157--157
[]|\OT1/cmr/m/n/10 in BTE (trap oc-cu-
 []


LaTeX Warning: `h' float specifier changed to `ht'.


Underfull \hbox (badness 10000) in paragraph at lines 169--170
[]|\OT1/cmr/m/n/10 Independent com-par-i-son
 []


Underfull \hbox (badness 10000) in paragraph at lines 171--171
[]|\OT1/cmr/m/n/10 extracted $\OML/cmm/m/it/10 I[]$\OT1/cmr/m/n/10 --$\OML/cmm/
m/it/10 V[]$
 []


Underfull \hbox (badness 10000) in paragraph at lines 171--172
[]|\OT1/cmr/m/n/10 subthreshold swing
 []


Underfull \hbox (badness 10000) in paragraph at lines 171--172
\OT1/cmr/m/n/10 ($\OMS/cmsy/m/n/10 ^^X$$\OT1/cmr/m/n/10 99$$[]\OML/cmm/m/it/10 
=[]$\OT1/cmr/m/n/10 ); over-lay
 []


Underfull \hbox (badness 10000) in paragraph at lines 172--172
[]|$\OML/cmm/m/it/10 N[] \OT1/cmr/m/n/10 =
 []


Underfull \hbox (badness 10000) in paragraph at lines 172--173
[]|\OT1/cmr/m/n/10 surface in-ver-sion den-sity
 []


Underfull \hbox (badness 10000) in paragraph at lines 173--173
[]|\OT1/cmr/m/n/10 bulk mo-bil-ity /
 []


Underfull \hbox (badness 10000) in paragraph at lines 175--175
[]|\OT1/cmr/m/n/10 Keldysh-type sur-ro-
 []


LaTeX Warning: `h' float specifier changed to `ht'.

[3] [4]
Underfull \hbox (badness 10000) in paragraph at lines 227--227
[]|$\OMS/cmsy/m/n/10 ^^@\OT1/cmr/m/n/10 1\OML/cmm/m/it/10 :\OT1/cmr/m/n/10 7044
\OML/cmm/m/it/10 = \OT1/cmr/m/n/10 + 1\OML/cmm/m/it/10 :\OT1/cmr/m/n/10 7071 \O
MS/cmsy/m/n/10 ^^B
 []


Underfull \hbox (badness 2865) in paragraph at lines 230--231
[]|\OT1/cmr/m/n/10 46/328544 tiny neg-a-
 []

<../figures/she2d_moments.png, id=140, 939.51pt x 650.43pt>
File: ../figures/she2d_moments.png Graphic file (type png)
<use ../figures/she2d_moments.png>
Package pdftex.def Info: ../figures/she2d_moments.png  used on input line 236.
(pdftex.def)             Requested size: 452.9679pt x 313.59232pt.

LaTeX Warning: `h' float specifier changed to `ht'.


Package hyperref Warning: Token not allowed in a PDF string (Unicode):
(hyperref)                removing `math shift' on input line 242.


Package hyperref Warning: Token not allowed in a PDF string (Unicode):
(hyperref)                removing `\times' on input line 242.


Package hyperref Warning: Token not allowed in a PDF string (Unicode):
(hyperref)                removing `math shift' on input line 242.


Package hyperref Warning: Token not allowed in a PDF string (Unicode):
(hyperref)                removing `math shift' on input line 242.


Package hyperref Warning: Token not allowed in a PDF string (Unicode):
(hyperref)                removing `\times' on input line 242.


Package hyperref Warning: Token not allowed in a PDF string (Unicode):
(hyperref)                removing `math shift' on input line 242.


Package hyperref Warning: Token not allowed in a PDF string (Unicode):
(hyperref)                removing `math shift' on input line 263.


Package hyperref Warning: Token not allowed in a PDF string (Unicode):
(hyperref)                removing `\leftrightarrow' on input line 263.


Package hyperref Warning: Token not allowed in a PDF string (Unicode):
(hyperref)                removing `math shift' on input line 263.


Package hyperref Warning: Token not allowed in a PDF string (Unicode):
(hyperref)                removing `math shift' on input line 263.


Package hyperref Warning: Token not allowed in a PDF string (Unicode):
(hyperref)                removing `\leftrightarrow' on input line 263.


Package hyperref Warning: Token not allowed in a PDF string (Unicode):
(hyperref)                removing `math shift' on input line 263.

[5]
<../figures/she2d_coupled_convergence.png, id=151, 1084.05pt x 317.988pt>
File: ../figures/she2d_coupled_convergence.png Graphic file (type png)
<use ../figures/she2d_coupled_convergence.png>
Package pdftex.def Info: ../figures/she2d_coupled_convergence.png  used on inpu
t line 282.
(pdftex.def)             Requested size: 452.9679pt x 132.86989pt.


LaTeX Warning: `h' float specifier changed to `ht'.


Package hyperref Warning: Token not allowed in a PDF string (Unicode):
(hyperref)                removing `math shift' on input line 290.


Package hyperref Warning: Token not allowed in a PDF string (Unicode):
(hyperref)                removing `subscript' on input line 290.


Package hyperref Warning: Token not allowed in a PDF string (Unicode):
(hyperref)                removing `math shift' on input line 290.

[6 <../figures/she2d_moments.png>] [7 <../figures/she2d_coupled_convergence.png
>]
<../figures/she2d_converge_60x50.png, id=184, 794.97pt x 505.89pt>
File: ../figures/she2d_converge_60x50.png Graphic file (type png)
<use ../figures/she2d_converge_60x50.png>
Package pdftex.def Info: ../figures/she2d_converge_60x50.png  used on input lin
e 353.
(pdftex.def)             Requested size: 452.9679pt x 288.25993pt.
<../figures/she2d_liang_compare.png, id=188, 939.51pt x 650.43pt>
File: ../figures/she2d_liang_compare.png Graphic file (type png)
<use ../figures/she2d_liang_compare.png>
Package pdftex.def Info: ../figures/she2d_liang_compare.png  used on input line
 374.
(pdftex.def)             Requested size: 452.9679pt x 313.59232pt.


LaTeX Warning: `h' float specifier changed to `ht'.

<../figures/she2d_liang_fig7_overlay.png, id=189, 1011.78pt x 375.804pt>
File: ../figures/she2d_liang_fig7_overlay.png Graphic file (type png)
<use ../figures/she2d_liang_fig7_overlay.png>
Package pdftex.def Info: ../figures/she2d_liang_fig7_overlay.png  used on input
 line 380.
(pdftex.def)             Requested size: 389.55266pt x 144.69359pt.

LaTeX Warning: `h' float specifier changed to `ht'.

<../figures/she2d_liang_fig5_6.png, id=190, 939.51pt x 332.442pt>
File: ../figures/she2d_liang_fig5_6.png Graphic file (type png)
<use ../figures/she2d_liang_fig5_6.png>
Package pdftex.def Info: ../figures/she2d_liang_fig5_6.png  used on input line 
387.
(pdftex.def)             Requested size: 452.9679pt x 160.2805pt.

LaTeX Warning: `h' float specifier changed to `ht'.

<../figures/she2d_fig2_distribution.png, id=191, 1156.32pt x 375.804pt>
File: ../figures/she2d_fig2_distribution.png Graphic file (type png)
<use ../figures/she2d_fig2_distribution.png>
Package pdftex.def Info: ../figures/she2d_fig2_distribution.png  used on input 
line 394.
(pdftex.def)             Requested size: 371.43698pt x 120.71274pt.

LaTeX Warning: `h' float specifier changed to `ht'.

<../figures/she2d_iv_fig8.png, id=192, 867.24pt x 332.442pt>
File: ../figures/she2d_iv_fig8.png Graphic file (type png)
<use ../figures/she2d_iv_fig8.png>
Package pdftex.def Info: ../figures/she2d_iv_fig8.png  used on input line 400.
(pdftex.def)             Requested size: 452.9679pt x 173.6368pt.

LaTeX Warning: `h' float specifier changed to `ht'.

<../figures/she2d_iv_moment.png, id=193, 867.24pt x 332.442pt>
File: ../figures/she2d_iv_moment.png Graphic file (type png)
<use ../figures/she2d_iv_moment.png>
Package pdftex.def Info: ../figures/she2d_iv_moment.png  used on input line 406
.
(pdftex.def)             Requested size: 452.9679pt x 173.6368pt.

LaTeX Warning: `h' float specifier changed to `ht'.

[8 <../figures/she2d_converge_60x50.png>] [9 <../figures/she2d_liang_compare.pn
g> <../figures/she2d_liang_fig7_overlay.png>] [10 <../figures/she2d_liang_fig5_
6.png> <../figures/she2d_fig2_distribution.png> <../figures/she2d_iv_fig8.png>]
[11 <../figures/she2d_iv_moment.png>]
Underfull \hbox (badness 10000) in paragraph at lines 429--429
[]|\OT1/cmr/m/n/10 hot, non-
 []


Underfull \hbox (badness 10000) in paragraph at lines 443--443
[]|$\OT1/cmr/m/n/10 1\OML/cmm/m/it/10 :\OT1/cmr/m/n/10 02 \OMS/cmsy/m/n/10 ^^B 
\OT1/cmr/m/n/10 10[] [][]$ @
 []


Underfull \hbox (badness 10000) in paragraph at lines 444--444
[]|\OT1/cmr/m/n/10 Channel in-ver-sion
 []


Underfull \hbox (badness 10000) in paragraph at lines 458--458
[]|\OT1/cmr/m/n/10 velocity-saturated near
 []


Underfull \hbox (badness 10000) in paragraph at lines 469--469
[]|$\OMS/cmsy/m/n/10 ^^@\OT1/cmr/m/n/10 0\OML/cmm/m/it/10 :\OT1/cmr/m/n/10 35 \
OMS/cmsy/m/n/10 ! \OT1/cmr/m/n/10 +3\OML/cmm/m/it/10 :\OT1/cmr/m/n/10 59$ V
 []


LaTeX Warning: `h' float specifier changed to `ht'.


Underfull \hbox (badness 2961) in paragraph at lines 484--484
[]|$\OMS/cmsy/m/n/10 ^^T  \OT1/cmr/m/n/10 4 \OMS/cmsy/m/n/10 ^^B \OT1/cmr/m/n/1
0 10[] [][]$ (de-
 []


LaTeX Warning: `h' float specifier changed to `ht'.


Underfull \hbox (badness 2460) in paragraph at lines 497--498
[]|\OT1/cmr/m/n/10 same or-der, drain-
 []


Underfull \hbox (badness 10000) in paragraph at lines 498--499
[]|\OT1/cmr/m/n/10 unconverged in
 []


LaTeX Warning: `h' float specifier changed to `ht'.


Underfull \hbox (badness 10000) in paragraph at lines 511--511
[]|\OT1/cmr/m/n/10 BTE ve-loc-ity
 []


Underfull \hbox (badness 10000) in paragraph at lines 511--512
[]|\OT1/cmr/m/it/10 method re-pro-duced
 []


Underfull \hbox (badness 10000) in paragraph at lines 512--512
[]|\OT1/cmr/m/n/10 triode$\OMS/cmsy/m/n/10 !$\OT1/cmr/m/n/10 sat, $\OML/cmm/m/i
t/10 V[]$\OT1/cmr/m/n/10 -ordered
 []


Underfull \hbox (badness 1389) in paragraph at lines 514--514
[]|\OT1/cmr/m/n/10 0.51--0.54 (sub.), 0.60--0.96
 []


Underfull \hbox (badness 10000) in paragraph at lines 514--515
[]|\OT1/cmr/m/n/10 SHE be-low DD
 []


Underfull \hbox (badness 10000) in paragraph at lines 515--516
[]|\OT1/cmr/m/n/10 genuine ter-mi-nal
 []


LaTeX Warning: `h' float specifier changed to `ht'.

[12

]
Overfull \hbox (1.46451pt too wide) in paragraph at lines 553--558
[]\OT1/cmr/bx/n/10.95 Core SHE trans-port \OT1/cmr/m/n/10.95 shows a clean grid
-sensitivity hi-er-ar-chy over the tested 40$\OMS/cmsy/m/n/10.95 ^^B$\OT1/cmr/m
/n/10.95 34$\OMS/cmsy/m/n/10.95 !$\OT1/cmr/m/n/10.95 60$\OMS/cmsy/m/n/10.95 ^^B
$\OT1/cmr/m/n/10.95 50
 []

[13] [14]
Overfull \hbox (15.03954pt too wide) in paragraph at lines 635--640
 []\OT1/cmr/bx/n/10.95 Mesh & en-ergy grid.[] $\OML/cmm/m/it/10.95 x \OT1/cmr/m
/n/10.95 = [](0\OML/cmm/m/it/10.95 ; L[]; N[]\OT1/cmr/m/n/10.95 )$; surface-ref
ined $\OML/cmm/m/it/10.95 y \OT1/cmr/m/n/10.95 = \OML/cmm/m/it/10.95 L[] s[]$\O
T1/cmr/m/n/10.95 , $\OML/cmm/m/it/10.95 s \OT1/cmr/m/n/10.95 = [](0\OML/cmm/m/i
t/10.95 ; \OT1/cmr/m/n/10.95 1\OML/cmm/m/it/10.95 ; N[]\OT1/cmr/m/n/10.95 )$.
 []


Overfull \hbox (14.34132pt too wide) in paragraph at lines 641--646
\OT1/cmr/m/n/10.95 Robin ($\OML/cmm/m/it/10.95 "[]=t[]$\OT1/cmr/m/n/10.95 ); Ne
u-mann on free edges. SHE: con-tact Maxwellian $\OML/cmm/m/it/10.95 f[] \OT1/cm
r/m/n/10.95 = \OML/cmm/m/it/10.95 n[]e[]=  [] Ze[]dH$\OT1/cmr/m/n/10.95 ;
 []


Overfull \hbox (46.98297pt too wide) in paragraph at lines 654--659
\OML/cmm/m/it/10.95 p$\OT1/cmr/m/n/10.95 : $44\OML/cmm/m/it/10.95 :\OT1/cmr/m/n
/10.95 9\OML/cmm/m/it/10.95 =\OT1/cmr/m/n/10.95 470\OML/cmm/m/it/10.95 :\OT1/cm
r/m/n/10.95 5\OML/cmm/m/it/10.95 =\OT1/cmr/m/n/10.95 2\OML/cmm/m/it/10.95 :\OT1
/cmr/m/n/10.95 23[]10[]\OML/cmm/m/it/10.95 =\OT1/cmr/m/n/10.95 0\OML/cmm/m/it/1
0.95 :\OT1/cmr/m/n/10.95 719 [][]\OML/cmm/m/it/10.95 =[]$\OT1/cmr/m/n/10.95 ), 
field sat-u-ra-tion ($\OML/cmm/m/it/10.95 v[][]\OT1/cmr/m/n/10.95 1\OML/cmm/m/i
t/10.95 :\OT1/cmr/m/n/10.95 07[]10[]\OML/cmm/m/it/10.95 ; ^^L[][]\OT1/cmr/m/n/1
0.95 2$; $\OML/cmm/m/it/10.95 v[][]\OT1/cmr/m/n/10.95 8\OML/cmm/m/it/10.95 :\OT
1/cmr/m/n/10.95 37[]10[]\OML/cmm/m/it/10.95 ; ^^L[][]\OT1/cmr/m/n/10.95 1$),
 []

[15]
Overfull \hbox (77.09547pt too wide) in paragraph at lines 667--674
\OT1/cmr/m/n/10.95 cou-pled solve); \OT1/cmtt/m/n/10.95 python she2d[]liang[]ov
erlay.py \OT1/cmr/m/n/10.95 / \OT1/cmtt/m/n/10.95 she2d[]liang[]compare.py \OT1
/cmr/m/n/10.95 / \OT1/cmtt/m/n/10.95 she2d[]paper[]compare[]figs.py
 []


Overfull \hbox (49.87534pt too wide) in paragraph at lines 667--674
\OT1/cmr/m/n/10.95 (Fig. 7 over-lays, com-par-i-son plots); \OT1/cmtt/m/n/10.95
 python she2d[]iv.py \OT1/cmr/m/n/10.95 (DD-proxy Fig. 8); \OT1/cmtt/m/n/10.95 
python she2d[]iv[]moment.py
 []


Overfull \hbox (78.98009pt too wide) in paragraph at lines 667--674
\OT1/cmr/m/n/10.95 (SHE velocity-moment I-V, Fig. [][]9[][]); \OT1/cmtt/m/n/10.
95 python audit[]result.py \OT1/cmr/m/n/10.95 (re-gres-sion au-dit); \OT1/cmtt/
m/n/10.95 python coupled[]converge.py
 []


Overfull \hbox (3.6833pt too wide) in paragraph at lines 676--701
\OT1/cmr/m/n/10.95 miss-ing specs, junc-tion ge-om-e-try, $\OML/cmm/m/it/10.95 
N[]$ \OT1/cmr/m/n/10.95 con-ver-gence, the reducible-collision zero-field-$\OML
/cmm/m/it/10.95 T[]$ \OT1/cmr/m/n/10.95 bug (acous-
 []

[16] (report_v4.aux)
 ***********
LaTeX2e <2025-11-01>
L3 programming layer <2025-12-24>
 ***********
Package rerunfilecheck Info: File `report_v4.out' has not changed.
(rerunfilecheck)             Checksum: 19FC2FA7BD7CAD367AA24E6C76C8A113;3881.
 ) 
Here is how much of TeX's memory you used:
 16621 strings out of 467871
 325930 string characters out of 5418861
 740514 words of memory out of 5000000
 45257 multiletter control sequences out of 15000+600000
 646487 words of font info for 108 fonts, out of 8000000 for 9000
 1141 hyphenation exceptions out of 8191
 75i,15n,80p,1156b,1210s stack positions out of 10000i,1000n,20000p,200000b,200000s
 <C:\Users\User\AppData\Local\MiKTeX\fonts/pk/ljfour/jknappen/ec/dpi600\tcrm1
095.pk> <C:\Users\User\AppData\Local\MiKTeX\fonts/pk/ljfour/jknappen/ec/dpi600\
tcrm1000.pk> <C:\Users\User\AppData\Local\MiKTeX\fonts/pk/ljfour/jknappen/ec/dp
i600\tcbx1000.pk><C:/Users/User/AppData/Local/Programs/MiKTeX/fonts/type1/publi
c/amsfonts/cm/cmbx10.pfb><C:/Users/User/AppData/Local/Programs/MiKTeX/fonts/typ
e1/public/amsfonts/cm/cmbx12.pfb><C:/Users/User/AppData/Local/Programs/MiKTeX/f
onts/type1/public/amsfonts/cm/cmbx7.pfb><C:/Users/User/AppData/Local/Programs/M
iKTeX/fonts/type1/public/amsfonts/cm/cmbx8.pfb><C:/Users/User/AppData/Local/Pro
grams/MiKTeX/fonts/type1/public/amsfonts/cm/cmbxti10.pfb><C:/Users/User/AppData
/Local/Programs/MiKTeX/fonts/type1/public/amsfonts/cm/cmex10.pfb><C:/Users/User
/AppData/Local/Programs/MiKTeX/fonts/type1/public/amsfonts/cm/cmmi10.pfb><C:/Us
ers/User/AppData/Local/Programs/MiKTeX/fonts/type1/public/amsfonts/cm/cmmi12.pf
b><C:/Users/User/AppData/Local/Programs/MiKTeX/fonts/type1/public/amsfonts/cm/c
mmi6.pfb><C:/Users/User/AppData/Local/Programs/MiKTeX/fonts/type1/public/amsfon
ts/cm/cmmi7.pfb><C:/Users/User/AppData/Local/Programs/MiKTeX/fonts/type1/public
/amsfonts/cm/cmmi8.pfb><C:/Users/User/AppData/Local/Programs/MiKTeX/fonts/type1
/public/amsfonts/cm/cmr10.pfb><C:/Users/User/AppData/Local/Programs/MiKTeX/font
s/type1/public/amsfonts/cm/cmr12.pfb><C:/Users/User/AppData/Local/Programs/MiKT
eX/fonts/type1/public/amsfonts/cm/cmr6.pfb><C:/Users/User/AppData/Local/Program
s/MiKTeX/fonts/type1/public/amsfonts/cm/cmr7.pfb><C:/Users/User/AppData/Local/P
rograms/MiKTeX/fonts/type1/public/amsfonts/cm/cmr8.pfb><C:/Users/User/AppData/L
ocal/Programs/MiKTeX/fonts/type1/public/amsfonts/cm/cmsy10.pfb><C:/Users/User/A
ppData/Local/Programs/MiKTeX/fonts/type1/public/amsfonts/cm/cmsy7.pfb><C:/Users
/User/AppData/Local/Programs/MiKTeX/fonts/type1/public/amsfonts/cm/cmsy8.pfb><C
:/Users/User/AppData/Local/Programs/MiKTeX/fonts/type1/public/amsfonts/cm/cmti1
0.pfb><C:/Users/User/AppData/Local/Programs/MiKTeX/fonts/type1/public/amsfonts/
cm/cmti12.pfb><C:/Users/User/AppData/Local/Programs/MiKTeX/fonts/type1/public/a
msfonts/cm/cmtt10.pfb>
Output written on report_v4.pdf (16 pages, 2734577 bytes).
PDF statistics:
 440 PDF objects out of 1000 (max. 8388607)
 73 named destinations out of 1000 (max. 500000)
 174 words of extra memory for PDF output out of 10000 (max. 10000000)

