This is pdfTeX, Version 3.141592653-2.6-1.40.28 (MiKTeX 25.12) (preloaded format=pdflatex.fmt)
 restricted \write18 enabled.
entering extended mode
(report_v4.tex
LaTeX2e <2025-11-01>
L3 programming layer <2025-12-24>
(C:\Users\User\AppData\Local\Programs\MiKTeX\tex/latex/base\article.cls
Document Class: article 2025/01/22 v1.4n Standard LaTeX document class
(C:\Users\User\AppData\Local\Programs\MiKTeX\tex/latex/base\size11.clo))
(C:\Users\User\AppData\Local\Programs\MiKTeX\tex/latex/geometry\geometry.sty
(C:\Users\User\AppData\Local\Programs\MiKTeX\tex/latex/graphics\keyval.sty)
(C:\Users\User\AppData\Local\Programs\MiKTeX\tex/generic/iftex\ifvtex.sty
(C:\Users\User\AppData\Local\Programs\MiKTeX\tex/generic/iftex\iftex.sty))
(C:\Users\User\AppData\Local\Programs\MiKTeX\tex/latex/geometry\geometry.cfg))
(C:\Users\User\AppData\Local\Programs\MiKTeX\tex/latex/amsmath\amsmath.sty
For additional information on amsmath, use the `?' option.
(C:\Users\User\AppData\Local\Programs\MiKTeX\tex/latex/amsmath\amstext.sty
(C:\Users\User\AppData\Local\Programs\MiKTeX\tex/latex/amsmath\amsgen.sty))
(C:\Users\User\AppData\Local\Programs\MiKTeX\tex/latex/amsmath\amsbsy.sty)
(C:\Users\User\AppData\Local\Programs\MiKTeX\tex/latex/amsmath\amsopn.sty))
(C:\Users\User\AppData\Local\Programs\MiKTeX\tex/latex/amsfonts\amssymb.sty
(C:\Users\User\AppData\Local\Programs\MiKTeX\tex/latex/amsfonts\amsfonts.sty))
(C:\Users\User\AppData\Local\Programs\MiKTeX\tex/latex/graphics\graphicx.sty
(C:\Users\User\AppData\Local\Programs\MiKTeX\tex/latex/graphics\graphics.sty
(C:\Users\User\AppData\Local\Programs\MiKTeX\tex/latex/graphics\trig.sty)
(C:\Users\User\AppData\Local\Programs\MiKTeX\tex/latex/graphics-cfg\graphics.cf
g)
(C:\Users\User\AppData\Local\Programs\MiKTeX\tex/latex/graphics-def\pdftex.def)
)) (C:\Users\User\AppData\Local\Programs\MiKTeX\tex/latex/booktabs\booktabs.sty
) (C:\Users\User\AppData\Local\Programs\MiKTeX\tex/latex/siunitx\siunitx.sty
(C:\Users\User\AppData\Local\Programs\MiKTeX\tex/latex/translations\translation
s.sty
(C:\Users\User\AppData\Local\Programs\MiKTeX\tex/latex/etoolbox\etoolbox.sty)
(C:\Users\User\AppData\Local\Programs\MiKTeX\tex/generic/pdftexcmds\pdftexcmds.
sty
(C:\Users\User\AppData\Local\Programs\MiKTeX\tex/generic/infwarerr\infwarerr.st
y) (C:\Users\User\AppData\Local\Programs\MiKTeX\tex/generic/ltxcmds\ltxcmds.sty
))) (C:\Users\User\AppData\Local\Programs\MiKTeX\tex/latex/tools\array.sty))
(C:\Users\User\AppData\Local\Programs\MiKTeX\tex/latex/xcolor\xcolor.sty
(C:\Users\User\AppData\Local\Programs\MiKTeX\tex/latex/graphics-cfg\color.cfg)
(C:\Users\User\AppData\Local\Programs\MiKTeX\tex/latex/graphics\mathcolor.ltx))
 (C:\Users\User\AppData\Local\Programs\MiKTeX\tex/latex/enumitem\enumitem.sty)
(C:\Users\User\AppData\Local\Programs\MiKTeX\tex/latex/hyperref\hyperref.sty
(C:\Users\User\AppData\Local\Programs\MiKTeX\tex/latex/kvsetkeys\kvsetkeys.sty)

(C:\Users\User\AppData\Local\Programs\MiKTeX\tex/generic/kvdefinekeys\kvdefinek
eys.sty)
(C:\Users\User\AppData\Local\Programs\MiKTeX\tex/generic/pdfescape\pdfescape.st
y) (C:\Users\User\AppData\Local\Programs\MiKTeX\tex/latex/hycolor\hycolor.sty)
(C:\Users\User\AppData\Local\Programs\MiKTeX\tex/latex/hyperref\nameref.sty
(C:\Users\User\AppData\Local\Programs\MiKTeX\tex/latex/refcount\refcount.sty)
(C:\Users\User\AppData\Local\Programs\MiKTeX\tex/generic/gettitlestring\gettitl
estring.sty
(C:\Users\User\AppData\Local\Programs\MiKTeX\tex/latex/kvoptions\kvoptions.sty)
))
(C:\Users\User\AppData\Local\Programs\MiKTeX\tex/generic/stringenc\stringenc.st
y) (C:\Users\User\AppData\Local\Programs\MiKTeX\tex/latex/hyperref\pd1enc.def)
(C:\Users\User\AppData\Local\Programs\MiKTeX\tex/generic/intcalc\intcalc.sty)
(C:\Users\User\AppData\Local\Programs\MiKTeX\tex/latex/hyperref\puenc.def)
(C:\Users\User\AppData\Local\Programs\MiKTeX\tex/latex/url\url.sty)
(C:\Users\User\AppData\Local\Programs\MiKTeX\tex/generic/bitset\bitset.sty
(C:\Users\User\AppData\Local\Programs\MiKTeX\tex/generic/bigintcalc\bigintcalc.
sty)))
(C:\Users\User\AppData\Local\Programs\MiKTeX\tex/latex/hyperref\hpdftex.def
(C:\Users\User\AppData\Local\Programs\MiKTeX\tex/latex/rerunfilecheck\rerunfile
check.sty
(C:\Users\User\AppData\Local\Programs\MiKTeX\tex/generic/uniquecounter\uniqueco
unter.sty)))
(C:\Users\User\AppData\Local\Programs\MiKTeX\tex/latex/caption\caption.sty
(C:\Users\User\AppData\Local\Programs\MiKTeX\tex/latex/caption\caption3.sty))
(C:\Users\User\AppData\Local\Programs\MiKTeX\tex/latex/l3backend\l3backend-pdft
ex.def) (report_v4.aux)
*geometry* driver: auto-detecting
*geometry* detected driver: pdftex

(C:\Users\User\AppData\Local\Programs\MiKTeX\tex/context/base/mkii\supp-pdf.mki
i
[Loading MPS to PDF converter (version 2006.09.02).]
)
(C:\Users\User\AppData\Local\Programs\MiKTeX\tex/latex/epstopdf-pkg\epstopdf-ba
se.sty
(C:\Users\User\AppData\Local\Programs\MiKTeX\tex/latex/00miktex\epstopdf-sys.cf
g))
(C:\Users\User\AppData\Local\Programs\MiKTeX\tex/latex/translations/dicts\trans
lations-basic-dictionary-english.trsl) (report_v4.out) (report_v4.out)
(C:\Users\User\AppData\Local\Programs\MiKTeX\tex/latex/amsfonts\umsa.fd)
(C:\Users\User\AppData\Local\Programs\MiKTeX\tex/latex/amsfonts\umsb.fd)
Overfull \hbox (18.45213pt too wide) in paragraph at lines 33--33
 [][] 
(report_v4.toc [1{C:/Users/User/AppData/Local/MiKTeX/fonts/map/pdftex/pdftex.ma
p}]) [2]
Underfull \hbox (badness 10000) in paragraph at lines 135--135
[]|\OT1/cmr/bx/n/10 lumped sur-ro-

Underfull \hbox (badness 10000) in paragraph at lines 151--152
[]|\OT1/cmr/bx/n/10 present \OT1/cmr/m/n/10 (re-

Underfull \hbox (badness 1769) in paragraph at lines 152--153
[]|\OT1/cmr/bx/n/10 present \OT1/cmr/m/n/10 (sur-ro-

Underfull \hbox (badness 10000) in paragraph at lines 153--153
[]|\OT1/cmr/m/n/10 Ionized im-pu-rity (Brooks--

Underfull \hbox (badness 1769) in paragraph at lines 156--157
[]|\OT1/cmr/bx/n/10 present \OT1/cmr/m/n/10 (sur-ro-

Underfull \hbox (badness 1377) in paragraph at lines 157--157
[]|\OT1/cmr/m/n/10 in BTE (trap oc-cu-

LaTeX Warning: `h' float specifier changed to `ht'.


Underfull \hbox (badness 10000) in paragraph at lines 169--170
[]|\OT1/cmr/m/n/10 Independent com-par-i-son

Underfull \hbox (badness 10000) in paragraph at lines 171--171
[]|\OT1/cmr/m/n/10 extracted $\OML/cmm/m/it/10 I[]$\OT1/cmr/m/n/10 --$\OML/cmm/
m/it/10 V[]$

Underfull \hbox (badness 10000) in paragraph at lines 171--172
[]|\OT1/cmr/m/n/10 subthreshold swing

Underfull \hbox (badness 10000) in paragraph at lines 171--172
\OT1/cmr/m/n/10 ($\OMS/cmsy/m/n/10 ^^X$$\OT1/cmr/m/n/10 99$$[]\OML/cmm/m/it/10 
=[]$\OT1/cmr/m/n/10 ); over-lay

Underfull \hbox (badness 10000) in paragraph at lines 172--172
[]|$\OML/cmm/m/it/10 N[] \OT1/cmr/m/n/10 =

Underfull \hbox (badness 10000) in paragraph at lines 172--173
[]|\OT1/cmr/m/n/10 surface in-ver-sion den-sity

Underfull \hbox (badness 10000) in paragraph at lines 173--173
[]|\OT1/cmr/m/n/10 bulk mo-bil-ity /

Underfull \hbox (badness 10000) in paragraph at lines 175--175
[]|\OT1/cmr/m/n/10 Keldysh-type sur-ro-

LaTeX Warning: `h' float specifier changed to `ht'.

[3] [4]
Underfull \hbox (badness 10000) in paragraph at lines 227--227
[]|$\OMS/cmsy/m/n/10 ^^@\OT1/cmr/m/n/10 1\OML/cmm/m/it/10 :\OT1/cmr/m/n/10 7044
\OML/cmm/m/it/10 = \OT1/cmr/m/n/10 + 1\OML/cmm/m/it/10 :\OT1/cmr/m/n/10 7071 \O
MS/cmsy/m/n/10 ^^B

Underfull \hbox (badness 2865) in paragraph at lines 230--231
[]|\OT1/cmr/m/n/10 46/328544 tiny neg-a-

LaTeX Warning: `h' float specifier changed to `ht'.


Package hyperref Warning: Token not allowed in a PDF string (Unicode):
(hyperref)                removing `math shift' on input line 242.


Package hyperref Warning: Token not allowed in a PDF string (Unicode):
(hyperref)                removing `\times' on input line 242.


Package hyperref Warning: Token not allowed in a PDF string (Unicode):
(hyperref)                removing `math shift' on input line 242.


Package hyperref Warning: Token not allowed in a PDF string (Unicode):
(hyperref)                removing `math shift' on input line 242.


Package hyperref Warning: Token not allowed in a PDF string (Unicode):
(hyperref)                removing `\times' on input line 242.


Package hyperref Warning: Token not allowed in a PDF string (Unicode):
(hyperref)                removing `math shift' on input line 242.


Package hyperref Warning: Token not allowed in a PDF string (Unicode):
(hyperref)                removing `math shift' on input line 263.


Package hyperref Warning: Token not allowed in a PDF string (Unicode):
(hyperref)                removing `\leftrightarrow' on input line 263.


Package hyperref Warning: Token not allowed in a PDF string (Unicode):
(hyperref)                removing `math shift' on input line 263.


Package hyperref Warning: Token not allowed in a PDF string (Unicode):
(hyperref)                removing `math shift' on input line 263.


Package hyperref Warning: Token not allowed in a PDF string (Unicode):
(hyperref)                removing `\leftrightarrow' on input line 263.


Package hyperref Warning: Token not allowed in a PDF string (Unicode):
(hyperref)                removing `math shift' on input line 263.

[5]

LaTeX Warning: `h' float specifier changed to `ht'.


Package hyperref Warning: Token not allowed in a PDF string (Unicode):
(hyperref)                removing `math shift' on input line 290.


Package hyperref Warning: Token not allowed in a PDF string (Unicode):
(hyperref)                removing `subscript' on input line 290.


Package hyperref Warning: Token not allowed in a PDF string (Unicode):
(hyperref)                removing `math shift' on input line 290.

[6 <../figures/she2d_moments.png>] [7 <../figures/she2d_coupled_convergence.png
>]

LaTeX Warning: `h' float specifier changed to `ht'.


LaTeX Warning: `h' float specifier changed to `ht'.


LaTeX Warning: `h' float specifier changed to `ht'.


LaTeX Warning: `h' float specifier changed to `ht'.


LaTeX Warning: `h' float specifier changed to `ht'.


LaTeX Warning: `h' float specifier changed to `ht'.

[8 <../figures/she2d_converge_60x50.png>] [9 <../figures/she2d_liang_compare.pn
g> <../figures/she2d_liang_fig7_overlay.png>] [10 <../figures/she2d_liang_fig5_
6.png> <../figures/she2d_fig2_distribution.png> <../figures/she2d_iv_fig8.png>]
[11 <../figures/she2d_iv_moment.png>]
Underfull \hbox (badness 10000) in paragraph at lines 429--429
[]|\OT1/cmr/m/n/10 hot, non-

Underfull \hbox (badness 10000) in paragraph at lines 443--443
[]|$\OT1/cmr/m/n/10 1\OML/cmm/m/it/10 :\OT1/cmr/m/n/10 02 \OMS/cmsy/m/n/10 ^^B 
\OT1/cmr/m/n/10 10[] [][]$ @

Underfull \hbox (badness 10000) in paragraph at lines 444--444
[]|\OT1/cmr/m/n/10 Channel in-ver-sion

Underfull \hbox (badness 10000) in paragraph at lines 458--458
[]|\OT1/cmr/m/n/10 velocity-saturated near

Underfull \hbox (badness 10000) in paragraph at lines 469--469
[]|$\OMS/cmsy/m/n/10 ^^@\OT1/cmr/m/n/10 0\OML/cmm/m/it/10 :\OT1/cmr/m/n/10 35 \
OMS/cmsy/m/n/10 ! \OT1/cmr/m/n/10 +3\OML/cmm/m/it/10 :\OT1/cmr/m/n/10 59$ V

LaTeX Warning: `h' float specifier changed to `ht'.


Underfull \hbox (badness 2961) in paragraph at lines 484--484
[]|$\OMS/cmsy/m/n/10 ^^T  \OT1/cmr/m/n/10 4 \OMS/cmsy/m/n/10 ^^B \OT1/cmr/m/n/1
0 10[] [][]$ (de-

LaTeX Warning: `h' float specifier changed to `ht'.


Underfull \hbox (badness 2460) in paragraph at lines 497--498
[]|\OT1/cmr/m/n/10 same or-der, drain-

Underfull \hbox (badness 10000) in paragraph at lines 498--499
[]|\OT1/cmr/m/n/10 unconverged in

LaTeX Warning: `h' float specifier changed to `ht'.


Underfull \hbox (badness 10000) in paragraph at lines 511--511
[]|\OT1/cmr/m/n/10 BTE ve-loc-ity

Underfull \hbox (badness 10000) in paragraph at lines 511--512
[]|\OT1/cmr/m/it/10 method re-pro-duced

Underfull \hbox (badness 10000) in paragraph at lines 512--512
[]|\OT1/cmr/m/n/10 triode$\OMS/cmsy/m/n/10 !$\OT1/cmr/m/n/10 sat, $\OML/cmm/m/i
t/10 V[]$\OT1/cmr/m/n/10 -ordered

Underfull \hbox (badness 1389) in paragraph at lines 514--514
[]|\OT1/cmr/m/n/10 0.51--0.54 (sub.), 0.60--0.96

Underfull \hbox (badness 10000) in paragraph at lines 514--515
[]|\OT1/cmr/m/n/10 SHE be-low DD

Underfull \hbox (badness 10000) in paragraph at lines 515--516
[]|\OT1/cmr/m/n/10 genuine ter-mi-nal

LaTeX Warning: `h' float specifier changed to `ht'.

[12]
Overfull \hbox (1.46451pt too wide) in paragraph at lines 553--558
[]\OT1/cmr/bx/n/10.95 Core SHE trans-port \OT1/cmr/m/n/10.95 shows a clean grid
-sensitivity hi-er-ar-chy over the tested 40$\OMS/cmsy/m/n/10.95 ^^B$\OT1/cmr/m
/n/10.95 34$\OMS/cmsy/m/n/10.95 !$\OT1/cmr/m/n/10.95 60$\OMS/cmsy/m/n/10.95 ^^B
$\OT1/cmr/m/n/10.95 50
[13] [14]
Overfull \hbox (15.03954pt too wide) in paragraph at lines 635--640
 []\OT1/cmr/bx/n/10.95 Mesh & en-ergy grid.[] $\OML/cmm/m/it/10.95 x \OT1/cmr/m
/n/10.95 = [](0\OML/cmm/m/it/10.95 ; L[]; N[]\OT1/cmr/m/n/10.95 )$; surface-ref
ined $\OML/cmm/m/it/10.95 y \OT1/cmr/m/n/10.95 = \OML/cmm/m/it/10.95 L[] s[]$\O
T1/cmr/m/n/10.95 , $\OML/cmm/m/it/10.95 s \OT1/cmr/m/n/10.95 = [](0\OML/cmm/m/i
t/10.95 ; \OT1/cmr/m/n/10.95 1\OML/cmm/m/it/10.95 ; N[]\OT1/cmr/m/n/10.95 )$.

Overfull \hbox (14.34132pt too wide) in paragraph at lines 641--646
\OT1/cmr/m/n/10.95 Robin ($\OML/cmm/m/it/10.95 "[]=t[]$\OT1/cmr/m/n/10.95 ); Ne
u-mann on free edges. SHE: con-tact Maxwellian $\OML/cmm/m/it/10.95 f[] \OT1/cm
r/m/n/10.95 = \OML/cmm/m/it/10.95 n[]e[]=  [] Ze[]dH$\OT1/cmr/m/n/10.95 ;

Overfull \hbox (46.98297pt too wide) in paragraph at lines 654--659
\OML/cmm/m/it/10.95 p$\OT1/cmr/m/n/10.95 : $44\OML/cmm/m/it/10.95 :\OT1/cmr/m/n
/10.95 9\OML/cmm/m/it/10.95 =\OT1/cmr/m/n/10.95 470\OML/cmm/m/it/10.95 :\OT1/cm
r/m/n/10.95 5\OML/cmm/m/it/10.95 =\OT1/cmr/m/n/10.95 2\OML/cmm/m/it/10.95 :\OT1
/cmr/m/n/10.95 23[]10[]\OML/cmm/m/it/10.95 =\OT1/cmr/m/n/10.95 0\OML/cmm/m/it/1
0.95 :\OT1/cmr/m/n/10.95 719 [][]\OML/cmm/m/it/10.95 =[]$\OT1/cmr/m/n/10.95 ), 
field sat-u-ra-tion ($\OML/cmm/m/it/10.95 v[][]\OT1/cmr/m/n/10.95 1\OML/cmm/m/i
t/10.95 :\OT1/cmr/m/n/10.95 07[]10[]\OML/cmm/m/it/10.95 ; ^^L[][]\OT1/cmr/m/n/1
0.95 2$; $\OML/cmm/m/it/10.95 v[][]\OT1/cmr/m/n/10.95 8\OML/cmm/m/it/10.95 :\OT
1/cmr/m/n/10.95 37[]10[]\OML/cmm/m/it/10.95 ; ^^L[][]\OT1/cmr/m/n/10.95 1$),
[15]
Overfull \hbox (77.09547pt too wide) in paragraph at lines 667--674
\OT1/cmr/m/n/10.95 cou-pled solve); \OT1/cmtt/m/n/10.95 python she2d[]liang[]ov
erlay.py \OT1/cmr/m/n/10.95 / \OT1/cmtt/m/n/10.95 she2d[]liang[]compare.py \OT1
/cmr/m/n/10.95 / \OT1/cmtt/m/n/10.95 she2d[]paper[]compare[]figs.py

Overfull \hbox (49.87534pt too wide) in paragraph at lines 667--674
\OT1/cmr/m/n/10.95 (Fig. 7 over-lays, com-par-i-son plots); \OT1/cmtt/m/n/10.95
 python she2d[]iv.py \OT1/cmr/m/n/10.95 (DD-proxy Fig. 8); \OT1/cmtt/m/n/10.95 
python she2d[]iv[]moment.py

Overfull \hbox (78.98009pt too wide) in paragraph at lines 667--674
\OT1/cmr/m/n/10.95 (SHE velocity-moment I-V, Fig. [][]9[][]); \OT1/cmtt/m/n/10.
95 python audit[]result.py \OT1/cmr/m/n/10.95 (re-gres-sion au-dit); \OT1/cmtt/
m/n/10.95 python coupled[]converge.py

Overfull \hbox (3.6833pt too wide) in paragraph at lines 676--701
\OT1/cmr/m/n/10.95 miss-ing specs, junc-tion ge-om-e-try, $\OML/cmm/m/it/10.95 
N[]$ \OT1/cmr/m/n/10.95 con-ver-gence, the reducible-collision zero-field-$\OML
/cmm/m/it/10.95 T[]$ \OT1/cmr/m/n/10.95 bug (acous-
[16] (report_v4.aux) )
(see the transcript file for additional information) <C:\Users\User\AppData\Loc
al\MiKTeX\fonts/pk/ljfour/jknappen/ec/dpi600\tcrm1095.pk> <C:\Users\User\AppDat
a\Local\MiKTeX\fonts/pk/ljfour/jknappen/ec/dpi600\tcrm1000.pk> <C:\Users\User\A
ppData\Local\MiKTeX\fonts/pk/ljfour/jknappen/ec/dpi600\tcbx1000.pk><C:/Users/Us
er/AppData/Local/Programs/MiKTeX/fonts/type1/public/amsfonts/cm/cmbx10.pfb><C:/
Users/User/AppData/Local/Programs/MiKTeX/fonts/type1/public/amsfonts/cm/cmbx12.
pfb><C:/Users/User/AppData/Local/Programs/MiKTeX/fonts/type1/public/amsfonts/cm
/cmbx7.pfb><C:/Users/User/AppData/Local/Programs/MiKTeX/fonts/type1/public/amsf
onts/cm/cmbx8.pfb><C:/Users/User/AppData/Local/Programs/MiKTeX/fonts/type1/publ
ic/amsfonts/cm/cmbxti10.pfb><C:/Users/User/AppData/Local/Programs/MiKTeX/fonts/
type1/public/amsfonts/cm/cmex10.pfb><C:/Users/User/AppData/Local/Programs/MiKTe
X/fonts/type1/public/amsfonts/cm/cmmi10.pfb><C:/Users/User/AppData/Local/Progra
ms/MiKTeX/fonts/type1/public/amsfonts/cm/cmmi12.pfb><C:/Users/User/AppData/Loca
l/Programs/MiKTeX/fonts/type1/public/amsfonts/cm/cmmi6.pfb><C:/Users/User/AppDa
ta/Local/Programs/MiKTeX/fonts/type1/public/amsfonts/cm/cmmi7.pfb><C:/Users/Use
r/AppData/Local/Programs/MiKTeX/fonts/type1/public/amsfonts/cm/cmmi8.pfb><C:/Us
ers/User/AppData/Local/Programs/MiKTeX/fonts/type1/public/amsfonts/cm/cmr10.pfb
><C:/Users/User/AppData/Local/Programs/MiKTeX/fonts/type1/public/amsfonts/cm/cm
r12.pfb><C:/Users/User/AppData/Local/Programs/MiKTeX/fonts/type1/public/amsfont
s/cm/cmr6.pfb><C:/Users/User/AppData/Local/Programs/MiKTeX/fonts/type1/public/a
msfonts/cm/cmr7.pfb><C:/Users/User/AppData/Local/Programs/MiKTeX/fonts/type1/pu
blic/amsfonts/cm/cmr8.pfb><C:/Users/User/AppData/Local/Programs/MiKTeX/fonts/ty
pe1/public/amsfonts/cm/cmsy10.pfb><C:/Users/User/AppData/Local/Programs/MiKTeX/
fonts/type1/public/amsfonts/cm/cmsy7.pfb><C:/Users/User/AppData/Local/Programs/
MiKTeX/fonts/type1/public/amsfonts/cm/cmsy8.pfb><C:/Users/User/AppData/Local/Pr
ograms/MiKTeX/fonts/type1/public/amsfonts/cm/cmti10.pfb><C:/Users/User/AppData/
Local/Programs/MiKTeX/fonts/type1/public/amsfonts/cm/cmti12.pfb><C:/Users/User/
AppData/Local/Programs/MiKTeX/fonts/type1/public/amsfonts/cm/cmtt10.pfb>
Output written on report_v4.pdf (16 pages, 2734577 bytes).
Transcript written on report_v4.log.
pdflatex: major issue: So far, you have not checked for MiKTeX updates.
