outer  0  dphi=4.895e-02 V  NH=565  nmax=1.681e+20  pmax=1.818e+17  Temax=3483 K  Gmax=2.115e+27  Id=5.374e-04 A/um  bal=-1.80e-04  (65.9s)
outer  1  dphi=4.160e-02 V  NH=565  nmax=1.210e+20  pmax=9.040e+16  Temax=3534 K  Gmax=1.756e+27  Id=3.860e-04 A/um  bal=-2.96e-05  (67.9s)
outer  2  dphi=3.587e-02 V  NH=565  nmax=1.056e+20  pmax=4.138e+16  Temax=3598 K  Gmax=1.392e+27  Id=2.524e-04 A/um  bal=1.83e-04  (65.4s)
outer  3  dphi=3.108e-02 V  NH=565  nmax=1.010e+20  pmax=4.567e+16  Temax=3604 K  Gmax=1.398e+27  Id=2.481e-04 A/um  bal=-1.78e-04  (65.3s)
outer  4  dphi=2.788e-02 V  NH=565  nmax=1.010e+20  pmax=4.716e+16  Temax=3597 K  Gmax=1.403e+27  Id=2.505e-04 A/um  bal=1.58e-04  (68.2s)
outer  5  dphi=2.269e-02 V  NH=565  nmax=1.078e+20  pmax=4.607e+16  Temax=3575 K  Gmax=1.400e+27  Id=2.642e-04 A/um  bal=1.13e-04  (63.6s)
outer  6  dphi=1.340e-02 V  NH=565  nmax=1.118e+20  pmax=3.653e+16  Temax=3506 K  Gmax=1.242e+27  Id=2.753e-04 A/um  bal=-9.11e-04  (70.9s)
outer  7  dphi=9.810e-03 V  NH=565  nmax=1.092e+20  pmax=3.080e+16  Temax=3452 K  Gmax=1.088e+27  Id=2.878e-04 A/um  bal=-1.02e-03  (66.2s)
outer  8  dphi=8.843e-03 V  NH=565  nmax=1.026e+20  pmax=2.773e+16  Temax=3407 K  Gmax=9.535e+26  Id=2.931e-04 A/um  bal=-3.79e-04  (64.2s)
outer  9  dphi=7.264e-03 V  NH=565  nmax=1.067e+20  pmax=2.338e+16  Temax=3345 K  Gmax=7.666e+26  Id=2.993e-04 A/um  bal=-2.90e-04  (64.6s)
outer 10  dphi=6.173e-03 V  NH=565  nmax=1.064e+20  pmax=1.953e+16  Temax=3280 K  Gmax=5.773e+26  Id=2.982e-04 A/um  bal=-2.00e-04  (64.1s)
outer 11  dphi=4.442e-03 V  NH=565  nmax=1.023e+20  pmax=1.708e+16  Temax=3234 K  Gmax=4.798e+26  Id=3.015e-04 A/um  bal=-9.33e-05  (65.8s)
outer 12  dphi=4.156e-03 V  NH=565  nmax=1.053e+20  pmax=1.495e+16  Temax=3192 K  Gmax=4.089e+26  Id=2.995e-04 A/um  bal=6.91e-05  (64.8s)
outer 13  dphi=3.143e-03 V  NH=565  nmax=1.056e+20  pmax=1.295e+16  Temax=3146 K  Gmax=3.346e+26  Id=2.995e-04 A/um  bal=1.20e-04  (65.7s)
outer 14  dphi=2.923e-03 V  NH=565  nmax=1.069e+20  pmax=1.173e+16  Temax=3126 K  Gmax=3.030e+26  Id=2.981e-04 A/um  bal=1.85e-04  (65.8s)
outer 15  dphi=2.925e-03 V  NH=565  nmax=1.010e+20  pmax=1.083e+16  Temax=3114 K  Gmax=2.778e+26  Id=2.954e-04 A/um  bal=2.13e-04  (65.7s)
outer 16  dphi=3.028e-03 V  NH=565  nmax=1.063e+20  pmax=1.044e+16  Temax=3113 K  Gmax=2.708e+26  Id=2.931e-04 A/um  bal=2.47e-04  (65.7s)
outer 17  dphi=2.958e-03 V  NH=565  nmax=1.031e+20  pmax=1.018e+16  Temax=3104 K  Gmax=2.602e+26  Id=2.924e-04 A/um  bal=2.51e-04  (66.0s)
outer 18  dphi=2.968e-03 V  NH=565  nmax=1.018e+20  pmax=1.009e+16  Temax=3100 K  Gmax=2.606e+26  Id=2.918e-04 A/um  bal=2.38e-04  (66.3s)
outer 19  dphi=3.018e-03 V  NH=565  nmax=1.076e+20  pmax=1.013e+16  Temax=3106 K  Gmax=2.608e+26  Id=2.918e-04 A/um  bal=2.37e-04  (67.8s)
outer 20  dphi=2.964e-03 V  NH=565  nmax=1.061e+20  pmax=1.000e+16  Temax=3091 K  Gmax=2.522e+26  Id=2.920e-04 A/um  bal=2.11e-04  (67.2s)
outer 21  dphi=2.951e-03 V  NH=565  nmax=1.010e+20  pmax=1.000e+16  Temax=3096 K  Gmax=2.510e+26  Id=2.914e-04 A/um  bal=2.50e-04  (66.4s)
outer 22  dphi=2.932e-03 V  NH=565  nmax=1.011e+20  pmax=1.000e+16  Temax=3096 K  Gmax=2.509e+26  Id=2.914e-04 A/um  bal=2.54e-04  (65.9s)
outer 23  dphi=2.977e-03 V  NH=565  nmax=1.046e+20  pmax=1.000e+16  Temax=3095 K  Gmax=2.512e+26  Id=2.915e-04 A/um  bal=2.02e-04  (66.1s)
outer 24  dphi=2.960e-03 V  NH=565  nmax=1.010e+20  pmax=1.000e+16  Temax=3092 K  Gmax=2.517e+26  Id=2.917e-04 A/um  bal=2.20e-04  (66.9s)
outer 25  dphi=2.828e-03 V  NH=565  nmax=1.018e+20  pmax=1.000e+16  Temax=3098 K  Gmax=2.501e+26  Id=2.912e-04 A/um  bal=1.45e-04  (65.6s)
outer 26  dphi=2.747e-03 V  NH=565  nmax=1.010e+20  pmax=1.000e+16  Temax=3100 K  Gmax=2.498e+26  Id=2.910e-04 A/um  bal=1.89e-04  (66.3s)
outer 27  dphi=2.712e-03 V  NH=565  nmax=1.035e+20  pmax=1.000e+16  Temax=3095 K  Gmax=2.458e+26  Id=2.899e-04 A/um  bal=1.46e-04  (67.3s)
outer 28  dphi=2.829e-03 V  NH=565  nmax=1.010e+20  pmax=1.000e+16  Temax=3096 K  Gmax=2.439e+26  Id=2.893e-04 A/um  bal=1.68e-04  (67.7s)
outer 29  dphi=2.586e-03 V  NH=565  nmax=1.060e+20  pmax=1.000e+16  Temax=3099 K  Gmax=2.424e+26  Id=2.887e-04 A/um  bal=1.38e-04  (65.5s)
outer 30  dphi=2.712e-03 V  NH=565  nmax=1.053e+20  pmax=1.000e+16  Temax=3099 K  Gmax=2.435e+26  Id=2.890e-04 A/um  bal=1.62e-04  (62.5s)
outer 31  dphi=2.798e-03 V  NH=565  nmax=1.053e+20  pmax=1.000e+16  Temax=3098 K  Gmax=2.440e+26  Id=2.891e-04 A/um  bal=1.45e-04  (65.4s)
outer 32  dphi=2.776e-03 V  NH=565  nmax=1.050e+20  pmax=1.000e+16  Temax=3100 K  Gmax=2.442e+26  Id=2.891e-04 A/um  bal=1.34e-04  (67.7s)
outer 33  dphi=2.673e-03 V  NH=565  nmax=1.077e+20  pmax=1.000e+16  Temax=3097 K  Gmax=2.448e+26  Id=2.893e-04 A/um  bal=1.81e-04  (65.6s)
outer 34  dphi=2.808e-03 V  NH=565  nmax=1.040e+20  pmax=1.000e+16  Temax=3098 K  Gmax=2.468e+26  Id=2.901e-04 A/um  bal=1.24e-04  (65.7s)
outer 35  dphi=2.741e-03 V  NH=565  nmax=1.058e+20  pmax=1.000e+16  Temax=3097 K  Gmax=2.440e+26  Id=2.891e-04 A/um  bal=1.49e-04  (65.3s)
outer 36  dphi=2.682e-03 V  NH=565  nmax=1.010e+20  pmax=1.000e+16  Temax=3098 K  Gmax=2.430e+26  Id=2.887e-04 A/um  bal=1.52e-04  (66.1s)
outer 37  dphi=2.707e-03 V  NH=565  nmax=1.010e+20  pmax=1.000e+16  Temax=3098 K  Gmax=2.430e+26  Id=2.888e-04 A/um  bal=1.56e-04  (65.4s)
outer 38  dphi=2.715e-03 V  NH=565  nmax=1.010e+20  pmax=1.000e+16  Temax=3097 K  Gmax=2.443e+26  Id=2.889e-04 A/um  bal=1.64e-04  (65.9s)
outer 39  dphi=2.768e-03 V  NH=565  nmax=1.010e+20  pmax=1.000e+16  Temax=3097 K  Gmax=2.453e+26  Id=2.889e-04 A/um  bal=1.88e-04  (66.2s)
outer 40  dphi=2.609e-03 V  NH=565  nmax=1.010e+20  pmax=1.000e+16  Temax=3098 K  Gmax=2.431e+26  Id=2.890e-04 A/um  bal=1.46e-04  (65.5s)
outer 41  dphi=2.517e-03 V  NH=565  nmax=1.010e+20  pmax=1.000e+16  Temax=3098 K  Gmax=2.399e+26  Id=2.905e-04 A/um  bal=6.88e-05  (65.0s)
outer 42  dphi=2.505e-03 V  NH=565  nmax=1.023e+20  pmax=1.000e+16  Temax=3097 K  Gmax=2.361e+26  Id=2.919e-04 A/um  bal=9.21e-05  (65.1s)
outer 43  dphi=2.439e-03 V  NH=565  nmax=1.059e+20  pmax=1.000e+16  Temax=3098 K  Gmax=2.296e+26  Id=2.936e-04 A/um  bal=8.08e-06  (64.5s)
outer 44  dphi=1.937e-03 V  NH=565  nmax=1.010e+20  pmax=1.000e+16  Temax=3098 K  Gmax=2.291e+26  Id=2.951e-04 A/um  bal=4.63e-06  (65.6s)
outer 45  dphi=2.055e-03 V  NH=565  nmax=1.054e+20  pmax=1.000e+16  Temax=3095 K  Gmax=2.237e+26  Id=2.985e-04 A/um  bal=4.64e-05  (67.1s)
outer 46  dphi=1.961e-03 V  NH=565  nmax=1.010e+20  pmax=1.000e+16  Temax=3091 K  Gmax=2.239e+26  Id=2.991e-04 A/um  bal=3.07e-05  (64.9s)
outer 47  dphi=1.694e-03 V  NH=565  nmax=1.042e+20  pmax=1.000e+16  Temax=3089 K  Gmax=2.243e+26  Id=3.000e-04 A/um  bal=7.95e-05  (66.0s)
outer 48  dphi=1.348e-03 V  NH=565  nmax=1.033e+20  pmax=1.000e+16  Temax=3090 K  Gmax=2.242e+26  Id=3.010e-04 A/um  bal=-7.98e-05  (67.9s)
outer 49  dphi=1.175e-03 V  NH=565  nmax=1.053e+20  pmax=1.000e+16  Temax=3092 K  Gmax=2.260e+26  Id=3.013e-04 A/um  bal=1.24e-04  (62.5s)
outer 50  dphi=8.111e-04 V  NH=565  nmax=1.028e+20  pmax=1.000e+16  Temax=3092 K  Gmax=2.270e+26  Id=3.012e-04 A/um  bal=1.40e-04  (62.6s)
outer 51  dphi=8.922e-04 V  NH=565  nmax=1.043e+20  pmax=1.000e+16  Temax=3094 K  Gmax=2.274e+26  Id=3.013e-04 A/um  bal=1.18e-04  (62.1s)
outer 52  dphi=7.030e-04 V  NH=565  nmax=1.010e+20  pmax=1.000e+16  Temax=3096 K  Gmax=2.276e+26  Id=3.011e-04 A/um  bal=1.37e-04  (62.7s)
outer 53  dphi=8.025e-04 V  NH=565  nmax=1.033e+20  pmax=1.000e+16  Temax=3097 K  Gmax=2.283e+26  Id=3.011e-04 A/um  bal=1.62e-04  (62.5s)
outer 54  dphi=6.559e-04 V  NH=565  nmax=1.020e+20  pmax=1.000e+16  Temax=3091 K  Gmax=2.284e+26  Id=3.009e-04 A/um  bal=1.48e-04  (63.4s)
outer 55  dphi=8.349e-04 V  NH=565  nmax=1.040e+20  pmax=1.000e+16  Temax=3092 K  Gmax=2.287e+26  Id=3.007e-04 A/um  bal=1.23e-04  (62.5s)
outer 56  dphi=6.765e-04 V  NH=565  nmax=1.022e+20  pmax=1.000e+16  Temax=3092 K  Gmax=2.286e+26  Id=3.005e-04 A/um  bal=1.36e-04  (63.0s)
outer 57  dphi=6.591e-04 V  NH=565  nmax=1.010e+20  pmax=1.000e+16  Temax=3092 K  Gmax=2.286e+26  Id=3.005e-04 A/um  bal=1.44e-04  (62.5s)
outer 58  dphi=6.688e-04 V  NH=565  nmax=1.036e+20  pmax=1.000e+16  Temax=3092 K  Gmax=2.287e+26  Id=3.004e-04 A/um  bal=1.36e-04  (62.3s)
outer 59  dphi=6.648e-04 V  NH=565  nmax=1.030e+20  pmax=1.000e+16  Temax=3092 K  Gmax=2.288e+26  Id=3.005e-04 A/um  bal=1.37e-04  (64.9s)
outer 60  dphi=6.574e-04 V  NH=565  nmax=1.030e+20  pmax=1.000e+16  Temax=3093 K  Gmax=2.289e+26  Id=3.004e-04 A/um  bal=1.45e-04  (64.8s)
outer 61  dphi=7.445e-04 V  NH=565  nmax=1.035e+20  pmax=1.000e+16  Temax=3093 K  Gmax=2.291e+26  Id=3.002e-04 A/um  bal=1.05e-04  (63.7s)
outer 62  dphi=9.877e-04 V  NH=565  nmax=1.015e+20  pmax=1.000e+16  Temax=3093 K  Gmax=2.291e+26  Id=3.001e-04 A/um  bal=1.38e-04  (65.3s)
outer 63  dphi=5.737e-04 V  NH=565  nmax=1.029e+20  pmax=1.000e+16  Temax=3093 K  Gmax=2.290e+26  Id=3.002e-04 A/um  bal=1.22e-04  (66.1s)
outer 64  dphi=7.786e-04 V  NH=565  nmax=1.017e+20  pmax=1.000e+16  Temax=3093 K  Gmax=2.288e+26  Id=3.002e-04 A/um  bal=1.55e-04  (64.7s)
outer 65  dphi=1.049e-03 V  NH=565  nmax=1.010e+20  pmax=1.000e+16  Temax=3092 K  Gmax=2.286e+26  Id=3.002e-04 A/um  bal=1.64e-04  (64.0s)
outer 66  dphi=1.265e-03 V  NH=565  nmax=1.022e+20  pmax=1.000e+16  Temax=3092 K  Gmax=2.284e+26  Id=3.003e-04 A/um  bal=1.64e-04  (64.1s)
outer 67  dphi=1.434e-03 V  NH=565  nmax=1.010e+20  pmax=1.000e+16  Temax=3091 K  Gmax=2.281e+26  Id=3.002e-04 A/um  bal=1.57e-04  (63.7s)
outer 68  dphi=1.410e-03 V  NH=565  nmax=1.010e+20  pmax=1.000e+16  Temax=3090 K  Gmax=2.279e+26  Id=3.001e-04 A/um  bal=1.59e-04  (63.8s)
outer 69  dphi=1.261e-03 V  NH=565  nmax=1.010e+20  pmax=1.000e+16  Temax=3091 K  Gmax=2.284e+26  Id=3.003e-04 A/um  bal=1.65e-04  (63.7s)

=== Anderson AA(6) beta=0.50  60x50 (Phi_gate=-0.74) ===
reached tol 1e-4?  False   final raw residual = 1.261e-03 V  in 70 iters
residual: first=4.895e-02 -> last=1.261e-03
Gii_max : first=2.115e+27 -> last=2.284e+26
Gii last-4 relative spread = 2.07e-03  (PLATEAU if small; Picard 50-iter stayed ~4e-2, still falling)
Te_max=3091 K  Id=3.003e-04 A/um  n_max=1.010e+20
saved data/she2d_coupled_anderson_60x50.npz
