outer  0  dphi=5.042e-02 V  NH=565  nmax=2.033e+20  pmax=9.656e+16  Temax=3549 K  Gmax=1.281e+27  Id=5.554e-04 A/um  bal=1.66e-04  (159.2s)
outer  1  dphi=4.170e-02 V  NH=565  nmax=1.499e+20  pmax=5.354e+16  Temax=3597 K  Gmax=1.078e+27  Id=4.068e-04 A/um  bal=5.40e-04  (150.5s)
outer  2  dphi=3.687e-02 V  NH=565  nmax=1.068e+20  pmax=2.587e+16  Temax=3654 K  Gmax=7.831e+26  Id=2.442e-04 A/um  bal=-1.42e-04  (151.3s)
outer  3  dphi=3.268e-02 V  NH=565  nmax=1.010e+20  pmax=3.164e+16  Temax=3653 K  Gmax=8.149e+26  Id=2.566e-04 A/um  bal=1.89e-05  (161.8s)
outer  4  dphi=2.844e-02 V  NH=565  nmax=1.010e+20  pmax=3.157e+16  Temax=3643 K  Gmax=7.953e+26  Id=2.527e-04 A/um  bal=-9.10e-05  (151.1s)
outer  5  dphi=2.184e-02 V  NH=565  nmax=1.130e+20  pmax=2.866e+16  Temax=3608 K  Gmax=7.553e+26  Id=2.619e-04 A/um  bal=-4.72e-04  (159.1s)
outer  6  dphi=1.364e-02 V  NH=565  nmax=1.071e+20  pmax=2.276e+16  Temax=3557 K  Gmax=6.570e+26  Id=2.723e-04 A/um  bal=2.47e-04  (153.1s)
outer  7  dphi=1.047e-02 V  NH=565  nmax=1.062e+20  pmax=1.938e+16  Temax=3521 K  Gmax=5.828e+26  Id=2.905e-04 A/um  bal=6.36e-05  (160.6s)
outer  8  dphi=9.504e-03 V  NH=565  nmax=1.060e+20  pmax=1.713e+16  Temax=3491 K  Gmax=5.264e+26  Id=2.911e-04 A/um  bal=-2.88e-04  (163.1s)
outer  9  dphi=7.497e-03 V  NH=565  nmax=1.093e+20  pmax=1.370e+16  Temax=3407 K  Gmax=3.964e+26  Id=2.957e-04 A/um  bal=-1.66e-04  (153.1s)
outer 10  dphi=6.032e-03 V  NH=565  nmax=1.044e+20  pmax=1.010e+16  Temax=3339 K  Gmax=3.063e+26  Id=3.001e-04 A/um  bal=5.94e-05  (159.4s)
outer 11  dphi=4.839e-03 V  NH=565  nmax=1.020e+20  pmax=1.000e+16  Temax=3292 K  Gmax=2.532e+26  Id=3.020e-04 A/um  bal=-1.02e-04  (172.7s)
outer 12  dphi=4.081e-03 V  NH=565  nmax=1.076e+20  pmax=1.000e+16  Temax=3251 K  Gmax=2.090e+26  Id=3.010e-04 A/um  bal=-2.76e-04  (163.6s)
outer 13  dphi=3.371e-03 V  NH=565  nmax=1.118e+20  pmax=1.000e+16  Temax=3202 K  Gmax=1.642e+26  Id=2.998e-04 A/um  bal=-2.22e-04  (147.1s)
outer 14  dphi=3.476e-03 V  NH=565  nmax=1.044e+20  pmax=1.000e+16  Temax=3180 K  Gmax=1.455e+26  Id=2.977e-04 A/um  bal=8.75e-05  (148.4s)
outer 15  dphi=3.010e-03 V  NH=565  nmax=1.028e+20  pmax=1.000e+16  Temax=3161 K  Gmax=1.340e+26  Id=2.967e-04 A/um  bal=-1.62e-04  (148.5s)
outer 16  dphi=2.973e-03 V  NH=565  nmax=1.033e+20  pmax=1.000e+16  Temax=3160 K  Gmax=1.316e+26  Id=2.962e-04 A/um  bal=3.50e-04  (149.8s)
outer 17  dphi=2.957e-03 V  NH=565  nmax=1.022e+20  pmax=1.000e+16  Temax=3158 K  Gmax=1.321e+26  Id=2.963e-04 A/um  bal=-6.89e-06  (156.6s)
outer 18  dphi=3.027e-03 V  NH=565  nmax=1.058e+20  pmax=1.000e+16  Temax=3162 K  Gmax=1.338e+26  Id=2.961e-04 A/um  bal=-3.16e-05  (156.5s)
outer 19  dphi=3.016e-03 V  NH=565  nmax=1.053e+20  pmax=1.000e+16  Temax=3161 K  Gmax=1.333e+26  Id=2.961e-04 A/um  bal=-1.22e-04  (155.4s)
outer 20  dphi=3.222e-03 V  NH=565  nmax=1.051e+20  pmax=1.000e+16  Temax=3176 K  Gmax=1.421e+26  Id=2.965e-04 A/um  bal=-1.93e-04  (144.5s)
outer 21  dphi=3.065e-03 V  NH=565  nmax=1.060e+20  pmax=1.000e+16  Temax=3163 K  Gmax=1.336e+26  Id=2.961e-04 A/um  bal=-4.31e-05  (156.7s)
outer 22  dphi=4.116e-03 V  NH=565  nmax=1.182e+20  pmax=1.000e+16  Temax=3147 K  Gmax=1.224e+26  Id=2.947e-04 A/um  bal=2.01e-04  (149.8s)
outer 23  dphi=3.983e-03 V  NH=565  nmax=1.176e+20  pmax=1.000e+16  Temax=3147 K  Gmax=1.225e+26  Id=2.947e-04 A/um  bal=1.77e-04  (148.8s)
outer 24  dphi=3.051e-03 V  NH=565  nmax=1.026e+20  pmax=1.000e+16  Temax=3145 K  Gmax=1.216e+26  Id=2.940e-04 A/um  bal=1.72e-04  (147.7s)
outer 25  dphi=3.188e-03 V  NH=565  nmax=1.012e+20  pmax=1.000e+16  Temax=3146 K  Gmax=1.211e+26  Id=2.937e-04 A/um  bal=1.07e-04  (147.6s)
outer 26  dphi=3.138e-03 V  NH=565  nmax=1.022e+20  pmax=1.000e+16  Temax=3146 K  Gmax=1.213e+26  Id=2.938e-04 A/um  bal=1.32e-04  (147.8s)
outer 27  dphi=3.292e-03 V  NH=565  nmax=1.010e+20  pmax=1.000e+16  Temax=3147 K  Gmax=1.230e+26  Id=2.946e-04 A/um  bal=1.65e-04  (147.5s)
outer 28  dphi=3.457e-03 V  NH=565  nmax=1.010e+20  pmax=1.000e+16  Temax=3149 K  Gmax=1.243e+26  Id=2.952e-04 A/um  bal=2.22e-04  (147.3s)
outer 29  dphi=3.564e-03 V  NH=565  nmax=1.010e+20  pmax=1.000e+16  Temax=3149 K  Gmax=1.248e+26  Id=2.952e-04 A/um  bal=2.38e-04  (143.7s)
outer 30  dphi=3.416e-03 V  NH=565  nmax=1.010e+20  pmax=1.000e+16  Temax=3147 K  Gmax=1.239e+26  Id=2.944e-04 A/um  bal=2.02e-04  (145.2s)
outer 31  dphi=3.524e-03 V  NH=565  nmax=1.010e+20  pmax=1.000e+16  Temax=3149 K  Gmax=1.247e+26  Id=2.950e-04 A/um  bal=2.19e-04  (144.3s)
outer 32  dphi=3.619e-03 V  NH=565  nmax=1.010e+20  pmax=1.000e+16  Temax=3148 K  Gmax=1.255e+26  Id=2.955e-04 A/um  bal=1.48e-04  (143.0s)
outer 33  dphi=3.629e-03 V  NH=565  nmax=1.010e+20  pmax=1.000e+16  Temax=3148 K  Gmax=1.256e+26  Id=2.955e-04 A/um  bal=1.52e-04  (142.8s)
outer 34  dphi=3.643e-03 V  NH=565  nmax=1.010e+20  pmax=1.000e+16  Temax=3147 K  Gmax=1.224e+26  Id=2.952e-04 A/um  bal=2.69e-04  (144.5s)
outer 35  dphi=4.886e-03 V  NH=565  nmax=1.010e+20  pmax=1.000e+16  Temax=3149 K  Gmax=1.127e+26  Id=2.940e-04 A/um  bal=2.14e-04  (143.6s)
outer 36  dphi=3.301e-03 V  NH=565  nmax=1.010e+20  pmax=1.000e+16  Temax=3149 K  Gmax=1.119e+26  Id=2.938e-04 A/um  bal=2.01e-04  (144.3s)
outer 37  dphi=3.210e-03 V  NH=565  nmax=1.010e+20  pmax=1.000e+16  Temax=3149 K  Gmax=1.117e+26  Id=2.938e-04 A/um  bal=2.03e-04  (144.0s)
outer 38  dphi=3.317e-03 V  NH=565  nmax=1.010e+20  pmax=1.000e+16  Temax=3149 K  Gmax=1.120e+26  Id=2.939e-04 A/um  bal=2.05e-04  (144.5s)
outer 39  dphi=3.437e-03 V  NH=565  nmax=1.010e+20  pmax=1.000e+16  Temax=3149 K  Gmax=1.125e+26  Id=2.940e-04 A/um  bal=1.90e-04  (144.0s)
outer 40  dphi=3.553e-03 V  NH=565  nmax=1.010e+20  pmax=1.000e+16  Temax=3149 K  Gmax=1.131e+26  Id=2.940e-04 A/um  bal=2.24e-04  (143.9s)
outer 41  dphi=3.466e-03 V  NH=565  nmax=1.010e+20  pmax=1.000e+16  Temax=3145 K  Gmax=1.096e+26  Id=2.940e-04 A/um  bal=1.92e-04  (145.5s)
outer 42  dphi=2.863e-03 V  NH=565  nmax=1.010e+20  pmax=1.000e+16  Temax=3145 K  Gmax=1.089e+26  Id=2.939e-04 A/um  bal=1.91e-04  (145.3s)
outer 43  dphi=2.865e-03 V  NH=565  nmax=1.010e+20  pmax=1.000e+16  Temax=3145 K  Gmax=1.089e+26  Id=2.939e-04 A/um  bal=1.91e-04  (145.1s)
outer 44  dphi=3.112e-03 V  NH=565  nmax=1.010e+20  pmax=1.000e+16  Temax=3145 K  Gmax=1.096e+26  Id=2.941e-04 A/um  bal=1.91e-04  (144.9s)
outer 45  dphi=3.064e-03 V  NH=565  nmax=1.010e+20  pmax=1.000e+16  Temax=3145 K  Gmax=1.094e+26  Id=2.941e-04 A/um  bal=1.90e-04  (145.4s)
outer 46  dphi=3.980e-03 V  NH=565  nmax=1.065e+20  pmax=1.000e+16  Temax=3142 K  Gmax=1.035e+26  Id=2.939e-04 A/um  bal=2.48e-05  (150.0s)
outer 47  dphi=3.926e-03 V  NH=565  nmax=1.037e+20  pmax=1.000e+16  Temax=3141 K  Gmax=1.032e+26  Id=2.941e-04 A/um  bal=6.24e-05  (150.6s)
outer 48  dphi=3.856e-03 V  NH=565  nmax=1.041e+20  pmax=1.000e+16  Temax=3140 K  Gmax=1.031e+26  Id=2.942e-04 A/um  bal=3.20e-05  (144.9s)
outer 49  dphi=2.135e-03 V  NH=565  nmax=1.020e+20  pmax=1.000e+16  Temax=3140 K  Gmax=1.030e+26  Id=2.946e-04 A/um  bal=1.28e-04  (144.7s)
outer 50  dphi=1.982e-03 V  NH=565  nmax=1.010e+20  pmax=1.000e+16  Temax=3140 K  Gmax=1.030e+26  Id=2.948e-04 A/um  bal=1.24e-04  (144.7s)
outer 51  dphi=1.989e-03 V  NH=565  nmax=1.012e+20  pmax=1.000e+16  Temax=3140 K  Gmax=1.030e+26  Id=2.948e-04 A/um  bal=1.24e-04  (145.2s)
outer 52  dphi=1.985e-03 V  NH=565  nmax=1.084e+20  pmax=1.000e+16  Temax=3140 K  Gmax=1.030e+26  Id=2.950e-04 A/um  bal=1.28e-04  (144.5s)
outer 53  dphi=1.864e-03 V  NH=565  nmax=1.079e+20  pmax=1.000e+16  Temax=3140 K  Gmax=1.030e+26  Id=2.952e-04 A/um  bal=9.73e-05  (149.5s)
outer 54  dphi=1.766e-03 V  NH=565  nmax=1.056e+20  pmax=1.000e+16  Temax=3138 K  Gmax=1.030e+26  Id=2.955e-04 A/um  bal=1.32e-04  (144.3s)
outer 55  dphi=1.451e-03 V  NH=565  nmax=1.052e+20  pmax=1.000e+16  Temax=3135 K  Gmax=1.029e+26  Id=2.974e-04 A/um  bal=9.36e-05  (144.6s)
outer 56  dphi=1.626e-03 V  NH=565  nmax=1.045e+20  pmax=1.000e+16  Temax=3134 K  Gmax=1.028e+26  Id=2.993e-04 A/um  bal=1.12e-04  (145.3s)
outer 57  dphi=1.980e-03 V  NH=565  nmax=1.059e+20  pmax=1.000e+16  Temax=3131 K  Gmax=1.028e+26  Id=3.022e-04 A/um  bal=4.35e-05  (145.3s)
outer 58  dphi=1.350e-03 V  NH=565  nmax=1.029e+20  pmax=1.000e+16  Temax=3131 K  Gmax=1.029e+26  Id=3.027e-04 A/um  bal=3.37e-05  (145.2s)
outer 59  dphi=1.154e-03 V  NH=565  nmax=1.047e+20  pmax=1.000e+16  Temax=3131 K  Gmax=1.031e+26  Id=3.032e-04 A/um  bal=4.24e-05  (145.7s)
outer 60  dphi=1.370e-03 V  NH=565  nmax=1.052e+20  pmax=1.000e+16  Temax=3132 K  Gmax=1.033e+26  Id=3.036e-04 A/um  bal=3.55e-05  (145.1s)
outer 61  dphi=1.802e-03 V  NH=565  nmax=1.043e+20  pmax=1.000e+16  Temax=3133 K  Gmax=1.036e+26  Id=3.037e-04 A/um  bal=1.11e-04  (145.6s)
outer 62  dphi=1.374e-03 V  NH=565  nmax=1.018e+20  pmax=1.000e+16  Temax=3133 K  Gmax=1.037e+26  Id=3.038e-04 A/um  bal=1.44e-05  (145.6s)
outer 63  dphi=6.898e-04 V  NH=565  nmax=1.032e+20  pmax=1.000e+16  Temax=3133 K  Gmax=1.037e+26  Id=3.040e-04 A/um  bal=5.92e-05  (155.6s)
outer 64  dphi=6.269e-04 V  NH=565  nmax=1.033e+20  pmax=1.000e+16  Temax=3133 K  Gmax=1.038e+26  Id=3.043e-04 A/um  bal=6.05e-05  (146.9s)
outer 65  dphi=9.006e-04 V  NH=565  nmax=1.046e+20  pmax=1.000e+16  Temax=3134 K  Gmax=1.040e+26  Id=3.043e-04 A/um  bal=9.53e-05  (147.4s)
outer 66  dphi=5.215e-04 V  NH=565  nmax=1.028e+20  pmax=1.000e+16  Temax=3135 K  Gmax=1.042e+26  Id=3.044e-04 A/um  bal=3.58e-05  (146.6s)
outer 67  dphi=6.340e-04 V  NH=565  nmax=1.033e+20  pmax=1.000e+16  Temax=3135 K  Gmax=1.043e+26  Id=3.044e-04 A/um  bal=8.61e-05  (146.7s)
outer 68  dphi=6.756e-04 V  NH=565  nmax=1.027e+20  pmax=1.000e+16  Temax=3136 K  Gmax=1.045e+26  Id=3.043e-04 A/um  bal=6.30e-05  (146.0s)
outer 69  dphi=8.326e-04 V  NH=565  nmax=1.038e+20  pmax=1.000e+16  Temax=3137 K  Gmax=1.049e+26  Id=3.044e-04 A/um  bal=4.26e-05  (146.2s)

=== Anderson AA(6) beta=0.50  80x66 (Phi_gate=-0.74) ===
reached tol 1e-4?  False   final raw residual = 8.326e-04 V  in 70 iters
residual: first=5.042e-02 -> last=8.326e-04
Gii_max : first=1.281e+27 -> last=1.049e+26
Gii last-4 relative spread = 6.44e-03  (PLATEAU if small; Picard 50-iter stayed ~4e-2, still falling)
Te_max=3137 K  Id=3.044e-04 A/um  n_max=1.038e+20
saved data/she2d_coupled_anderson_80x66.npz
consistency: saved Gii_max 1.0488e+26 == trajectory-last 1.0488e+26 (same iterate; residual 8.326e-04 V)
