outer  0  dphi=5.625e-02 V  nmax=1.487e+20  pmax=6.122e+17  Temax=3148 K  Gmax=4.612e+27  Id=5.068e-04 A/um  bal=-1.12e-04  (24.0s)
outer  1  dphi=3.949e-02 V  nmax=1.084e+20  pmax=2.344e+17  Temax=3161 K  Gmax=3.890e+27  Id=3.693e-04 A/um  bal=-2.70e-04  (23.6s)
outer  2  dphi=3.441e-02 V  nmax=1.049e+20  pmax=6.669e+16  Temax=3196 K  Gmax=2.999e+27  Id=2.301e-04 A/um  bal=-1.57e-04  (25.2s)
outer  3  dphi=3.165e-02 V  nmax=1.010e+20  pmax=7.228e+16  Temax=3156 K  Gmax=3.091e+27  Id=2.339e-04 A/um  bal=-1.34e-04  (26.9s)
outer  4  dphi=2.825e-02 V  nmax=1.010e+20  pmax=7.289e+16  Temax=3141 K  Gmax=3.144e+27  Id=2.345e-04 A/um  bal=-6.50e-05  (24.1s)
outer  5  dphi=2.329e-02 V  nmax=1.112e+20  pmax=7.092e+16  Temax=3127 K  Gmax=3.213e+27  Id=2.397e-04 A/um  bal=-1.88e-04  (24.2s)
outer  6  dphi=1.614e-02 V  nmax=1.022e+20  pmax=6.429e+16  Temax=3079 K  Gmax=3.192e+27  Id=2.521e-04 A/um  bal=-6.22e-05  (23.9s)
outer  7  dphi=9.737e-03 V  nmax=1.014e+20  pmax=5.778e+16  Temax=3023 K  Gmax=3.022e+27  Id=2.757e-04 A/um  bal=1.67e-04  (23.8s)
outer  8  dphi=8.447e-03 V  nmax=1.016e+20  pmax=5.460e+16  Temax=2987 K  Gmax=2.806e+27  Id=2.845e-04 A/um  bal=4.98e-05  (26.9s)
outer  9  dphi=6.772e-03 V  nmax=1.019e+20  pmax=4.926e+16  Temax=2971 K  Gmax=2.449e+27  Id=2.939e-04 A/um  bal=1.01e-04  (26.0s)
outer 10  dphi=6.225e-03 V  nmax=1.021e+20  pmax=4.671e+16  Temax=2939 K  Gmax=2.266e+27  Id=2.936e-04 A/um  bal=3.15e-05  (26.0s)
outer 11  dphi=6.167e-03 V  nmax=1.061e+20  pmax=4.458e+16  Temax=2951 K  Gmax=2.097e+27  Id=2.930e-04 A/um  bal=-1.02e-05  (24.0s)
outer 12  dphi=5.302e-03 V  nmax=1.039e+20  pmax=4.295e+16  Temax=2915 K  Gmax=1.938e+27  Id=2.933e-04 A/um  bal=-1.07e-04  (23.8s)
outer 13  dphi=3.241e-03 V  nmax=1.046e+20  pmax=3.702e+16  Temax=2832 K  Gmax=1.513e+27  Id=2.946e-04 A/um  bal=-2.13e-04  (25.6s)
outer 14  dphi=3.456e-03 V  nmax=1.010e+20  pmax=3.459e+16  Temax=2814 K  Gmax=1.305e+27  Id=2.898e-04 A/um  bal=-1.66e-04  (26.4s)
outer 15  dphi=3.260e-03 V  nmax=1.010e+20  pmax=3.313e+16  Temax=2841 K  Gmax=1.205e+27  Id=2.897e-04 A/um  bal=8.43e-05  (26.2s)
outer 16  dphi=3.300e-03 V  nmax=1.012e+20  pmax=3.387e+16  Temax=2785 K  Gmax=1.218e+27  Id=2.882e-04 A/um  bal=-3.70e-05  (26.7s)
outer 17  dphi=3.570e-03 V  nmax=1.061e+20  pmax=3.333e+16  Temax=2842 K  Gmax=1.106e+27  Id=2.855e-04 A/um  bal=2.30e-04  (25.4s)
outer 18  dphi=3.279e-03 V  nmax=1.039e+20  pmax=3.233e+16  Temax=2809 K  Gmax=1.022e+27  Id=2.840e-04 A/um  bal=3.04e-04  (25.0s)
outer 19  dphi=3.296e-03 V  nmax=1.043e+20  pmax=3.234e+16  Temax=2807 K  Gmax=1.026e+27  Id=2.824e-04 A/um  bal=3.88e-04  (25.2s)
outer 20  dphi=3.935e-03 V  nmax=1.059e+20  pmax=3.392e+16  Temax=2822 K  Gmax=1.117e+27  Id=2.822e-04 A/um  bal=3.13e-04  (25.5s)
outer 21  dphi=3.388e-03 V  nmax=1.055e+20  pmax=3.228e+16  Temax=2811 K  Gmax=1.030e+27  Id=2.846e-04 A/um  bal=2.88e-04  (25.5s)
outer 22  dphi=3.340e-03 V  nmax=1.070e+20  pmax=3.258e+16  Temax=2798 K  Gmax=1.024e+27  Id=2.858e-04 A/um  bal=1.67e-04  (25.3s)
outer 23  dphi=3.443e-03 V  nmax=1.047e+20  pmax=3.273e+16  Temax=2809 K  Gmax=1.028e+27  Id=2.858e-04 A/um  bal=1.22e-04  (25.7s)
outer 24  dphi=3.370e-03 V  nmax=1.065e+20  pmax=3.307e+16  Temax=2827 K  Gmax=1.062e+27  Id=2.862e-04 A/um  bal=1.91e-04  (26.1s)
outer 25  dphi=3.458e-03 V  nmax=1.049e+20  pmax=3.319e+16  Temax=2828 K  Gmax=1.072e+27  Id=2.864e-04 A/um  bal=2.78e-04  (25.7s)
outer 26  dphi=3.055e-03 V  nmax=1.035e+20  pmax=3.326e+16  Temax=2829 K  Gmax=1.074e+27  Id=2.865e-04 A/um  bal=4.70e-05  (26.0s)
outer 27  dphi=3.162e-03 V  nmax=1.031e+20  pmax=3.287e+16  Temax=2812 K  Gmax=1.052e+27  Id=2.863e-04 A/um  bal=2.48e-04  (25.2s)
outer 28  dphi=3.265e-03 V  nmax=1.045e+20  pmax=3.267e+16  Temax=2825 K  Gmax=1.059e+27  Id=2.855e-04 A/um  bal=2.82e-04  (25.5s)
outer 29  dphi=3.291e-03 V  nmax=1.037e+20  pmax=3.289e+16  Temax=2831 K  Gmax=1.063e+27  Id=2.853e-04 A/um  bal=3.26e-04  (25.4s)
outer 30  dphi=3.304e-03 V  nmax=1.067e+20  pmax=3.276e+16  Temax=2822 K  Gmax=1.059e+27  Id=2.857e-04 A/um  bal=3.29e-04  (25.8s)
outer 31  dphi=3.407e-03 V  nmax=1.060e+20  pmax=3.292e+16  Temax=2818 K  Gmax=1.063e+27  Id=2.862e-04 A/um  bal=3.31e-04  (25.6s)
outer 32  dphi=3.383e-03 V  nmax=1.059e+20  pmax=3.279e+16  Temax=2817 K  Gmax=1.061e+27  Id=2.861e-04 A/um  bal=3.31e-04  (25.4s)
outer 33  dphi=3.358e-03 V  nmax=1.059e+20  pmax=3.298e+16  Temax=2817 K  Gmax=1.060e+27  Id=2.862e-04 A/um  bal=2.91e-04  (25.6s)
outer 34  dphi=2.868e-03 V  nmax=1.045e+20  pmax=3.214e+16  Temax=2790 K  Gmax=1.023e+27  Id=2.862e-04 A/um  bal=3.46e-04  (25.6s)
outer 35  dphi=3.148e-03 V  nmax=1.043e+20  pmax=3.220e+16  Temax=2784 K  Gmax=1.012e+27  Id=2.860e-04 A/um  bal=3.45e-04  (26.1s)
outer 36  dphi=3.177e-03 V  nmax=1.074e+20  pmax=3.172e+16  Temax=2779 K  Gmax=9.797e+26  Id=2.851e-04 A/um  bal=3.55e-04  (25.7s)
outer 37  dphi=3.135e-03 V  nmax=1.077e+20  pmax=3.197e+16  Temax=2777 K  Gmax=9.758e+26  Id=2.850e-04 A/um  bal=3.76e-04  (25.6s)
outer 38  dphi=3.182e-03 V  nmax=1.064e+20  pmax=3.193e+16  Temax=2776 K  Gmax=9.763e+26  Id=2.851e-04 A/um  bal=4.18e-04  (25.6s)
outer 39  dphi=3.192e-03 V  nmax=1.069e+20  pmax=3.214e+16  Temax=2773 K  Gmax=9.890e+26  Id=2.854e-04 A/um  bal=8.53e-05  (26.3s)
outer 40  dphi=2.996e-03 V  nmax=1.035e+20  pmax=3.219e+16  Temax=2776 K  Gmax=9.948e+26  Id=2.856e-04 A/um  bal=2.92e-04  (26.0s)
outer 41  dphi=3.124e-03 V  nmax=1.061e+20  pmax=3.229e+16  Temax=2782 K  Gmax=1.007e+27  Id=2.855e-04 A/um  bal=4.47e-04  (25.7s)
outer 42  dphi=3.600e-03 V  nmax=1.085e+20  pmax=3.266e+16  Temax=2789 K  Gmax=1.010e+27  Id=2.850e-04 A/um  bal=4.94e-04  (25.6s)
outer 43  dphi=3.971e-03 V  nmax=1.055e+20  pmax=3.298e+16  Temax=2800 K  Gmax=1.029e+27  Id=2.852e-04 A/um  bal=4.53e-04  (25.6s)
outer 44  dphi=4.392e-03 V  nmax=1.059e+20  pmax=3.361e+16  Temax=2815 K  Gmax=1.052e+27  Id=2.851e-04 A/um  bal=3.03e-04  (25.2s)
outer 45  dphi=4.267e-03 V  nmax=1.093e+20  pmax=3.313e+16  Temax=2803 K  Gmax=1.032e+27  Id=2.852e-04 A/um  bal=3.77e-04  (25.9s)
outer 46  dphi=3.706e-03 V  nmax=1.077e+20  pmax=3.256e+16  Temax=2791 K  Gmax=1.012e+27  Id=2.853e-04 A/um  bal=3.37e-04  (25.9s)
outer 47  dphi=2.788e-03 V  nmax=1.075e+20  pmax=3.070e+16  Temax=2753 K  Gmax=9.309e+26  Id=2.855e-04 A/um  bal=2.87e-04  (25.5s)
outer 48  dphi=2.911e-03 V  nmax=1.047e+20  pmax=2.891e+16  Temax=2761 K  Gmax=8.758e+26  Id=2.854e-04 A/um  bal=2.97e-04  (27.0s)
outer 49  dphi=2.870e-03 V  nmax=1.059e+20  pmax=2.911e+16  Temax=2760 K  Gmax=8.776e+26  Id=2.858e-04 A/um  bal=3.74e-04  (26.7s)
outer 50  dphi=2.978e-03 V  nmax=1.079e+20  pmax=2.905e+16  Temax=2766 K  Gmax=8.839e+26  Id=2.857e-04 A/um  bal=4.19e-04  (26.8s)
outer 51  dphi=2.829e-03 V  nmax=1.043e+20  pmax=2.891e+16  Temax=2768 K  Gmax=8.845e+26  Id=2.856e-04 A/um  bal=5.20e-04  (25.6s)
outer 52  dphi=2.937e-03 V  nmax=1.084e+20  pmax=2.929e+16  Temax=2738 K  Gmax=8.929e+26  Id=2.854e-04 A/um  bal=3.83e-04  (27.1s)
outer 53  dphi=3.152e-03 V  nmax=1.027e+20  pmax=3.019e+16  Temax=2760 K  Gmax=9.244e+26  Id=2.850e-04 A/um  bal=3.96e-04  (25.3s)
outer 54  dphi=3.213e-03 V  nmax=1.023e+20  pmax=2.982e+16  Temax=2756 K  Gmax=9.151e+26  Id=2.851e-04 A/um  bal=3.45e-04  (25.6s)
outer 55  dphi=3.093e-03 V  nmax=1.061e+20  pmax=2.912e+16  Temax=2746 K  Gmax=8.975e+26  Id=2.852e-04 A/um  bal=2.40e-04  (27.1s)
outer 56  dphi=2.727e-03 V  nmax=1.037e+20  pmax=2.890e+16  Temax=2743 K  Gmax=8.880e+26  Id=2.851e-04 A/um  bal=2.88e-04  (26.2s)
outer 57  dphi=2.273e-03 V  nmax=1.047e+20  pmax=2.801e+16  Temax=2759 K  Gmax=8.528e+26  Id=2.858e-04 A/um  bal=2.95e-04  (26.5s)
outer 58  dphi=2.401e-03 V  nmax=1.054e+20  pmax=2.694e+16  Temax=2761 K  Gmax=8.103e+26  Id=2.863e-04 A/um  bal=2.91e-04  (26.4s)
outer 59  dphi=1.989e-03 V  nmax=1.053e+20  pmax=2.596e+16  Temax=2748 K  Gmax=7.831e+26  Id=2.870e-04 A/um  bal=3.29e-05  (26.7s)

=== Anderson AA(6) beta=0.50  40x34 (Phi_gate=-0.74) ===
reached tol 1e-4?  False   final raw residual = 1.989e-03 V  in 60 iters
residual: first=5.625e-02 -> last=1.989e-03
Gii_max : first=4.612e+27 -> last=7.831e+26
Gii last-4 relative spread = 1.26e-01  (PLATEAU if small; Picard 50-iter stayed ~4e-2, still falling)
Te_max=2748 K  Id=2.870e-04 A/um  n_max=1.053e+20
saved data/she2d_coupled_anderson_40x34.npz
