outer  0  dphi=5.625e-02 V  NH=565  nmax=1.487e+20  pmax=6.122e+17  Temax=3148 K  Gmax=4.612e+27  Id=5.068e-04 A/um  bal=-1.12e-04  (24.6s)
outer  1  dphi=3.949e-02 V  NH=565  nmax=1.084e+20  pmax=2.344e+17  Temax=3161 K  Gmax=3.890e+27  Id=3.693e-04 A/um  bal=-2.70e-04  (23.4s)
outer  2  dphi=3.441e-02 V  NH=565  nmax=1.049e+20  pmax=6.669e+16  Temax=3196 K  Gmax=2.999e+27  Id=2.301e-04 A/um  bal=-1.57e-04  (25.2s)
outer  3  dphi=3.165e-02 V  NH=565  nmax=1.010e+20  pmax=7.228e+16  Temax=3156 K  Gmax=3.091e+27  Id=2.339e-04 A/um  bal=-1.34e-04  (26.6s)
outer  4  dphi=2.825e-02 V  NH=565  nmax=1.010e+20  pmax=7.289e+16  Temax=3141 K  Gmax=3.144e+27  Id=2.345e-04 A/um  bal=-6.50e-05  (23.5s)
outer  5  dphi=2.329e-02 V  NH=565  nmax=1.112e+20  pmax=7.092e+16  Temax=3127 K  Gmax=3.213e+27  Id=2.397e-04 A/um  bal=-1.88e-04  (23.6s)
outer  6  dphi=1.614e-02 V  NH=565  nmax=1.022e+20  pmax=6.429e+16  Temax=3079 K  Gmax=3.192e+27  Id=2.521e-04 A/um  bal=-6.22e-05  (23.2s)
outer  7  dphi=9.737e-03 V  NH=565  nmax=1.014e+20  pmax=5.778e+16  Temax=3023 K  Gmax=3.022e+27  Id=2.757e-04 A/um  bal=1.67e-04  (23.1s)
outer  8  dphi=8.447e-03 V  NH=565  nmax=1.016e+20  pmax=5.460e+16  Temax=2987 K  Gmax=2.806e+27  Id=2.845e-04 A/um  bal=4.98e-05  (25.9s)
outer  9  dphi=6.772e-03 V  NH=565  nmax=1.019e+20  pmax=4.926e+16  Temax=2971 K  Gmax=2.449e+27  Id=2.939e-04 A/um  bal=1.01e-04  (25.6s)
outer 10  dphi=6.225e-03 V  NH=565  nmax=1.021e+20  pmax=4.671e+16  Temax=2939 K  Gmax=2.266e+27  Id=2.936e-04 A/um  bal=3.15e-05  (25.1s)
outer 11  dphi=6.167e-03 V  NH=565  nmax=1.061e+20  pmax=4.458e+16  Temax=2951 K  Gmax=2.097e+27  Id=2.930e-04 A/um  bal=-1.02e-05  (23.4s)
outer 12  dphi=5.302e-03 V  NH=565  nmax=1.039e+20  pmax=4.295e+16  Temax=2915 K  Gmax=1.938e+27  Id=2.933e-04 A/um  bal=-1.07e-04  (23.3s)
outer 13  dphi=3.241e-03 V  NH=565  nmax=1.046e+20  pmax=3.702e+16  Temax=2832 K  Gmax=1.513e+27  Id=2.946e-04 A/um  bal=-2.13e-04  (25.2s)
outer 14  dphi=3.456e-03 V  NH=565  nmax=1.010e+20  pmax=3.459e+16  Temax=2814 K  Gmax=1.305e+27  Id=2.898e-04 A/um  bal=-1.66e-04  (25.8s)
outer 15  dphi=3.260e-03 V  NH=565  nmax=1.010e+20  pmax=3.313e+16  Temax=2841 K  Gmax=1.205e+27  Id=2.897e-04 A/um  bal=8.43e-05  (25.7s)
outer 16  dphi=3.300e-03 V  NH=565  nmax=1.012e+20  pmax=3.387e+16  Temax=2785 K  Gmax=1.218e+27  Id=2.882e-04 A/um  bal=-3.70e-05  (26.3s)
outer 17  dphi=3.570e-03 V  NH=565  nmax=1.061e+20  pmax=3.333e+16  Temax=2842 K  Gmax=1.106e+27  Id=2.855e-04 A/um  bal=2.30e-04  (25.5s)
outer 18  dphi=3.279e-03 V  NH=565  nmax=1.039e+20  pmax=3.233e+16  Temax=2809 K  Gmax=1.022e+27  Id=2.840e-04 A/um  bal=3.04e-04  (25.3s)
outer 19  dphi=3.296e-03 V  NH=565  nmax=1.043e+20  pmax=3.234e+16  Temax=2807 K  Gmax=1.026e+27  Id=2.824e-04 A/um  bal=3.88e-04  (25.4s)
outer 20  dphi=3.308e-03 V  NH=565  nmax=1.033e+20  pmax=3.210e+16  Temax=2804 K  Gmax=1.023e+27  Id=2.823e-04 A/um  bal=3.23e-04  (25.3s)
outer 21  dphi=3.179e-03 V  NH=565  nmax=1.010e+20  pmax=3.215e+16  Temax=2803 K  Gmax=1.021e+27  Id=2.823e-04 A/um  bal=4.13e-04  (25.7s)
outer 22  dphi=3.193e-03 V  NH=565  nmax=1.010e+20  pmax=3.220e+16  Temax=2803 K  Gmax=1.021e+27  Id=2.823e-04 A/um  bal=4.33e-04  (25.1s)
outer 23  dphi=3.255e-03 V  NH=565  nmax=1.105e+20  pmax=3.213e+16  Temax=2825 K  Gmax=1.015e+27  Id=2.826e-04 A/um  bal=3.95e-04  (25.3s)
outer 24  dphi=3.011e-03 V  NH=565  nmax=1.103e+20  pmax=3.194e+16  Temax=2819 K  Gmax=1.005e+27  Id=2.828e-04 A/um  bal=3.23e-04  (25.3s)
outer 25  dphi=2.798e-03 V  NH=565  nmax=1.102e+20  pmax=3.185e+16  Temax=2816 K  Gmax=9.994e+26  Id=2.828e-04 A/um  bal=3.49e-04  (25.3s)
outer 26  dphi=3.086e-03 V  NH=565  nmax=1.098e+20  pmax=3.158e+16  Temax=2814 K  Gmax=9.963e+26  Id=2.829e-04 A/um  bal=1.99e-04  (25.4s)
outer 27  dphi=2.829e-03 V  NH=565  nmax=1.101e+20  pmax=3.112e+16  Temax=2799 K  Gmax=9.711e+26  Id=2.833e-04 A/um  bal=3.87e-04  (25.1s)
outer 28  dphi=2.694e-03 V  NH=565  nmax=1.081e+20  pmax=3.110e+16  Temax=2798 K  Gmax=9.676e+26  Id=2.834e-04 A/um  bal=4.10e-04  (25.0s)
outer 29  dphi=2.736e-03 V  NH=565  nmax=1.081e+20  pmax=3.094e+16  Temax=2804 K  Gmax=9.752e+26  Id=2.831e-04 A/um  bal=3.95e-04  (25.6s)
outer 30  dphi=2.394e-03 V  NH=565  nmax=1.073e+20  pmax=3.018e+16  Temax=2790 K  Gmax=9.497e+26  Id=2.842e-04 A/um  bal=3.65e-04  (25.2s)
outer 31  dphi=2.180e-03 V  NH=565  nmax=1.095e+20  pmax=2.779e+16  Temax=2760 K  Gmax=8.678e+26  Id=2.858e-04 A/um  bal=3.19e-04  (26.2s)
outer 32  dphi=2.219e-03 V  NH=565  nmax=1.072e+20  pmax=2.532e+16  Temax=2727 K  Gmax=7.807e+26  Id=2.886e-04 A/um  bal=2.63e-05  (25.8s)
outer 33  dphi=1.945e-03 V  NH=565  nmax=1.072e+20  pmax=2.503e+16  Temax=2715 K  Gmax=7.832e+26  Id=2.880e-04 A/um  bal=-3.48e-05  (26.9s)
outer 34  dphi=1.526e-03 V  NH=565  nmax=1.050e+20  pmax=2.459e+16  Temax=2723 K  Gmax=7.706e+26  Id=2.883e-04 A/um  bal=4.01e-05  (25.2s)
outer 35  dphi=2.372e-03 V  NH=565  nmax=1.078e+20  pmax=2.389e+16  Temax=2741 K  Gmax=7.501e+26  Id=2.889e-04 A/um  bal=-3.33e-05  (27.9s)
outer 36  dphi=2.067e-03 V  NH=565  nmax=1.065e+20  pmax=2.355e+16  Temax=2737 K  Gmax=7.418e+26  Id=2.891e-04 A/um  bal=-1.21e-04  (27.3s)
outer 37  dphi=2.149e-03 V  NH=565  nmax=1.068e+20  pmax=2.361e+16  Temax=2738 K  Gmax=7.442e+26  Id=2.891e-04 A/um  bal=-1.87e-04  (25.9s)
outer 38  dphi=1.733e-03 V  NH=565  nmax=1.037e+20  pmax=2.356e+16  Temax=2731 K  Gmax=7.320e+26  Id=2.895e-04 A/um  bal=-1.88e-04  (26.4s)
outer 39  dphi=1.752e-03 V  NH=565  nmax=1.063e+20  pmax=2.354e+16  Temax=2736 K  Gmax=7.416e+26  Id=2.891e-04 A/um  bal=-7.71e-05  (28.6s)
outer 40  dphi=1.864e-03 V  NH=565  nmax=1.064e+20  pmax=2.364e+16  Temax=2735 K  Gmax=7.391e+26  Id=2.888e-04 A/um  bal=-9.98e-05  (28.1s)
outer 41  dphi=1.579e-03 V  NH=565  nmax=1.030e+20  pmax=2.372e+16  Temax=2735 K  Gmax=7.398e+26  Id=2.893e-04 A/um  bal=-2.01e-04  (26.1s)
outer 42  dphi=1.504e-03 V  NH=565  nmax=1.019e+20  pmax=2.383e+16  Temax=2734 K  Gmax=7.390e+26  Id=2.892e-04 A/um  bal=-2.62e-04  (25.8s)
outer 43  dphi=1.484e-03 V  NH=565  nmax=1.010e+20  pmax=2.356e+16  Temax=2734 K  Gmax=7.390e+26  Id=2.891e-04 A/um  bal=-7.57e-05  (28.2s)
outer 44  dphi=1.932e-03 V  NH=565  nmax=1.064e+20  pmax=2.361e+16  Temax=2734 K  Gmax=7.385e+26  Id=2.890e-04 A/um  bal=-9.46e-05  (27.8s)
outer 45  dphi=1.837e-03 V  NH=565  nmax=1.061e+20  pmax=2.387e+16  Temax=2734 K  Gmax=7.389e+26  Id=2.891e-04 A/um  bal=1.24e-05  (26.2s)
outer 46  dphi=1.351e-03 V  NH=565  nmax=1.057e+20  pmax=2.369e+16  Temax=2734 K  Gmax=7.390e+26  Id=2.892e-04 A/um  bal=-6.54e-05  (28.2s)
outer 47  dphi=1.669e-03 V  NH=565  nmax=1.068e+20  pmax=2.372e+16  Temax=2734 K  Gmax=7.383e+26  Id=2.890e-04 A/um  bal=-5.13e-05  (28.5s)
outer 48  dphi=1.906e-03 V  NH=565  nmax=1.032e+20  pmax=2.400e+16  Temax=2734 K  Gmax=7.388e+26  Id=2.894e-04 A/um  bal=-2.64e-04  (26.0s)
outer 49  dphi=2.327e-03 V  NH=565  nmax=1.010e+20  pmax=2.395e+16  Temax=2734 K  Gmax=7.385e+26  Id=2.892e-04 A/um  bal=-8.13e-05  (28.2s)
outer 50  dphi=2.490e-03 V  NH=565  nmax=1.028e+20  pmax=2.419e+16  Temax=2733 K  Gmax=7.383e+26  Id=2.894e-04 A/um  bal=-2.63e-04  (25.1s)
outer 51  dphi=2.092e-03 V  NH=565  nmax=1.038e+20  pmax=2.393e+16  Temax=2734 K  Gmax=7.386e+26  Id=2.893e-04 A/um  bal=-2.40e-04  (25.2s)
outer 52  dphi=2.216e-03 V  NH=565  nmax=1.090e+20  pmax=2.348e+16  Temax=2735 K  Gmax=7.391e+26  Id=2.891e-04 A/um  bal=-8.71e-05  (27.3s)
outer 53  dphi=1.776e-03 V  NH=565  nmax=1.035e+20  pmax=2.349e+16  Temax=2734 K  Gmax=7.402e+26  Id=2.896e-04 A/um  bal=-1.22e-04  (27.1s)
outer 54  dphi=1.593e-03 V  NH=565  nmax=1.028e+20  pmax=2.333e+16  Temax=2734 K  Gmax=7.391e+26  Id=2.892e-04 A/um  bal=-6.54e-05  (27.4s)
outer 55  dphi=1.817e-03 V  NH=565  nmax=1.021e+20  pmax=2.334e+16  Temax=2734 K  Gmax=7.401e+26  Id=2.897e-04 A/um  bal=-1.29e-04  (27.2s)
outer 56  dphi=1.499e-03 V  NH=565  nmax=1.036e+20  pmax=2.330e+16  Temax=2734 K  Gmax=7.415e+26  Id=2.901e-04 A/um  bal=-1.50e-04  (27.0s)
outer 57  dphi=1.613e-03 V  NH=565  nmax=1.051e+20  pmax=2.332e+16  Temax=2735 K  Gmax=7.430e+26  Id=2.904e-04 A/um  bal=4.78e-05  (25.4s)
outer 58  dphi=1.866e-03 V  NH=565  nmax=1.029e+20  pmax=2.290e+16  Temax=2735 K  Gmax=7.430e+26  Id=2.909e-04 A/um  bal=-8.38e-05  (28.7s)
outer 59  dphi=1.474e-03 V  NH=565  nmax=1.029e+20  pmax=2.288e+16  Temax=2736 K  Gmax=7.439e+26  Id=2.910e-04 A/um  bal=-1.02e-04  (27.5s)

=== Anderson AA(6) beta=0.50  40x34 (Phi_gate=-0.74) ===
reached tol 1e-4?  False   final raw residual = 1.474e-03 V  in 60 iters
residual: first=5.625e-02 -> last=1.474e-03
Gii_max : first=4.612e+27 -> last=7.439e+26
Gii last-4 relative spread = 3.27e-03  (PLATEAU if small; Picard 50-iter stayed ~4e-2, still falling)
Te_max=2736 K  Id=2.910e-04 A/um  n_max=1.029e+20
saved data/she2d_coupled_anderson_40x34.npz
