outer  0  dphi=5.625e-02 V  NH=589  nmax=1.487e+20  pmax=6.122e+17  Temax=3148 K  Gmax=4.612e+27  Id=5.068e-04 A/um  bal=-1.12e-04  (21.2s)
outer  1  dphi=3.949e-02 V  NH=589  nmax=1.084e+20  pmax=2.344e+17  Temax=3161 K  Gmax=3.890e+27  Id=3.693e-04 A/um  bal=-2.70e-04  (21.7s)
outer  2  dphi=3.443e-02 V  NH=589  nmax=1.051e+20  pmax=6.666e+16  Temax=3196 K  Gmax=2.998e+27  Id=2.300e-04 A/um  bal=-3.01e-05  (22.1s)
outer  3  dphi=3.168e-02 V  NH=589  nmax=1.022e+20  pmax=7.224e+16  Temax=3156 K  Gmax=3.087e+27  Id=2.336e-04 A/um  bal=-1.91e-04  (21.8s)
outer  4  dphi=2.833e-02 V  NH=589  nmax=1.035e+20  pmax=7.273e+16  Temax=3142 K  Gmax=3.144e+27  Id=2.346e-04 A/um  bal=-1.68e-05  (22.2s)
outer  5  dphi=2.319e-02 V  NH=589  nmax=1.125e+20  pmax=7.070e+16  Temax=3126 K  Gmax=3.205e+27  Id=2.391e-04 A/um  bal=-2.63e-04  (22.0s)
outer  6  dphi=1.666e-02 V  NH=589  nmax=1.064e+20  pmax=6.512e+16  Temax=3103 K  Gmax=3.203e+27  Id=2.509e-04 A/um  bal=-1.16e-04  (21.2s)
outer  7  dphi=1.018e-02 V  NH=589  nmax=1.012e+20  pmax=5.859e+16  Temax=3038 K  Gmax=3.051e+27  Id=2.758e-04 A/um  bal=8.21e-05  (21.2s)
outer  8  dphi=8.354e-03 V  NH=589  nmax=1.041e+20  pmax=5.428e+16  Temax=3001 K  Gmax=2.822e+27  Id=2.848e-04 A/um  bal=4.03e-04  (21.0s)
outer  9  dphi=6.398e-03 V  NH=589  nmax=1.059e+20  pmax=4.922e+16  Temax=2977 K  Gmax=2.492e+27  Id=2.930e-04 A/um  bal=7.13e-05  (21.1s)
outer 10  dphi=6.488e-03 V  NH=589  nmax=1.031e+20  pmax=4.737e+16  Temax=2958 K  Gmax=2.322e+27  Id=2.929e-04 A/um  bal=-8.01e-05  (21.2s)
outer 11  dphi=5.999e-03 V  NH=589  nmax=1.051e+20  pmax=4.550e+16  Temax=2940 K  Gmax=2.162e+27  Id=2.916e-04 A/um  bal=-1.47e-04  (21.2s)
outer 12  dphi=5.421e-03 V  NH=589  nmax=1.059e+20  pmax=4.254e+16  Temax=2899 K  Gmax=1.954e+27  Id=2.922e-04 A/um  bal=-1.79e-04  (22.6s)
outer 13  dphi=4.765e-03 V  NH=589  nmax=1.046e+20  pmax=4.034e+16  Temax=2913 K  Gmax=1.814e+27  Id=2.880e-04 A/um  bal=-5.42e-05  (23.5s)
outer 14  dphi=4.876e-03 V  NH=589  nmax=1.058e+20  pmax=4.086e+16  Temax=2919 K  Gmax=1.827e+27  Id=2.874e-04 A/um  bal=-2.49e-04  (21.3s)
outer 15  dphi=5.141e-03 V  NH=589  nmax=1.070e+20  pmax=4.082e+16  Temax=2905 K  Gmax=1.823e+27  Id=2.862e-04 A/um  bal=-6.33e-05  (23.8s)
outer 16  dphi=5.000e-03 V  NH=589  nmax=1.113e+20  pmax=3.957e+16  Temax=2905 K  Gmax=1.743e+27  Id=2.875e-04 A/um  bal=-4.81e-05  (23.3s)
outer 17  dphi=4.384e-03 V  NH=589  nmax=1.067e+20  pmax=4.118e+16  Temax=2914 K  Gmax=1.860e+27  Id=2.918e-04 A/um  bal=-5.17e-05  (23.3s)
outer 18  dphi=5.668e-03 V  NH=589  nmax=1.056e+20  pmax=4.219e+16  Temax=2913 K  Gmax=1.926e+27  Id=2.855e-04 A/um  bal=-1.65e-04  (21.2s)
outer 19  dphi=4.960e-03 V  NH=589  nmax=1.080e+20  pmax=4.077e+16  Temax=2923 K  Gmax=1.826e+27  Id=2.863e-04 A/um  bal=-2.03e-04  (21.0s)
outer 20  dphi=4.333e-03 V  NH=589  nmax=1.097e+20  pmax=3.860e+16  Temax=2893 K  Gmax=1.564e+27  Id=2.881e-04 A/um  bal=-3.27e-04  (21.5s)
outer 21  dphi=3.794e-03 V  NH=589  nmax=1.098e+20  pmax=3.585e+16  Temax=2852 K  Gmax=1.302e+27  Id=2.892e-04 A/um  bal=-1.20e-04  (20.7s)
outer 22  dphi=3.584e-03 V  NH=589  nmax=1.083e+20  pmax=3.405e+16  Temax=2847 K  Gmax=1.167e+27  Id=2.905e-04 A/um  bal=-7.58e-06  (19.8s)
outer 23  dphi=2.695e-03 V  NH=589  nmax=1.061e+20  pmax=3.280e+16  Temax=2777 K  Gmax=1.073e+27  Id=2.955e-04 A/um  bal=3.80e-04  (20.5s)
outer 24  dphi=2.647e-03 V  NH=589  nmax=1.039e+20  pmax=3.256e+16  Temax=2762 K  Gmax=1.045e+27  Id=2.951e-04 A/um  bal=2.78e-04  (20.7s)
outer 25  dphi=2.759e-03 V  NH=589  nmax=1.062e+20  pmax=3.119e+16  Temax=2789 K  Gmax=1.001e+27  Id=2.898e-04 A/um  bal=3.25e-04  (20.4s)
outer 26  dphi=2.716e-03 V  NH=589  nmax=1.062e+20  pmax=2.992e+16  Temax=2773 K  Gmax=9.342e+26  Id=2.888e-04 A/um  bal=3.36e-04  (22.3s)
outer 27  dphi=2.624e-03 V  NH=589  nmax=1.047e+20  pmax=2.858e+16  Temax=2740 K  Gmax=8.737e+26  Id=2.884e-04 A/um  bal=2.53e-04  (22.6s)
outer 28  dphi=2.445e-03 V  NH=589  nmax=1.038e+20  pmax=2.786e+16  Temax=2746 K  Gmax=8.299e+26  Id=2.885e-04 A/um  bal=-7.43e-08  (23.0s)
outer 29  dphi=2.429e-03 V  NH=589  nmax=1.049e+20  pmax=2.809e+16  Temax=2750 K  Gmax=8.324e+26  Id=2.881e-04 A/um  bal=1.95e-04  (22.6s)
outer 30  dphi=2.497e-03 V  NH=589  nmax=1.057e+20  pmax=2.809e+16  Temax=2725 K  Gmax=8.451e+26  Id=2.877e-04 A/um  bal=4.12e-04  (21.8s)
outer 31  dphi=2.420e-03 V  NH=589  nmax=1.055e+20  pmax=2.824e+16  Temax=2726 K  Gmax=8.416e+26  Id=2.873e-04 A/um  bal=1.78e-04  (22.3s)
outer 32  dphi=2.308e-03 V  NH=589  nmax=1.036e+20  pmax=2.783e+16  Temax=2739 K  Gmax=8.073e+26  Id=2.870e-04 A/um  bal=2.09e-04  (22.5s)
outer 33  dphi=2.571e-03 V  NH=589  nmax=1.047e+20  pmax=2.813e+16  Temax=2726 K  Gmax=8.464e+26  Id=2.875e-04 A/um  bal=4.30e-04  (20.8s)
outer 34  dphi=2.686e-03 V  NH=589  nmax=1.046e+20  pmax=2.822e+16  Temax=2754 K  Gmax=8.310e+26  Id=2.877e-04 A/um  bal=2.22e-04  (22.6s)
outer 35  dphi=2.510e-03 V  NH=589  nmax=1.057e+20  pmax=2.783e+16  Temax=2742 K  Gmax=8.163e+26  Id=2.876e-04 A/um  bal=2.21e-04  (21.3s)
outer 36  dphi=2.412e-03 V  NH=589  nmax=1.053e+20  pmax=2.803e+16  Temax=2749 K  Gmax=8.173e+26  Id=2.871e-04 A/um  bal=2.24e-04  (20.3s)
outer 37  dphi=2.328e-03 V  NH=589  nmax=1.057e+20  pmax=2.775e+16  Temax=2751 K  Gmax=8.155e+26  Id=2.869e-04 A/um  bal=1.86e-04  (21.5s)
outer 38  dphi=2.716e-03 V  NH=589  nmax=1.060e+20  pmax=2.760e+16  Temax=2749 K  Gmax=8.053e+26  Id=2.864e-04 A/um  bal=1.53e-04  (21.5s)
outer 39  dphi=2.442e-03 V  NH=589  nmax=1.040e+20  pmax=2.752e+16  Temax=2728 K  Gmax=8.043e+26  Id=2.860e-04 A/um  bal=1.88e-04  (21.7s)

=== Anderson AA(6) beta=0.50  40x34 (Phi_gate=-0.74)  [frozen H-grid] ===
reached tol 1e-4?  False   final raw residual = 2.442e-03 V  in 40 iters
residual: first=5.625e-02 -> last=2.442e-03
Gii_max : first=4.612e+27 -> last=8.043e+26
Gii last-4 relative spread = 1.61e-02  (PLATEAU if small; Picard 50-iter stayed ~4e-2, still falling)
Te_max=2728 K  Id=2.860e-04 A/um  n_max=1.040e+20
saved data/she2d_coupled_anderson_40x34_frozenH.npz
consistency: saved Gii_max 8.0432e+26 == trajectory-last 8.0432e+26 (same iterate; residual 2.442e-03 V)
