continuing drain-refined 100x70 from saved plateau-tail (warm-start phi,p); maxouter=60
outer  0  dphi=3.135e-03 V  NH=589  nmax=1.036e+20  pmax=1.000e+16  Temax=3120 K  Gmax=1.673e+25  Id=2.814e-04 A/um  bal=-1.31e-04  (170.9s)
outer  1  dphi=2.881e-03 V  NH=589  nmax=1.011e+20  pmax=1.000e+16  Temax=3119 K  Gmax=1.682e+25  Id=2.829e-04 A/um  bal=-1.49e-04  (174.0s)
outer  2  dphi=2.505e-03 V  NH=589  nmax=1.010e+20  pmax=1.000e+16  Temax=3119 K  Gmax=1.687e+25  Id=2.836e-04 A/um  bal=-1.39e-04  (178.2s)
outer  3  dphi=1.955e-03 V  NH=589  nmax=1.036e+20  pmax=1.000e+16  Temax=3120 K  Gmax=1.697e+25  Id=2.851e-04 A/um  bal=-1.18e-04  (172.9s)
outer  4  dphi=1.916e-03 V  NH=589  nmax=1.042e+20  pmax=1.000e+16  Temax=3120 K  Gmax=1.703e+25  Id=2.860e-04 A/um  bal=-1.23e-04  (173.7s)
outer  5  dphi=1.638e-03 V  NH=589  nmax=1.059e+20  pmax=1.000e+16  Temax=3121 K  Gmax=1.708e+25  Id=2.867e-04 A/um  bal=-1.12e-04  (173.4s)
outer  6  dphi=1.989e-03 V  NH=589  nmax=1.041e+20  pmax=1.000e+16  Temax=3122 K  Gmax=1.713e+25  Id=2.872e-04 A/um  bal=-1.27e-04  (172.8s)
outer  7  dphi=1.802e-03 V  NH=589  nmax=1.043e+20  pmax=1.000e+16  Temax=3123 K  Gmax=1.719e+25  Id=2.877e-04 A/um  bal=-1.33e-04  (173.9s)
outer  8  dphi=1.727e-03 V  NH=589  nmax=1.013e+20  pmax=1.000e+16  Temax=3124 K  Gmax=1.723e+25  Id=2.876e-04 A/um  bal=-1.45e-04  (173.5s)
outer  9  dphi=1.935e-03 V  NH=589  nmax=1.021e+20  pmax=1.000e+16  Temax=3124 K  Gmax=1.727e+25  Id=2.877e-04 A/um  bal=-2.54e-04  (179.8s)
outer 10  dphi=2.216e-03 V  NH=589  nmax=1.037e+20  pmax=1.000e+16  Temax=3124 K  Gmax=1.727e+25  Id=2.880e-04 A/um  bal=-1.99e-04  (175.1s)
outer 11  dphi=2.169e-03 V  NH=589  nmax=1.053e+20  pmax=1.000e+16  Temax=3124 K  Gmax=1.729e+25  Id=2.882e-04 A/um  bal=-1.97e-04  (174.6s)
outer 12  dphi=1.845e-03 V  NH=589  nmax=1.015e+20  pmax=1.000e+16  Temax=3125 K  Gmax=1.727e+25  Id=2.876e-04 A/um  bal=-2.50e-04  (175.7s)
outer 13  dphi=2.250e-03 V  NH=589  nmax=1.012e+20  pmax=1.000e+16  Temax=3125 K  Gmax=1.726e+25  Id=2.873e-04 A/um  bal=-2.34e-04  (174.6s)
outer 14  dphi=1.836e-03 V  NH=589  nmax=1.013e+20  pmax=1.000e+16  Temax=3125 K  Gmax=1.726e+25  Id=2.874e-04 A/um  bal=-2.28e-04  (175.0s)
outer 15  dphi=2.260e-03 V  NH=589  nmax=1.013e+20  pmax=1.000e+16  Temax=3124 K  Gmax=1.726e+25  Id=2.875e-04 A/um  bal=-2.51e-04  (180.0s)
outer 16  dphi=2.635e-03 V  NH=589  nmax=1.013e+20  pmax=1.000e+16  Temax=3124 K  Gmax=1.725e+25  Id=2.874e-04 A/um  bal=-2.08e-04  (175.4s)
outer 17  dphi=2.583e-03 V  NH=589  nmax=1.013e+20  pmax=1.000e+16  Temax=3124 K  Gmax=1.725e+25  Id=2.874e-04 A/um  bal=-2.11e-04  (174.6s)
outer 18  dphi=2.314e-03 V  NH=589  nmax=1.018e+20  pmax=1.000e+16  Temax=3125 K  Gmax=1.724e+25  Id=2.869e-04 A/um  bal=-2.12e-04  (174.1s)
outer 19  dphi=2.263e-03 V  NH=589  nmax=1.012e+20  pmax=1.000e+16  Temax=3125 K  Gmax=1.723e+25  Id=2.867e-04 A/um  bal=-2.08e-04  (174.1s)
outer 20  dphi=2.390e-03 V  NH=589  nmax=1.012e+20  pmax=1.000e+16  Temax=3125 K  Gmax=1.724e+25  Id=2.870e-04 A/um  bal=-2.27e-04  (175.1s)
outer 21  dphi=2.457e-03 V  NH=589  nmax=1.012e+20  pmax=1.000e+16  Temax=3124 K  Gmax=1.724e+25  Id=2.871e-04 A/um  bal=-2.30e-04  (175.3s)
outer 22  dphi=2.358e-03 V  NH=589  nmax=1.012e+20  pmax=1.000e+16  Temax=3125 K  Gmax=1.724e+25  Id=2.871e-04 A/um  bal=-2.18e-04  (175.2s)
outer 23  dphi=2.853e-03 V  NH=589  nmax=1.127e+20  pmax=1.000e+16  Temax=3125 K  Gmax=1.731e+25  Id=2.873e-04 A/um  bal=-2.47e-04  (175.9s)
outer 24  dphi=1.791e-03 V  NH=589  nmax=1.019e+20  pmax=1.000e+16  Temax=3125 K  Gmax=1.732e+25  Id=2.872e-04 A/um  bal=-2.53e-04  (174.4s)
outer 25  dphi=1.912e-03 V  NH=589  nmax=1.019e+20  pmax=1.000e+16  Temax=3125 K  Gmax=1.733e+25  Id=2.872e-04 A/um  bal=-2.59e-04  (174.9s)
outer 26  dphi=1.876e-03 V  NH=589  nmax=1.011e+20  pmax=1.000e+16  Temax=3125 K  Gmax=1.733e+25  Id=2.872e-04 A/um  bal=-2.62e-04  (176.2s)
outer 27  dphi=2.565e-03 V  NH=589  nmax=1.116e+20  pmax=1.000e+16  Temax=3125 K  Gmax=1.734e+25  Id=2.873e-04 A/um  bal=-2.68e-04  (176.2s)
outer 28  dphi=3.595e-03 V  NH=589  nmax=1.161e+20  pmax=1.000e+16  Temax=3125 K  Gmax=1.742e+25  Id=2.878e-04 A/um  bal=-1.99e-04  (173.9s)
outer 29  dphi=3.644e-03 V  NH=589  nmax=1.164e+20  pmax=1.000e+16  Temax=3126 K  Gmax=1.751e+25  Id=2.886e-04 A/um  bal=-1.79e-04  (174.8s)
outer 30  dphi=1.550e-03 V  NH=589  nmax=1.015e+20  pmax=1.000e+16  Temax=3127 K  Gmax=1.755e+25  Id=2.891e-04 A/um  bal=-2.05e-04  (174.5s)
outer 31  dphi=1.273e-03 V  NH=589  nmax=1.013e+20  pmax=1.000e+16  Temax=3127 K  Gmax=1.758e+25  Id=2.895e-04 A/um  bal=-2.02e-04  (174.0s)
outer 32  dphi=1.101e-03 V  NH=589  nmax=1.015e+20  pmax=1.000e+16  Temax=3127 K  Gmax=1.762e+25  Id=2.900e-04 A/um  bal=-1.90e-04  (174.3s)
outer 33  dphi=9.942e-04 V  NH=589  nmax=1.012e+20  pmax=1.000e+16  Temax=3127 K  Gmax=1.765e+25  Id=2.904e-04 A/um  bal=-1.77e-04  (175.3s)
outer 34  dphi=9.729e-04 V  NH=589  nmax=1.012e+20  pmax=1.000e+16  Temax=3128 K  Gmax=1.767e+25  Id=2.906e-04 A/um  bal=-1.81e-04  (174.4s)
outer 35  dphi=1.059e-03 V  NH=589  nmax=1.024e+20  pmax=1.000e+16  Temax=3128 K  Gmax=1.766e+25  Id=2.903e-04 A/um  bal=-1.85e-04  (173.0s)
outer 36  dphi=1.118e-03 V  NH=589  nmax=1.012e+20  pmax=1.000e+16  Temax=3128 K  Gmax=1.769e+25  Id=2.906e-04 A/um  bal=-1.70e-04  (174.5s)
outer 37  dphi=8.946e-04 V  NH=589  nmax=1.012e+20  pmax=1.000e+16  Temax=3129 K  Gmax=1.772e+25  Id=2.911e-04 A/um  bal=-1.55e-04  (174.8s)
outer 38  dphi=9.456e-04 V  NH=589  nmax=1.025e+20  pmax=1.000e+16  Temax=3130 K  Gmax=1.775e+25  Id=2.913e-04 A/um  bal=-1.60e-04  (173.9s)
outer 39  dphi=8.480e-04 V  NH=589  nmax=1.012e+20  pmax=1.000e+16  Temax=3130 K  Gmax=1.777e+25  Id=2.914e-04 A/um  bal=-1.56e-04  (173.8s)
outer 40  dphi=8.193e-04 V  NH=589  nmax=1.011e+20  pmax=1.000e+16  Temax=3130 K  Gmax=1.777e+25  Id=2.915e-04 A/um  bal=-1.53e-04  (173.3s)
outer 41  dphi=9.231e-04 V  NH=589  nmax=1.019e+20  pmax=1.000e+16  Temax=3130 K  Gmax=1.777e+25  Id=2.916e-04 A/um  bal=-1.56e-04  (174.7s)
outer 42  dphi=1.202e-03 V  NH=589  nmax=1.011e+20  pmax=1.000e+16  Temax=3130 K  Gmax=1.778e+25  Id=2.916e-04 A/um  bal=-1.52e-04  (173.3s)
outer 43  dphi=1.369e-03 V  NH=589  nmax=1.012e+20  pmax=1.000e+16  Temax=3130 K  Gmax=1.777e+25  Id=2.916e-04 A/um  bal=-1.53e-04  (174.4s)
outer 44  dphi=1.105e-03 V  NH=589  nmax=1.040e+20  pmax=1.000e+16  Temax=3130 K  Gmax=1.776e+25  Id=2.914e-04 A/um  bal=-1.41e-04  (173.5s)
outer 45  dphi=1.536e-03 V  NH=589  nmax=1.035e+20  pmax=1.000e+16  Temax=3130 K  Gmax=1.781e+25  Id=2.918e-04 A/um  bal=-1.56e-04  (173.0s)
outer 46  dphi=2.576e-03 V  NH=589  nmax=1.063e+20  pmax=1.000e+16  Temax=3130 K  Gmax=1.783e+25  Id=2.919e-04 A/um  bal=-1.61e-04  (174.7s)
outer 47  dphi=9.349e-04 V  NH=589  nmax=1.019e+20  pmax=1.000e+16  Temax=3130 K  Gmax=1.787e+25  Id=2.923e-04 A/um  bal=-1.39e-04  (179.1s)
outer 48  dphi=6.399e-04 V  NH=589  nmax=1.016e+20  pmax=1.000e+16  Temax=3130 K  Gmax=1.790e+25  Id=2.926e-04 A/um  bal=-1.30e-04  (179.1s)
outer 49  dphi=7.357e-04 V  NH=589  nmax=1.031e+20  pmax=1.000e+16  Temax=3130 K  Gmax=1.789e+25  Id=2.925e-04 A/um  bal=-1.42e-04  (174.5s)
outer 50  dphi=7.156e-04 V  NH=589  nmax=1.011e+20  pmax=1.000e+16  Temax=3130 K  Gmax=1.784e+25  Id=2.921e-04 A/um  bal=-1.51e-04  (173.2s)
outer 51  dphi=7.706e-04 V  NH=589  nmax=1.011e+20  pmax=1.000e+16  Temax=3130 K  Gmax=1.780e+25  Id=2.918e-04 A/um  bal=-1.46e-04  (172.8s)
outer 52  dphi=7.835e-04 V  NH=589  nmax=1.011e+20  pmax=1.000e+16  Temax=3130 K  Gmax=1.779e+25  Id=2.917e-04 A/um  bal=-1.49e-04  (173.6s)
outer 53  dphi=1.862e-03 V  NH=589  nmax=1.011e+20  pmax=1.000e+16  Temax=3130 K  Gmax=1.785e+25  Id=2.920e-04 A/um  bal=-1.49e-04  (174.5s)
outer 54  dphi=3.107e-03 V  NH=589  nmax=1.011e+20  pmax=1.000e+16  Temax=3131 K  Gmax=1.800e+25  Id=2.924e-04 A/um  bal=-1.82e-04  (172.9s)
outer 55  dphi=8.488e-04 V  NH=589  nmax=1.011e+20  pmax=1.000e+16  Temax=3131 K  Gmax=1.805e+25  Id=2.927e-04 A/um  bal=-1.59e-04  (173.7s)
outer 56  dphi=5.937e-04 V  NH=589  nmax=1.011e+20  pmax=1.000e+16  Temax=3131 K  Gmax=1.808e+25  Id=2.929e-04 A/um  bal=-1.59e-04  (174.5s)
outer 57  dphi=7.126e-04 V  NH=589  nmax=1.011e+20  pmax=1.000e+16  Temax=3131 K  Gmax=1.806e+25  Id=2.928e-04 A/um  bal=-1.59e-04  (174.0s)
outer 58  dphi=7.271e-04 V  NH=589  nmax=1.011e+20  pmax=1.000e+16  Temax=3131 K  Gmax=1.804e+25  Id=2.927e-04 A/um  bal=-1.61e-04  (173.9s)
outer 59  dphi=7.592e-04 V  NH=589  nmax=1.011e+20  pmax=1.000e+16  Temax=3131 K  Gmax=1.801e+25  Id=2.925e-04 A/um  bal=-1.82e-04  (178.9s)

=== DRAIN-REFINED 4th point CONTINUED (frozen H, Anderson, warm-start) ===
Gii_max = 1.801e+25 at (x=0.589, y=0.000) um
Te_max  = 3131 K   n_max = 1.011e+20
final residual = 7.592e-04 V   last-4 Gii plateau spread = 4.07e-03
G_tot = int Gii dA = 5.0529e+13 cm^-1 s^-1
Gmax trajectory (this continuation): 1.673e+25 1.682e+25 1.687e+25 1.697e+25 1.703e+25 1.708e+25 1.713e+25 1.719e+25 1.723e+25 1.727e+25 1.727e+25 1.729e+25 1.727e+25 1.726e+25 1.726e+25 1.726e+25 1.725e+25 1.725e+25 1.724e+25 1.723e+25 1.724e+25 1.724e+25 1.724e+25 1.731e+25 1.732e+25 1.733e+25 1.733e+25 1.734e+25 1.742e+25 1.751e+25 1.755e+25 1.758e+25 1.762e+25 1.765e+25 1.767e+25 1.766e+25 1.769e+25 1.772e+25 1.775e+25 1.777e+25 1.777e+25 1.777e+25 1.778e+25 1.777e+25 1.776e+25 1.781e+25 1.783e+25 1.787e+25 1.790e+25 1.789e+25 1.784e+25 1.780e+25 1.779e+25 1.785e+25 1.800e+25 1.805e+25 1.808e+25 1.806e+25 1.804e+25 1.801e+25
saved data/she2d_coupled_anderson_drainrefined_cont.npz
