outer  0  dphi=4.895e-02 V  NH=589  nmax=1.681e+20  pmax=1.818e+17  Temax=3483 K  Gmax=2.115e+27  Id=5.374e-04 A/um  bal=-1.80e-04  (54.3s)
outer  1  dphi=4.160e-02 V  NH=589  nmax=1.210e+20  pmax=9.040e+16  Temax=3534 K  Gmax=1.756e+27  Id=3.860e-04 A/um  bal=-2.96e-05  (54.2s)
outer  2  dphi=3.525e-02 V  NH=589  nmax=1.061e+20  pmax=4.254e+16  Temax=3598 K  Gmax=1.427e+27  Id=2.587e-04 A/um  bal=2.41e-04  (52.4s)
outer  3  dphi=3.109e-02 V  NH=589  nmax=1.042e+20  pmax=4.327e+16  Temax=3605 K  Gmax=1.355e+27  Id=2.386e-04 A/um  bal=-1.54e-04  (51.7s)
outer  4  dphi=2.876e-02 V  NH=589  nmax=1.018e+20  pmax=4.665e+16  Temax=3605 K  Gmax=1.398e+27  Id=2.488e-04 A/um  bal=7.65e-05  (51.6s)
outer  5  dphi=2.347e-02 V  NH=589  nmax=1.148e+20  pmax=4.083e+16  Temax=3583 K  Gmax=1.311e+27  Id=2.424e-04 A/um  bal=1.40e-04  (48.4s)
outer  6  dphi=1.651e-02 V  NH=589  nmax=1.114e+20  pmax=3.920e+16  Temax=3533 K  Gmax=1.291e+27  Id=2.710e-04 A/um  bal=-9.40e-04  (55.3s)
outer  7  dphi=1.075e-02 V  NH=589  nmax=1.086e+20  pmax=3.205e+16  Temax=3462 K  Gmax=1.117e+27  Id=2.855e-04 A/um  bal=-7.65e-04  (57.7s)
outer  8  dphi=9.039e-03 V  NH=589  nmax=1.066e+20  pmax=2.789e+16  Temax=3421 K  Gmax=9.850e+26  Id=2.889e-04 A/um  bal=-8.45e-04  (55.3s)
outer  9  dphi=8.152e-03 V  NH=589  nmax=1.089e+20  pmax=2.512e+16  Temax=3385 K  Gmax=8.685e+26  Id=2.919e-04 A/um  bal=-7.10e-04  (55.8s)
outer 10  dphi=7.004e-03 V  NH=589  nmax=1.077e+20  pmax=2.316e+16  Temax=3346 K  Gmax=7.553e+26  Id=2.963e-04 A/um  bal=-3.92e-04  (52.0s)
outer 11  dphi=5.990e-03 V  NH=589  nmax=1.078e+20  pmax=2.044e+16  Temax=3296 K  Gmax=6.276e+26  Id=2.978e-04 A/um  bal=-2.58e-04  (51.8s)
outer 12  dphi=4.083e-03 V  NH=589  nmax=1.072e+20  pmax=1.763e+16  Temax=3240 K  Gmax=4.980e+26  Id=3.049e-04 A/um  bal=-1.68e-04  (51.3s)
outer 13  dphi=4.281e-03 V  NH=589  nmax=1.071e+20  pmax=1.569e+16  Temax=3197 K  Gmax=4.049e+26  Id=2.963e-04 A/um  bal=-4.70e-06  (51.5s)
outer 14  dphi=3.837e-03 V  NH=589  nmax=1.051e+20  pmax=1.455e+16  Temax=3181 K  Gmax=3.765e+26  Id=2.965e-04 A/um  bal=-3.99e-06  (52.1s)
outer 15  dphi=3.776e-03 V  NH=589  nmax=1.095e+20  pmax=1.395e+16  Temax=3168 K  Gmax=3.536e+26  Id=2.962e-04 A/um  bal=7.24e-05  (51.6s)
outer 16  dphi=3.393e-03 V  NH=589  nmax=1.070e+20  pmax=1.237e+16  Temax=3140 K  Gmax=3.141e+26  Id=2.954e-04 A/um  bal=1.62e-04  (53.3s)
outer 17  dphi=3.116e-03 V  NH=589  nmax=1.070e+20  pmax=1.133e+16  Temax=3115 K  Gmax=2.830e+26  Id=2.944e-04 A/um  bal=1.41e-04  (53.0s)
outer 18  dphi=2.954e-03 V  NH=589  nmax=1.071e+20  pmax=1.073e+16  Temax=3114 K  Gmax=2.729e+26  Id=2.937e-04 A/um  bal=1.52e-04  (52.8s)
outer 19  dphi=3.037e-03 V  NH=589  nmax=1.063e+20  pmax=1.055e+16  Temax=3107 K  Gmax=2.665e+26  Id=2.932e-04 A/um  bal=1.82e-04  (51.3s)
outer 20  dphi=2.878e-03 V  NH=589  nmax=1.092e+20  pmax=1.000e+16  Temax=3072 K  Gmax=2.299e+26  Id=2.931e-04 A/um  bal=1.46e-04  (51.5s)
outer 21  dphi=2.723e-03 V  NH=589  nmax=1.073e+20  pmax=1.000e+16  Temax=3092 K  Gmax=2.514e+26  Id=2.921e-04 A/um  bal=1.93e-04  (50.9s)
outer 22  dphi=2.957e-03 V  NH=589  nmax=1.091e+20  pmax=1.000e+16  Temax=3104 K  Gmax=2.538e+26  Id=2.907e-04 A/um  bal=1.61e-04  (51.3s)
outer 23  dphi=2.911e-03 V  NH=589  nmax=1.073e+20  pmax=1.000e+16  Temax=3114 K  Gmax=2.659e+26  Id=2.899e-04 A/um  bal=8.42e-05  (52.8s)
outer 24  dphi=2.910e-03 V  NH=589  nmax=1.060e+20  pmax=1.000e+16  Temax=3107 K  Gmax=2.581e+26  Id=2.896e-04 A/um  bal=9.80e-05  (49.9s)
outer 25  dphi=2.926e-03 V  NH=589  nmax=1.070e+20  pmax=1.000e+16  Temax=3112 K  Gmax=2.626e+26  Id=2.898e-04 A/um  bal=1.17e-04  (53.4s)
outer 26  dphi=2.892e-03 V  NH=589  nmax=1.078e+20  pmax=1.000e+16  Temax=3112 K  Gmax=2.656e+26  Id=2.905e-04 A/um  bal=1.11e-04  (52.0s)
outer 27  dphi=2.973e-03 V  NH=589  nmax=1.091e+20  pmax=1.000e+16  Temax=3109 K  Gmax=2.618e+26  Id=2.904e-04 A/um  bal=8.84e-05  (52.7s)
outer 28  dphi=2.743e-03 V  NH=589  nmax=1.040e+20  pmax=1.000e+16  Temax=3110 K  Gmax=2.600e+26  Id=2.903e-04 A/um  bal=6.74e-05  (53.2s)
outer 29  dphi=2.673e-03 V  NH=589  nmax=1.033e+20  pmax=1.000e+16  Temax=3111 K  Gmax=2.589e+26  Id=2.902e-04 A/um  bal=6.81e-05  (52.4s)
outer 30  dphi=2.612e-03 V  NH=589  nmax=1.041e+20  pmax=1.000e+16  Temax=3104 K  Gmax=2.581e+26  Id=2.901e-04 A/um  bal=8.01e-05  (51.2s)
outer 31  dphi=2.616e-03 V  NH=589  nmax=1.063e+20  pmax=1.000e+16  Temax=3103 K  Gmax=2.553e+26  Id=2.900e-04 A/um  bal=7.56e-05  (53.3s)
outer 32  dphi=2.462e-03 V  NH=589  nmax=1.076e+20  pmax=1.000e+16  Temax=3106 K  Gmax=2.512e+26  Id=2.898e-04 A/um  bal=1.88e-04  (52.4s)
outer 33  dphi=2.464e-03 V  NH=589  nmax=1.048e+20  pmax=1.000e+16  Temax=3108 K  Gmax=2.475e+26  Id=2.898e-04 A/um  bal=5.26e-05  (52.3s)
outer 34  dphi=2.288e-03 V  NH=589  nmax=1.051e+20  pmax=1.000e+16  Temax=3110 K  Gmax=2.429e+26  Id=2.898e-04 A/um  bal=1.46e-04  (51.1s)
outer 35  dphi=2.323e-03 V  NH=589  nmax=1.050e+20  pmax=1.000e+16  Temax=3104 K  Gmax=2.346e+26  Id=2.901e-04 A/um  bal=1.12e-04  (50.9s)
outer 36  dphi=2.307e-03 V  NH=589  nmax=1.059e+20  pmax=1.000e+16  Temax=3100 K  Gmax=2.264e+26  Id=2.908e-04 A/um  bal=9.85e-05  (48.6s)
outer 37  dphi=2.202e-03 V  NH=589  nmax=1.051e+20  pmax=1.000e+16  Temax=3094 K  Gmax=2.210e+26  Id=2.920e-04 A/um  bal=6.28e-05  (50.9s)
outer 38  dphi=2.067e-03 V  NH=589  nmax=1.065e+20  pmax=1.000e+16  Temax=3093 K  Gmax=2.196e+26  Id=2.931e-04 A/um  bal=9.74e-05  (51.1s)
outer 39  dphi=1.775e-03 V  NH=589  nmax=1.080e+20  pmax=1.000e+16  Temax=3093 K  Gmax=2.196e+26  Id=2.937e-04 A/um  bal=3.65e-05  (51.1s)

=== Anderson AA(6) beta=0.50  60x50 (Phi_gate=-0.74)  [frozen H-grid] ===
reached tol 1e-4?  False   final raw residual = 1.775e-03 V  in 40 iters
residual: first=4.895e-02 -> last=1.775e-03
Gii_max : first=2.115e+27 -> last=2.196e+26
Gii last-4 relative spread = 3.07e-02  (PLATEAU if small; Picard 50-iter stayed ~4e-2, still falling)
Te_max=3093 K  Id=2.937e-04 A/um  n_max=1.080e+20
saved data/she2d_coupled_anderson_60x50_frozenH.npz
consistency: saved Gii_max 2.1958e+26 == trajectory-last 2.1958e+26 (same iterate; residual 1.775e-03 V)
