5th drain-graded mesh: Nx=140 Ny=84  min dx=0.00126 um @ drain (4th grid dx=0.0027)  cells=11760
warm-started by interpolating converged 100x70 (phi,p) onto 140x84
outer  0  dphi=5.033e-02 V  NH=589  nmax=1.033e+20  pmax=1.000e+16  Temax=3134 K  Gmax=1.701e+25  Id=3.172e-04 A/um  bal=-9.34e-05  (348.0s)
outer  1  dphi=3.602e-02 V  NH=589  nmax=1.027e+20  pmax=1.000e+16  Temax=3135 K  Gmax=1.736e+25  Id=3.217e-04 A/um  bal=-2.72e-04  (345.2s)
outer  2  dphi=1.919e-02 V  NH=589  nmax=1.051e+20  pmax=1.000e+16  Temax=3138 K  Gmax=1.847e+25  Id=3.377e-04 A/um  bal=7.88e-05  (346.0s)
outer  3  dphi=2.052e-02 V  NH=589  nmax=1.140e+20  pmax=1.000e+16  Temax=3137 K  Gmax=1.818e+25  Id=3.358e-04 A/um  bal=-3.17e-06  (352.1s)
outer  4  dphi=2.394e-02 V  NH=589  nmax=1.138e+20  pmax=1.000e+16  Temax=3135 K  Gmax=1.757e+25  Id=3.304e-04 A/um  bal=-7.90e-06  (376.6s)
outer  5  dphi=2.409e-02 V  NH=589  nmax=1.137e+20  pmax=1.000e+16  Temax=3135 K  Gmax=1.754e+25  Id=3.304e-04 A/um  bal=-2.92e-04  (376.9s)
outer  6  dphi=2.235e-02 V  NH=589  nmax=1.294e+20  pmax=1.000e+16  Temax=3138 K  Gmax=1.812e+25  Id=3.316e-04 A/um  bal=-1.97e-04  (378.7s)
outer  7  dphi=1.999e-02 V  NH=589  nmax=1.408e+20  pmax=1.000e+16  Temax=3152 K  Gmax=1.917e+25  Id=3.300e-04 A/um  bal=6.31e-05  (366.9s)
outer  8  dphi=1.862e-02 V  NH=589  nmax=1.398e+20  pmax=1.000e+16  Temax=3160 K  Gmax=1.992e+25  Id=3.243e-04 A/um  bal=-1.32e-05  (344.8s)
outer  9  dphi=1.575e-02 V  NH=589  nmax=1.261e+20  pmax=1.000e+16  Temax=3171 K  Gmax=2.059e+25  Id=3.197e-04 A/um  bal=3.81e-05  (331.4s)
outer 10  dphi=1.231e-02 V  NH=589  nmax=1.076e+20  pmax=1.000e+16  Temax=3179 K  Gmax=2.123e+25  Id=3.157e-04 A/um  bal=-1.74e-04  (346.8s)
outer 11  dphi=8.931e-03 V  NH=589  nmax=1.033e+20  pmax=1.000e+16  Temax=3184 K  Gmax=2.180e+25  Id=3.142e-04 A/um  bal=-2.34e-04  (372.6s)
outer 12  dphi=6.669e-03 V  NH=589  nmax=1.050e+20  pmax=1.000e+16  Temax=3188 K  Gmax=2.233e+25  Id=3.143e-04 A/um  bal=-1.43e-04  (367.1s)
outer 13  dphi=4.719e-03 V  NH=589  nmax=1.038e+20  pmax=1.000e+16  Temax=3192 K  Gmax=2.290e+25  Id=3.143e-04 A/um  bal=-2.26e-04  (371.9s)
outer 14  dphi=3.090e-03 V  NH=589  nmax=1.041e+20  pmax=1.000e+16  Temax=3196 K  Gmax=2.341e+25  Id=3.139e-04 A/um  bal=-1.18e-05  (376.4s)
outer 15  dphi=1.698e-03 V  NH=589  nmax=1.064e+20  pmax=1.000e+16  Temax=3200 K  Gmax=2.393e+25  Id=3.141e-04 A/um  bal=-2.63e-04  (375.9s)
outer 16  dphi=1.674e-03 V  NH=589  nmax=1.050e+20  pmax=1.000e+16  Temax=3204 K  Gmax=2.443e+25  Id=3.139e-04 A/um  bal=-4.97e-06  (349.2s)
outer 17  dphi=1.649e-03 V  NH=589  nmax=1.048e+20  pmax=1.000e+16  Temax=3209 K  Gmax=2.492e+25  Id=3.140e-04 A/um  bal=-2.53e-04  (373.7s)
outer 18  dphi=1.568e-03 V  NH=589  nmax=1.043e+20  pmax=1.000e+16  Temax=3212 K  Gmax=2.542e+25  Id=3.137e-04 A/um  bal=2.12e-05  (363.3s)
outer 19  dphi=1.908e-03 V  NH=589  nmax=1.054e+20  pmax=1.000e+16  Temax=3217 K  Gmax=2.586e+25  Id=3.134e-04 A/um  bal=-7.45e-05  (382.3s)
outer 20  dphi=1.850e-03 V  NH=589  nmax=1.057e+20  pmax=1.000e+16  Temax=3221 K  Gmax=2.629e+25  Id=3.124e-04 A/um  bal=5.90e-05  (421.5s)
outer 21  dphi=1.250e-03 V  NH=589  nmax=1.052e+20  pmax=1.000e+16  Temax=3223 K  Gmax=2.652e+25  Id=3.107e-04 A/um  bal=1.33e-04  (360.9s)
outer 22  dphi=1.297e-03 V  NH=589  nmax=1.052e+20  pmax=1.000e+16  Temax=3222 K  Gmax=2.639e+25  Id=3.098e-04 A/um  bal=-9.35e-06  (385.3s)
outer 23  dphi=1.359e-03 V  NH=589  nmax=1.054e+20  pmax=1.000e+16  Temax=3221 K  Gmax=2.627e+25  Id=3.101e-04 A/um  bal=8.57e-05  (354.9s)
outer 24  dphi=1.184e-03 V  NH=589  nmax=1.056e+20  pmax=1.000e+16  Temax=3217 K  Gmax=2.604e+25  Id=3.101e-04 A/um  bal=6.36e-05  (360.9s)
outer 25  dphi=1.247e-03 V  NH=589  nmax=1.059e+20  pmax=1.000e+16  Temax=3215 K  Gmax=2.590e+25  Id=3.098e-04 A/um  bal=-1.33e-05  (368.0s)
outer 26  dphi=1.091e-03 V  NH=589  nmax=1.046e+20  pmax=1.000e+16  Temax=3214 K  Gmax=2.594e+25  Id=3.100e-04 A/um  bal=1.00e-05  (359.8s)
outer 27  dphi=1.369e-03 V  NH=589  nmax=1.054e+20  pmax=1.000e+16  Temax=3215 K  Gmax=2.594e+25  Id=3.102e-04 A/um  bal=-4.23e-05  (384.5s)
outer 28  dphi=1.057e-03 V  NH=589  nmax=1.037e+20  pmax=1.000e+16  Temax=3214 K  Gmax=2.599e+25  Id=3.111e-04 A/um  bal=-1.95e-04  (378.5s)
outer 29  dphi=9.132e-04 V  NH=589  nmax=1.035e+20  pmax=1.000e+16  Temax=3214 K  Gmax=2.604e+25  Id=3.110e-04 A/um  bal=1.39e-05  (365.7s)
outer 30  dphi=8.593e-04 V  NH=589  nmax=1.031e+20  pmax=1.000e+16  Temax=3215 K  Gmax=2.608e+25  Id=3.110e-04 A/um  bal=-6.72e-06  (351.4s)
outer 31  dphi=1.091e-03 V  NH=589  nmax=1.052e+20  pmax=1.000e+16  Temax=3215 K  Gmax=2.613e+25  Id=3.110e-04 A/um  bal=1.28e-05  (353.2s)
outer 32  dphi=7.243e-04 V  NH=589  nmax=1.028e+20  pmax=1.000e+16  Temax=3216 K  Gmax=2.621e+25  Id=3.108e-04 A/um  bal=-3.16e-05  (354.9s)
outer 33  dphi=1.088e-03 V  NH=589  nmax=1.052e+20  pmax=1.000e+16  Temax=3217 K  Gmax=2.631e+25  Id=3.107e-04 A/um  bal=-6.60e-05  (383.8s)
outer 34  dphi=1.010e-03 V  NH=589  nmax=1.050e+20  pmax=1.000e+16  Temax=3218 K  Gmax=2.648e+25  Id=3.104e-04 A/um  bal=-1.63e-04  (380.4s)
outer 35  dphi=7.236e-04 V  NH=589  nmax=1.029e+20  pmax=1.000e+16  Temax=3219 K  Gmax=2.662e+25  Id=3.103e-04 A/um  bal=-2.70e-04  (380.4s)
outer 36  dphi=9.490e-04 V  NH=589  nmax=1.041e+20  pmax=1.000e+16  Temax=3220 K  Gmax=2.678e+25  Id=3.097e-04 A/um  bal=-1.48e-04  (386.5s)
outer 37  dphi=1.358e-03 V  NH=589  nmax=1.061e+20  pmax=1.000e+16  Temax=3221 K  Gmax=2.696e+25  Id=3.096e-04 A/um  bal=2.47e-06  (385.1s)
outer 38  dphi=6.839e-04 V  NH=589  nmax=1.032e+20  pmax=1.000e+16  Temax=3221 K  Gmax=2.707e+25  Id=3.090e-04 A/um  bal=4.21e-05  (372.0s)
outer 39  dphi=9.132e-04 V  NH=589  nmax=1.037e+20  pmax=1.000e+16  Temax=3222 K  Gmax=2.709e+25  Id=3.090e-04 A/um  bal=1.05e-04  (368.9s)
outer 40  dphi=1.038e-03 V  NH=589  nmax=1.052e+20  pmax=1.000e+16  Temax=3222 K  Gmax=2.720e+25  Id=3.083e-04 A/um  bal=2.69e-05  (384.8s)
outer 41  dphi=8.992e-04 V  NH=589  nmax=1.045e+20  pmax=1.000e+16  Temax=3222 K  Gmax=2.724e+25  Id=3.081e-04 A/um  bal=5.53e-05  (373.8s)
outer 42  dphi=9.760e-04 V  NH=589  nmax=1.042e+20  pmax=1.000e+16  Temax=3222 K  Gmax=2.726e+25  Id=3.081e-04 A/um  bal=-1.18e-04  (376.6s)
outer 43  dphi=8.586e-04 V  NH=589  nmax=1.044e+20  pmax=1.000e+16  Temax=3222 K  Gmax=2.728e+25  Id=3.078e-04 A/um  bal=1.76e-04  (357.4s)
outer 44  dphi=8.920e-04 V  NH=589  nmax=1.044e+20  pmax=1.000e+16  Temax=3221 K  Gmax=2.725e+25  Id=3.078e-04 A/um  bal=1.91e-05  (377.4s)
outer 45  dphi=8.601e-04 V  NH=589  nmax=1.037e+20  pmax=1.000e+16  Temax=3222 K  Gmax=2.726e+25  Id=3.081e-04 A/um  bal=-2.01e-04  (378.9s)
outer 46  dphi=4.492e-04 V  NH=589  nmax=1.023e+20  pmax=1.000e+16  Temax=3222 K  Gmax=2.723e+25  Id=3.079e-04 A/um  bal=-1.17e-04  (382.7s)
outer 47  dphi=3.648e-04 V  NH=589  nmax=1.018e+20  pmax=1.000e+16  Temax=3222 K  Gmax=2.726e+25  Id=3.080e-04 A/um  bal=-2.47e-05  (386.0s)
outer 48  dphi=8.268e-04 V  NH=589  nmax=1.039e+20  pmax=1.000e+16  Temax=3222 K  Gmax=2.722e+25  Id=3.079e-04 A/um  bal=-1.75e-04  (412.6s)
outer 49  dphi=5.610e-04 V  NH=589  nmax=1.029e+20  pmax=1.000e+16  Temax=3222 K  Gmax=2.722e+25  Id=3.080e-04 A/um  bal=-3.59e-04  (385.2s)
outer 50  dphi=9.033e-04 V  NH=589  nmax=1.045e+20  pmax=1.000e+16  Temax=3222 K  Gmax=2.719e+25  Id=3.078e-04 A/um  bal=-2.87e-05  (388.4s)
outer 51  dphi=8.257e-04 V  NH=589  nmax=1.039e+20  pmax=1.000e+16  Temax=3221 K  Gmax=2.718e+25  Id=3.079e-04 A/um  bal=-1.89e-04  (381.4s)
outer 52  dphi=5.856e-04 V  NH=589  nmax=1.030e+20  pmax=1.000e+16  Temax=3221 K  Gmax=2.718e+25  Id=3.078e-04 A/um  bal=1.01e-05  (355.1s)
outer 53  dphi=7.907e-04 V  NH=589  nmax=1.040e+20  pmax=1.000e+16  Temax=3220 K  Gmax=2.716e+25  Id=3.078e-04 A/um  bal=7.80e-06  (371.8s)
outer 54  dphi=8.502e-04 V  NH=589  nmax=1.040e+20  pmax=1.000e+16  Temax=3221 K  Gmax=2.717e+25  Id=3.078e-04 A/um  bal=3.38e-04  (386.7s)

=== DRAIN-REFINED 5th point (frozen H, Anderson, warm-start) ===
Gii_max = 2.717e+25 at (x=0.589, y=0.000) um
Te_max  = 3221 K   n_max = 1.040e+20
final residual = 8.502e-04 V   last-4 Gii plateau spread = 9.97e-04
G_tot = int Gii dA = 7.3751e+13 cm^-1 s^-1
Gmax trajectory: 1.701e+25 1.736e+25 1.847e+25 1.818e+25 1.757e+25 1.754e+25 1.812e+25 1.917e+25 1.992e+25 2.059e+25 2.123e+25 2.180e+25 2.233e+25 2.290e+25 2.341e+25 2.393e+25 2.443e+25 2.492e+25 2.542e+25 2.586e+25 2.629e+25 2.652e+25 2.639e+25 2.627e+25 2.604e+25 2.590e+25 2.594e+25 2.594e+25 2.599e+25 2.604e+25 2.608e+25 2.613e+25 2.621e+25 2.631e+25 2.648e+25 2.662e+25 2.678e+25 2.696e+25 2.707e+25 2.709e+25 2.720e+25 2.724e+25 2.726e+25 2.728e+25 2.725e+25 2.726e+25 2.723e+25 2.726e+25 2.722e+25 2.722e+25 2.719e+25 2.718e+25 2.718e+25 2.716e+25 2.717e+25
saved data/she2d_coupled_anderson_drainrefined5.npz
