=== SHE-moment output family Vgs=3.0 (primary) ===
  Vgs=3.0 Vds=0.50: Id_SHE=2.418e-04  Id_DD=3.215e-04  (mism=2.3e-05, 51s)
  Vgs=3.0 Vds=1.00: Id_SHE=4.267e-04  Id_DD=4.739e-04  (mism=5.1e-05, 51s)
  Vgs=3.0 Vds=2.00: Id_SHE=4.696e-04  Id_DD=5.045e-04  (mism=2.0e-04, 53s)
  Vgs=3.0 Vds=3.00: Id_SHE=5.179e-04  Id_DD=5.403e-04  (mism=1.0e-03, 53s)
=== SHE-moment subthreshold Vds=0.5 ===
  Vds=0.5 Vgs=0.60: Id_SHE=2.504e-07  Id_DD=4.661e-07  (22s)
  Vds=0.5 Vgs=0.80: Id_SHE=4.197e-06  Id_DD=7.796e-06  (24s)
  Vds=0.5 Vgs=1.00: Id_SHE=1.404e-05  Id_DD=2.697e-05  (27s)
  Vds=0.5 Vgs=1.20: Id_SHE=2.789e-05  Id_DD=5.455e-05  (33s)
=== SHE-moment output family Vgs=2.5 ===
  Vgs=2.5 Vds=0.50: Id_SHE=1.675e-04  Id_DD=2.548e-04  (mism=9.8e-06, 49s)
  Vgs=2.5 Vds=1.00: Id_SHE=2.763e-04  Id_DD=3.532e-04  (mism=2.6e-05, 49s)
  Vgs=2.5 Vds=2.00: Id_SHE=3.046e-04  Id_DD=3.797e-04  (mism=3.5e-04, 50s)
  Vgs=2.5 Vds=3.00: Id_SHE=3.386e-04  Id_DD=4.043e-04  (mism=1.7e-03, 50s)
=== SHE-moment output family Vgs=2.0 ===
  Vgs=2.0 Vds=0.50: Id_SHE=1.095e-04  Id_DD=1.817e-04  (mism=4.7e-05, 47s)
  Vgs=2.0 Vds=1.00: Id_SHE=1.485e-04  Id_DD=2.330e-04  (mism=6.6e-05, 48s)
  Vgs=2.0 Vds=2.00: Id_SHE=1.649e-04  Id_DD=2.544e-04  (mism=2.6e-05, 51s)
  Vgs=2.0 Vds=3.00: Id_SHE=1.789e-04  Id_DD=2.724e-04  (mism=2.0e-03, 56s)
wrote figures/she2d_iv_moment.png ; saved data/iv_moment.npz
