pre-solve ratio check  r_x=['1.4144', '1.4144']  r_y(surf)=['1.4104', '1.4249']  r_y(@0.020um)=['1.1674', '1.2229']  (target sqrt2=1.4142, tol 0.05)
WARNING: avalanche-depth dy ratios ['1.1674', '1.2229'] deviate from sqrt2 -- single-h G_tot extrapolation is surface-isotropic only; treat depth-sensitive G_tot fit with caution.
==============================================================================
RICHARDSON NODE MANIFEST (must be identical across the sequence except Nx,Ny,dx,dy)
  mesh law     : ratio=6.000  W=0.090 um  X_C=0.600 um   (x graded, y = Ly*s^1.8)
  grid         : Nx=100 Ny=70  (x-intervals=99, y-intervals=69, cells=7000)
  measured     : drain dx=0.002689 um  surface dy=0.000343 um  dy@0.020um=0.003738 um  h_rep=0.000960 um
  energy grid  : dH=0.0125 eV  eps_max=3.020 eV  COMMON frozen H-span=(-0.6, 3.65) V (identical all grids)
  SHE solve    : she_tol=1.0e-08
  Anderson     : depth=6  beta=0.50  step_cap=5.0  restart=6
  outer loop   : max_outer=90   tol_phi=1.0e-04
  stopping     : max|G(phi)-phi| over free DOFs < tol_phi (Anderson true fixed-point residual)
  last-4 spread: (max-min)/mean of the last 4 outer-iteration Gii_max values
  init policy  : DD Gummel warm-up, then override with warm-start npz
  warm source  : she2d_richardson_100x70_stage1.npz
  provenance   : git 676e74f (dirty)
  bias         : Vg=Vd=3 V  Vs=Vb=0   Phi_gate=-0.740 V
==============================================================================
warm-started from she2d_richardson_100x70_stage1.npz (interpolated phi,p)
outer  0  dphi=1.038e-03 V  NH=591  nmax=1.010e+20  pmax=1.000e+16  Temax=3130 K  Gmax=1.806e+25  Id=2.943e-04 A/um  bal=-1.82e-04  (165.1s)
outer  1  dphi=1.140e-03 V  NH=591  nmax=1.010e+20  pmax=1.000e+16  Temax=3130 K  Gmax=1.812e+25  Id=2.948e-04 A/um  bal=-2.46e-04  (166.5s)
outer  2  dphi=7.933e-04 V  NH=591  nmax=1.010e+20  pmax=1.000e+16  Temax=3130 K  Gmax=1.813e+25  Id=2.949e-04 A/um  bal=-2.45e-04  (164.0s)
outer  3  dphi=1.009e-03 V  NH=591  nmax=1.010e+20  pmax=1.000e+16  Temax=3130 K  Gmax=1.810e+25  Id=2.946e-04 A/um  bal=-2.29e-04  (161.7s)
outer  4  dphi=9.204e-04 V  NH=591  nmax=1.010e+20  pmax=1.000e+16  Temax=3130 K  Gmax=1.804e+25  Id=2.942e-04 A/um  bal=-1.81e-04  (161.1s)
outer  5  dphi=1.248e-03 V  NH=591  nmax=1.010e+20  pmax=1.000e+16  Temax=3129 K  Gmax=1.789e+25  Id=2.933e-04 A/um  bal=-1.51e-04  (165.7s)
outer  6  dphi=1.200e-03 V  NH=591  nmax=1.010e+20  pmax=1.000e+16  Temax=3129 K  Gmax=1.793e+25  Id=2.934e-04 A/um  bal=-1.83e-04  (169.1s)
outer  7  dphi=1.300e-03 V  NH=591  nmax=1.010e+20  pmax=1.000e+16  Temax=3131 K  Gmax=1.813e+25  Id=2.940e-04 A/um  bal=-2.50e-04  (169.6s)
outer  8  dphi=1.652e-03 V  NH=591  nmax=1.010e+20  pmax=1.000e+16  Temax=3132 K  Gmax=1.832e+25  Id=2.944e-04 A/um  bal=-3.07e-04  (169.2s)
outer  9  dphi=1.160e-03 V  NH=591  nmax=1.010e+20  pmax=1.000e+16  Temax=3133 K  Gmax=1.838e+25  Id=2.948e-04 A/um  bal=-3.02e-04  (170.8s)
outer 10  dphi=1.032e-03 V  NH=591  nmax=1.010e+20  pmax=1.000e+16  Temax=3133 K  Gmax=1.839e+25  Id=2.950e-04 A/um  bal=-2.88e-04  (164.5s)
outer 11  dphi=1.031e-03 V  NH=591  nmax=1.010e+20  pmax=1.000e+16  Temax=3133 K  Gmax=1.840e+25  Id=2.950e-04 A/um  bal=-2.88e-04  (169.1s)
outer 12  dphi=1.116e-03 V  NH=591  nmax=1.010e+20  pmax=1.000e+16  Temax=3133 K  Gmax=1.838e+25  Id=2.949e-04 A/um  bal=-2.82e-04  (167.6s)
outer 13  dphi=1.062e-03 V  NH=591  nmax=1.010e+20  pmax=1.000e+16  Temax=3133 K  Gmax=1.843e+25  Id=2.950e-04 A/um  bal=-2.73e-04  (162.5s)
outer 14  dphi=2.104e-03 V  NH=591  nmax=1.010e+20  pmax=1.000e+16  Temax=3134 K  Gmax=1.859e+25  Id=2.954e-04 A/um  bal=-2.77e-04  (164.4s)
outer 15  dphi=1.489e-03 V  NH=591  nmax=1.010e+20  pmax=1.000e+16  Temax=3134 K  Gmax=1.864e+25  Id=2.957e-04 A/um  bal=-2.84e-04  (161.7s)
outer 16  dphi=1.254e-03 V  NH=591  nmax=1.010e+20  pmax=1.000e+16  Temax=3135 K  Gmax=1.867e+25  Id=2.959e-04 A/um  bal=-3.01e-04  (163.5s)
outer 17  dphi=1.201e-03 V  NH=591  nmax=1.010e+20  pmax=1.000e+16  Temax=3135 K  Gmax=1.868e+25  Id=2.959e-04 A/um  bal=-2.89e-04  (160.5s)
outer 18  dphi=1.252e-03 V  NH=591  nmax=1.010e+20  pmax=1.000e+16  Temax=3135 K  Gmax=1.867e+25  Id=2.958e-04 A/um  bal=-2.91e-04  (164.4s)
outer 19  dphi=1.462e-03 V  NH=591  nmax=1.010e+20  pmax=1.000e+16  Temax=3134 K  Gmax=1.863e+25  Id=2.957e-04 A/um  bal=-2.89e-04  (164.0s)
outer 20  dphi=1.443e-03 V  NH=591  nmax=1.010e+20  pmax=1.000e+16  Temax=3134 K  Gmax=1.863e+25  Id=2.957e-04 A/um  bal=-2.85e-04  (161.9s)
outer 21  dphi=1.039e-03 V  NH=591  nmax=1.010e+20  pmax=1.000e+16  Temax=3135 K  Gmax=1.868e+25  Id=2.960e-04 A/um  bal=-3.00e-04  (156.0s)
outer 22  dphi=9.521e-04 V  NH=591  nmax=1.010e+20  pmax=1.000e+16  Temax=3135 K  Gmax=1.870e+25  Id=2.960e-04 A/um  bal=-2.90e-04  (165.7s)
outer 23  dphi=1.224e-03 V  NH=591  nmax=1.010e+20  pmax=1.000e+16  Temax=3134 K  Gmax=1.865e+25  Id=2.958e-04 A/um  bal=-2.85e-04  (167.6s)
outer 24  dphi=1.312e-03 V  NH=591  nmax=1.010e+20  pmax=1.000e+16  Temax=3134 K  Gmax=1.862e+25  Id=2.958e-04 A/um  bal=-2.80e-04  (162.9s)
outer 25  dphi=1.543e-03 V  NH=591  nmax=1.010e+20  pmax=1.000e+16  Temax=3134 K  Gmax=1.856e+25  Id=2.956e-04 A/um  bal=-2.80e-04  (164.0s)
outer 26  dphi=1.390e-03 V  NH=591  nmax=1.010e+20  pmax=1.000e+16  Temax=3134 K  Gmax=1.864e+25  Id=2.958e-04 A/um  bal=-2.86e-04  (165.9s)
outer 27  dphi=1.001e-03 V  NH=591  nmax=1.010e+20  pmax=1.000e+16  Temax=3135 K  Gmax=1.869e+25  Id=2.960e-04 A/um  bal=-2.90e-04  (164.9s)
outer 28  dphi=8.832e-04 V  NH=591  nmax=1.010e+20  pmax=1.000e+16  Temax=3135 K  Gmax=1.871e+25  Id=2.960e-04 A/um  bal=-2.86e-04  (159.0s)
outer 29  dphi=9.359e-04 V  NH=591  nmax=1.010e+20  pmax=1.000e+16  Temax=3135 K  Gmax=1.870e+25  Id=2.960e-04 A/um  bal=-2.97e-04  (155.7s)
outer 30  dphi=1.077e-03 V  NH=591  nmax=1.010e+20  pmax=1.000e+16  Temax=3135 K  Gmax=1.867e+25  Id=2.959e-04 A/um  bal=-2.92e-04  (158.2s)
outer 31  dphi=1.320e-03 V  NH=591  nmax=1.010e+20  pmax=1.000e+16  Temax=3134 K  Gmax=1.860e+25  Id=2.957e-04 A/um  bal=-2.81e-04  (157.3s)
outer 32  dphi=1.381e-03 V  NH=591  nmax=1.010e+20  pmax=1.000e+16  Temax=3134 K  Gmax=1.857e+25  Id=2.957e-04 A/um  bal=-2.82e-04  (161.2s)
outer 33  dphi=9.931e-04 V  NH=591  nmax=1.010e+20  pmax=1.000e+16  Temax=3134 K  Gmax=1.862e+25  Id=2.959e-04 A/um  bal=-2.78e-04  (156.0s)
outer 34  dphi=8.657e-04 V  NH=591  nmax=1.010e+20  pmax=1.000e+16  Temax=3134 K  Gmax=1.865e+25  Id=2.960e-04 A/um  bal=-2.96e-04  (154.5s)
outer 35  dphi=8.775e-04 V  NH=591  nmax=1.010e+20  pmax=1.000e+16  Temax=3134 K  Gmax=1.864e+25  Id=2.960e-04 A/um  bal=-2.95e-04  (155.1s)
outer 36  dphi=8.754e-04 V  NH=591  nmax=1.010e+20  pmax=1.000e+16  Temax=3134 K  Gmax=1.864e+25  Id=2.960e-04 A/um  bal=-2.95e-04  (155.0s)
outer 37  dphi=8.856e-04 V  NH=591  nmax=1.010e+20  pmax=1.000e+16  Temax=3134 K  Gmax=1.864e+25  Id=2.959e-04 A/um  bal=-2.98e-04  (155.5s)
outer 38  dphi=1.570e-03 V  NH=591  nmax=1.010e+20  pmax=1.000e+16  Temax=3135 K  Gmax=1.878e+25  Id=2.961e-04 A/um  bal=-2.64e-04  (154.5s)
outer 39  dphi=8.420e-04 V  NH=591  nmax=1.010e+20  pmax=1.000e+16  Temax=3136 K  Gmax=1.883e+25  Id=2.963e-04 A/um  bal=-2.89e-04  (155.3s)
outer 40  dphi=6.734e-04 V  NH=591  nmax=1.010e+20  pmax=1.000e+16  Temax=3136 K  Gmax=1.886e+25  Id=2.964e-04 A/um  bal=-2.88e-04  (155.3s)
outer 41  dphi=6.569e-04 V  NH=591  nmax=1.010e+20  pmax=1.000e+16  Temax=3136 K  Gmax=1.889e+25  Id=2.965e-04 A/um  bal=-2.96e-04  (155.5s)
outer 42  dphi=6.500e-04 V  NH=591  nmax=1.010e+20  pmax=1.000e+16  Temax=3137 K  Gmax=1.893e+25  Id=2.966e-04 A/um  bal=-2.96e-04  (155.3s)
outer 43  dphi=6.475e-04 V  NH=591  nmax=1.010e+20  pmax=1.000e+16  Temax=3137 K  Gmax=1.894e+25  Id=2.966e-04 A/um  bal=-2.90e-04  (155.8s)
outer 44  dphi=6.430e-04 V  NH=591  nmax=1.010e+20  pmax=1.000e+16  Temax=3137 K  Gmax=1.897e+25  Id=2.966e-04 A/um  bal=-2.97e-04  (154.9s)
outer 45  dphi=9.463e-04 V  NH=591  nmax=1.010e+20  pmax=1.000e+16  Temax=3139 K  Gmax=1.914e+25  Id=2.970e-04 A/um  bal=-2.69e-04  (155.1s)
outer 46  dphi=8.345e-04 V  NH=591  nmax=1.010e+20  pmax=1.000e+16  Temax=3141 K  Gmax=1.934e+25  Id=2.973e-04 A/um  bal=-2.87e-04  (155.1s)
outer 47  dphi=8.012e-04 V  NH=591  nmax=1.010e+20  pmax=1.000e+16  Temax=3143 K  Gmax=1.957e+25  Id=2.976e-04 A/um  bal=-3.65e-04  (160.9s)
outer 48  dphi=7.895e-04 V  NH=591  nmax=1.010e+20  pmax=1.000e+16  Temax=3145 K  Gmax=1.981e+25  Id=2.978e-04 A/um  bal=-2.90e-04  (154.6s)
outer 49  dphi=7.970e-04 V  NH=591  nmax=1.010e+20  pmax=1.000e+16  Temax=3147 K  Gmax=2.003e+25  Id=2.980e-04 A/um  bal=-2.46e-04  (154.6s)
outer 50  dphi=8.031e-04 V  NH=591  nmax=1.010e+20  pmax=1.000e+16  Temax=3150 K  Gmax=2.024e+25  Id=2.982e-04 A/um  bal=-2.70e-04  (154.8s)
outer 51  dphi=7.901e-04 V  NH=591  nmax=1.010e+20  pmax=1.000e+16  Temax=3151 K  Gmax=2.028e+25  Id=2.981e-04 A/um  bal=-2.62e-04  (155.1s)
outer 52  dphi=7.353e-04 V  NH=591  nmax=1.010e+20  pmax=1.000e+16  Temax=3151 K  Gmax=2.031e+25  Id=2.980e-04 A/um  bal=-2.73e-04  (155.8s)
outer 53  dphi=8.098e-04 V  NH=591  nmax=1.010e+20  pmax=1.000e+16  Temax=3152 K  Gmax=2.036e+25  Id=2.980e-04 A/um  bal=-3.10e-04  (156.7s)
outer 54  dphi=1.405e-03 V  NH=591  nmax=1.010e+20  pmax=1.000e+16  Temax=3155 K  Gmax=2.052e+25  Id=2.976e-04 A/um  bal=-2.77e-04  (155.7s)
outer 55  dphi=1.226e-03 V  NH=591  nmax=1.010e+20  pmax=1.000e+16  Temax=3156 K  Gmax=2.070e+25  Id=2.973e-04 A/um  bal=-2.88e-04  (154.9s)
outer 56  dphi=7.694e-04 V  NH=591  nmax=1.010e+20  pmax=1.000e+16  Temax=3157 K  Gmax=2.086e+25  Id=2.970e-04 A/um  bal=-2.90e-04  (155.2s)
outer 57  dphi=9.956e-04 V  NH=591  nmax=1.010e+20  pmax=1.000e+16  Temax=3158 K  Gmax=2.089e+25  Id=2.969e-04 A/um  bal=-2.67e-04  (155.7s)
outer 58  dphi=6.269e-04 V  NH=591  nmax=1.010e+20  pmax=1.000e+16  Temax=3158 K  Gmax=2.090e+25  Id=2.969e-04 A/um  bal=-2.75e-04  (155.7s)
outer 59  dphi=2.051e-03 V  NH=591  nmax=1.010e+20  pmax=1.000e+16  Temax=3159 K  Gmax=2.100e+25  Id=2.965e-04 A/um  bal=-2.97e-04  (156.4s)
outer 60  dphi=1.495e-03 V  NH=591  nmax=1.010e+20  pmax=1.000e+16  Temax=3159 K  Gmax=2.108e+25  Id=2.963e-04 A/um  bal=-2.92e-04  (156.2s)
outer 61  dphi=9.790e-04 V  NH=591  nmax=1.010e+20  pmax=1.000e+16  Temax=3160 K  Gmax=2.114e+25  Id=2.960e-04 A/um  bal=-2.70e-04  (156.8s)
outer 62  dphi=9.720e-04 V  NH=591  nmax=1.010e+20  pmax=1.000e+16  Temax=3160 K  Gmax=2.118e+25  Id=2.959e-04 A/um  bal=-2.40e-04  (155.6s)
outer 63  dphi=6.002e-04 V  NH=591  nmax=1.010e+20  pmax=1.000e+16  Temax=3161 K  Gmax=2.125e+25  Id=2.957e-04 A/um  bal=-1.89e-04  (155.7s)
outer 64  dphi=6.482e-04 V  NH=591  nmax=1.010e+20  pmax=1.000e+16  Temax=3161 K  Gmax=2.131e+25  Id=2.956e-04 A/um  bal=-1.66e-04  (154.9s)
outer 65  dphi=5.648e-04 V  NH=591  nmax=1.010e+20  pmax=1.000e+16  Temax=3162 K  Gmax=2.135e+25  Id=2.956e-04 A/um  bal=-2.02e-04  (155.4s)
outer 66  dphi=4.043e-04 V  NH=591  nmax=1.010e+20  pmax=1.000e+16  Temax=3161 K  Gmax=2.130e+25  Id=2.957e-04 A/um  bal=-1.89e-04  (156.1s)
outer 67  dphi=5.618e-04 V  NH=591  nmax=1.010e+20  pmax=1.000e+16  Temax=3161 K  Gmax=2.132e+25  Id=2.957e-04 A/um  bal=-1.96e-04  (156.1s)
outer 68  dphi=5.188e-04 V  NH=591  nmax=1.010e+20  pmax=1.000e+16  Temax=3161 K  Gmax=2.132e+25  Id=2.958e-04 A/um  bal=-2.07e-04  (155.8s)
outer 69  dphi=5.193e-04 V  NH=591  nmax=1.010e+20  pmax=1.000e+16  Temax=3161 K  Gmax=2.132e+25  Id=2.958e-04 A/um  bal=-2.07e-04  (155.7s)
outer 70  dphi=3.462e-04 V  NH=591  nmax=1.010e+20  pmax=1.000e+16  Temax=3161 K  Gmax=2.131e+25  Id=2.958e-04 A/um  bal=-1.90e-04  (155.2s)
outer 71  dphi=2.762e-04 V  NH=591  nmax=1.010e+20  pmax=1.000e+16  Temax=3161 K  Gmax=2.131e+25  Id=2.958e-04 A/um  bal=-1.85e-04  (155.8s)
outer 72  dphi=5.340e-04 V  NH=591  nmax=1.010e+20  pmax=1.000e+16  Temax=3161 K  Gmax=2.133e+25  Id=2.958e-04 A/um  bal=-1.81e-04  (155.5s)
outer 73  dphi=5.331e-04 V  NH=591  nmax=1.010e+20  pmax=1.000e+16  Temax=3161 K  Gmax=2.132e+25  Id=2.958e-04 A/um  bal=-1.91e-04  (155.6s)
outer 74  dphi=5.582e-04 V  NH=591  nmax=1.010e+20  pmax=1.000e+16  Temax=3161 K  Gmax=2.133e+25  Id=2.958e-04 A/um  bal=-1.87e-04  (154.9s)
outer 75  dphi=5.520e-04 V  NH=591  nmax=1.010e+20  pmax=1.000e+16  Temax=3161 K  Gmax=2.133e+25  Id=2.958e-04 A/um  bal=-1.85e-04  (156.5s)
outer 76  dphi=5.846e-04 V  NH=591  nmax=1.010e+20  pmax=1.000e+16  Temax=3161 K  Gmax=2.133e+25  Id=2.958e-04 A/um  bal=-1.92e-04  (155.6s)
outer 77  dphi=6.091e-04 V  NH=591  nmax=1.010e+20  pmax=1.000e+16  Temax=3161 K  Gmax=2.133e+25  Id=2.958e-04 A/um  bal=-1.79e-04  (155.4s)
outer 78  dphi=7.243e-04 V  NH=591  nmax=1.010e+20  pmax=1.000e+16  Temax=3161 K  Gmax=2.134e+25  Id=2.958e-04 A/um  bal=-1.95e-04  (156.9s)
outer 79  dphi=7.007e-04 V  NH=591  nmax=1.010e+20  pmax=1.000e+16  Temax=3161 K  Gmax=2.135e+25  Id=2.958e-04 A/um  bal=-1.97e-04  (159.0s)
outer 80  dphi=7.195e-04 V  NH=591  nmax=1.010e+20  pmax=1.000e+16  Temax=3161 K  Gmax=2.134e+25  Id=2.958e-04 A/um  bal=-1.90e-04  (157.3s)
outer 81  dphi=5.074e-04 V  NH=591  nmax=1.010e+20  pmax=1.000e+16  Temax=3161 K  Gmax=2.134e+25  Id=2.958e-04 A/um  bal=-2.19e-04  (155.1s)
outer 82  dphi=6.134e-04 V  NH=591  nmax=1.010e+20  pmax=1.000e+16  Temax=3161 K  Gmax=2.133e+25  Id=2.958e-04 A/um  bal=-1.65e-04  (155.3s)
outer 83  dphi=6.139e-04 V  NH=591  nmax=1.010e+20  pmax=1.000e+16  Temax=3161 K  Gmax=2.132e+25  Id=2.957e-04 A/um  bal=-1.70e-04  (156.4s)
outer 84  dphi=5.436e-04 V  NH=591  nmax=1.010e+20  pmax=1.000e+16  Temax=3161 K  Gmax=2.134e+25  Id=2.958e-04 A/um  bal=-1.74e-04  (155.2s)
outer 85  dphi=6.133e-04 V  NH=591  nmax=1.010e+20  pmax=1.000e+16  Temax=3161 K  Gmax=2.134e+25  Id=2.959e-04 A/um  bal=-2.08e-04  (156.1s)
outer 86  dphi=5.548e-04 V  NH=591  nmax=1.010e+20  pmax=1.000e+16  Temax=3162 K  Gmax=2.135e+25  Id=2.959e-04 A/um  bal=-1.93e-04  (155.8s)
outer 87  dphi=5.385e-04 V  NH=591  nmax=1.010e+20  pmax=1.000e+16  Temax=3162 K  Gmax=2.135e+25  Id=2.959e-04 A/um  bal=-1.98e-04  (165.2s)
outer 88  dphi=5.620e-04 V  NH=591  nmax=1.010e+20  pmax=1.000e+16  Temax=3161 K  Gmax=2.135e+25  Id=2.959e-04 A/um  bal=-1.84e-04  (164.8s)
outer 89  dphi=5.777e-04 V  NH=591  nmax=1.010e+20  pmax=1.000e+16  Temax=3161 K  Gmax=2.135e+25  Id=2.959e-04 A/um  bal=-2.05e-04  (163.8s)

realized H-grid: NH=591  H-domain=[-3.7000, 3.6750] eV  H-array sha1=b4319bb03303  (COMMON frozen grid; must match across trio)
=== self-similar node Nx=100 Ny=70  (converged in 90 outer iters) ===
drain dx=0.002689 um  surface dy=0.000343 um  dy@0.020um=0.003738 um  h_rep=0.000960 um
Gii_max = 2.1346e+25 at (x=0.5894, y=0.0000) um   avalanche y-FWHM=0.0025 um (local dy=0.001283)
G_tot   = 6.0268e+13 cm^-1 s^-1
Te_max  = 3161 K   n_max = 1.010e+20
R_phi (final fixed-point residual) = 5.777e-04 V   last-4 spread: Gii=2.90e-04  Gtot=2.20e-04
last 4 Gii_max: 2.1350e+25 2.1353e+25 2.1348e+25 2.1346e+25   (mean 2.1349e+25)
last 4 G_tot  : 6.0273e+13 6.0281e+13 6.0271e+13 6.0268e+13   (mean 6.0273e+13)
saved data/she2d_richardson_100x70.npz
