pre-solve ratio check  r_x=['1.4144', '1.4144']  r_y(surf)=['1.4104', '1.4249']  r_y(@0.020um)=['1.1674', '1.2229']  (target sqrt2=1.4142, tol 0.05)
WARNING: avalanche-depth dy ratios ['1.1674', '1.2229'] deviate from sqrt2 -- single-h G_tot extrapolation is surface-isotropic only; treat depth-sensitive G_tot fit with caution.
==============================================================================
RICHARDSON NODE MANIFEST (must be identical across the sequence except Nx,Ny,dx,dy)
  mesh law     : ratio=6.000  W=0.090 um  X_C=0.600 um   (x graded, y = Ly*s^1.8)
  grid         : Nx=141 Ny=85  (x-intervals=140, y-intervals=84, cells=11985)
  measured     : drain dx=0.001901 um  surface dy=0.000241 um  dy@0.020um=0.003056 um  h_rep=0.000676 um
  energy grid  : dH=0.0125 eV  eps_max=3.020 eV  COMMON frozen H-span=(-0.6, 3.65) V (identical all grids)
  SHE solve    : she_tol=1.0e-08
  Anderson     : depth=6  beta=0.50  step_cap=5.0  restart=6
  outer loop   : max_outer=80   tol_phi=1.0e-04
  stopping     : max|G(phi)-phi| over free DOFs < tol_phi (Anderson true fixed-point residual)
  last-4 spread: (max-min)/mean of the last 4 outer-iteration Gii_max values
  init policy  : DD Gummel warm-up, then override with warm-start npz
  warm source  : she2d_richardson_141x85_stage1.npz
  provenance   : git 676e74f (dirty)
  bias         : Vg=Vd=3 V  Vs=Vb=0   Phi_gate=-0.740 V
==============================================================================
warm-started from she2d_richardson_141x85_stage1.npz (interpolated phi,p)
outer  0  dphi=8.083e-04 V  NH=591  nmax=1.010e+20  pmax=1.000e+16  Temax=3179 K  Gmax=2.200e+25  Id=3.065e-04 A/um  bal=3.99e-05  (306.5s)
outer  1  dphi=7.763e-04 V  NH=591  nmax=1.010e+20  pmax=1.000e+16  Temax=3180 K  Gmax=2.207e+25  Id=3.064e-04 A/um  bal=-2.02e-06  (311.8s)
outer  2  dphi=6.955e-04 V  NH=591  nmax=1.010e+20  pmax=1.000e+16  Temax=3180 K  Gmax=2.210e+25  Id=3.062e-04 A/um  bal=-5.02e-06  (312.7s)
outer  3  dphi=2.115e-03 V  NH=591  nmax=1.010e+20  pmax=1.000e+16  Temax=3182 K  Gmax=2.237e+25  Id=3.060e-04 A/um  bal=8.34e-06  (312.5s)
outer  4  dphi=2.090e-03 V  NH=591  nmax=1.010e+20  pmax=1.000e+16  Temax=3185 K  Gmax=2.269e+25  Id=3.051e-04 A/um  bal=8.51e-04  (313.7s)
outer  5  dphi=1.827e-03 V  NH=591  nmax=1.010e+20  pmax=1.000e+16  Temax=3187 K  Gmax=2.295e+25  Id=3.048e-04 A/um  bal=3.81e-04  (313.5s)
outer  6  dphi=1.361e-03 V  NH=591  nmax=1.010e+20  pmax=1.000e+16  Temax=3190 K  Gmax=2.318e+25  Id=3.044e-04 A/um  bal=6.69e-04  (314.3s)
outer  7  dphi=9.553e-04 V  NH=591  nmax=1.010e+20  pmax=1.000e+16  Temax=3192 K  Gmax=2.338e+25  Id=3.040e-04 A/um  bal=7.69e-04  (313.0s)
outer  8  dphi=8.801e-04 V  NH=591  nmax=1.010e+20  pmax=1.000e+16  Temax=3193 K  Gmax=2.356e+25  Id=3.038e-04 A/um  bal=8.06e-04  (313.5s)
outer  9  dphi=9.059e-04 V  NH=591  nmax=1.010e+20  pmax=1.000e+16  Temax=3194 K  Gmax=2.360e+25  Id=3.036e-04 A/um  bal=1.04e-03  (310.3s)
outer 10  dphi=6.440e-04 V  NH=591  nmax=1.010e+20  pmax=1.000e+16  Temax=3194 K  Gmax=2.361e+25  Id=3.038e-04 A/um  bal=7.16e-04  (315.6s)
outer 11  dphi=1.330e-03 V  NH=591  nmax=1.010e+20  pmax=1.000e+16  Temax=3195 K  Gmax=2.367e+25  Id=3.035e-04 A/um  bal=1.13e-03  (311.3s)
outer 12  dphi=7.911e-04 V  NH=591  nmax=1.010e+20  pmax=1.000e+16  Temax=3195 K  Gmax=2.370e+25  Id=3.034e-04 A/um  bal=1.14e-03  (312.9s)
outer 13  dphi=6.896e-04 V  NH=591  nmax=1.010e+20  pmax=1.000e+16  Temax=3195 K  Gmax=2.371e+25  Id=3.034e-04 A/um  bal=1.15e-03  (310.1s)
outer 14  dphi=9.435e-04 V  NH=591  nmax=1.010e+20  pmax=1.000e+16  Temax=3195 K  Gmax=2.378e+25  Id=3.033e-04 A/um  bal=1.10e-03  (310.4s)
outer 15  dphi=5.693e-04 V  NH=591  nmax=1.010e+20  pmax=1.000e+16  Temax=3196 K  Gmax=2.384e+25  Id=3.033e-04 A/um  bal=9.98e-04  (309.9s)
outer 16  dphi=1.017e-03 V  NH=591  nmax=1.010e+20  pmax=1.000e+16  Temax=3196 K  Gmax=2.391e+25  Id=3.030e-04 A/um  bal=1.19e-03  (309.5s)
outer 17  dphi=5.539e-04 V  NH=591  nmax=1.010e+20  pmax=1.000e+16  Temax=3196 K  Gmax=2.400e+25  Id=3.029e-04 A/um  bal=1.01e-03  (308.5s)
outer 18  dphi=5.539e-04 V  NH=591  nmax=1.010e+20  pmax=1.000e+16  Temax=3196 K  Gmax=2.407e+25  Id=3.030e-04 A/um  bal=4.64e-04  (312.8s)
outer 19  dphi=6.206e-04 V  NH=591  nmax=1.010e+20  pmax=1.000e+16  Temax=3196 K  Gmax=2.410e+25  Id=3.032e-04 A/um  bal=7.13e-05  (314.4s)
outer 20  dphi=6.603e-04 V  NH=591  nmax=1.010e+20  pmax=1.000e+16  Temax=3196 K  Gmax=2.414e+25  Id=3.031e-04 A/um  bal=6.73e-05  (314.2s)
outer 21  dphi=6.436e-04 V  NH=591  nmax=1.010e+20  pmax=1.000e+16  Temax=3196 K  Gmax=2.417e+25  Id=3.027e-04 A/um  bal=5.09e-04  (313.7s)
outer 22  dphi=5.170e-04 V  NH=591  nmax=1.010e+20  pmax=1.000e+16  Temax=3196 K  Gmax=2.419e+25  Id=3.029e-04 A/um  bal=7.60e-05  (313.6s)
outer 23  dphi=6.755e-04 V  NH=591  nmax=1.010e+20  pmax=1.000e+16  Temax=3196 K  Gmax=2.420e+25  Id=3.028e-04 A/um  bal=7.54e-05  (315.5s)
outer 24  dphi=7.489e-04 V  NH=591  nmax=1.010e+20  pmax=1.000e+16  Temax=3197 K  Gmax=2.421e+25  Id=3.027e-04 A/um  bal=7.25e-05  (314.4s)
outer 25  dphi=5.040e-04 V  NH=591  nmax=1.010e+20  pmax=1.000e+16  Temax=3196 K  Gmax=2.420e+25  Id=3.027e-04 A/um  bal=6.67e-05  (314.4s)
outer 26  dphi=4.641e-04 V  NH=591  nmax=1.010e+20  pmax=1.000e+16  Temax=3196 K  Gmax=2.420e+25  Id=3.027e-04 A/um  bal=7.20e-05  (314.4s)
outer 27  dphi=3.844e-04 V  NH=591  nmax=1.010e+20  pmax=1.000e+16  Temax=3196 K  Gmax=2.421e+25  Id=3.027e-04 A/um  bal=7.48e-05  (314.5s)
outer 28  dphi=4.260e-04 V  NH=591  nmax=1.010e+20  pmax=1.000e+16  Temax=3196 K  Gmax=2.420e+25  Id=3.027e-04 A/um  bal=7.67e-05  (314.0s)
outer 29  dphi=3.394e-04 V  NH=591  nmax=1.010e+20  pmax=1.000e+16  Temax=3196 K  Gmax=2.420e+25  Id=3.027e-04 A/um  bal=6.65e-05  (314.4s)
outer 30  dphi=3.257e-04 V  NH=591  nmax=1.010e+20  pmax=1.000e+16  Temax=3196 K  Gmax=2.420e+25  Id=3.024e-04 A/um  bal=5.78e-04  (313.9s)
outer 31  dphi=3.797e-04 V  NH=591  nmax=1.010e+20  pmax=1.000e+16  Temax=3196 K  Gmax=2.419e+25  Id=3.027e-04 A/um  bal=7.71e-05  (313.7s)
outer 32  dphi=3.758e-04 V  NH=591  nmax=1.010e+20  pmax=1.000e+16  Temax=3196 K  Gmax=2.419e+25  Id=3.027e-04 A/um  bal=7.20e-05  (314.9s)
outer 33  dphi=4.785e-04 V  NH=591  nmax=1.010e+20  pmax=1.000e+16  Temax=3196 K  Gmax=2.419e+25  Id=3.027e-04 A/um  bal=6.99e-05  (314.2s)
outer 34  dphi=3.354e-04 V  NH=591  nmax=1.010e+20  pmax=1.000e+16  Temax=3196 K  Gmax=2.419e+25  Id=3.028e-04 A/um  bal=7.81e-05  (315.7s)
outer 35  dphi=3.692e-04 V  NH=591  nmax=1.010e+20  pmax=1.000e+16  Temax=3196 K  Gmax=2.418e+25  Id=3.028e-04 A/um  bal=7.18e-05  (316.0s)
outer 36  dphi=3.412e-04 V  NH=591  nmax=1.010e+20  pmax=1.000e+16  Temax=3196 K  Gmax=2.418e+25  Id=3.028e-04 A/um  bal=6.80e-05  (315.1s)
outer 37  dphi=8.026e-04 V  NH=591  nmax=1.010e+20  pmax=1.000e+16  Temax=3196 K  Gmax=2.418e+25  Id=3.028e-04 A/um  bal=7.16e-05  (315.1s)
outer 38  dphi=3.760e-04 V  NH=591  nmax=1.010e+20  pmax=1.000e+16  Temax=3196 K  Gmax=2.418e+25  Id=3.029e-04 A/um  bal=6.41e-05  (313.8s)
outer 39  dphi=2.547e-04 V  NH=591  nmax=1.010e+20  pmax=1.000e+16  Temax=3196 K  Gmax=2.418e+25  Id=3.029e-04 A/um  bal=7.57e-05  (315.1s)
outer 40  dphi=1.998e-04 V  NH=591  nmax=1.010e+20  pmax=1.000e+16  Temax=3196 K  Gmax=2.418e+25  Id=3.029e-04 A/um  bal=6.01e-05  (313.3s)
outer 41  dphi=2.532e-04 V  NH=591  nmax=1.010e+20  pmax=1.000e+16  Temax=3196 K  Gmax=2.418e+25  Id=3.029e-04 A/um  bal=7.40e-05  (315.4s)
outer 42  dphi=2.398e-04 V  NH=591  nmax=1.010e+20  pmax=1.000e+16  Temax=3196 K  Gmax=2.418e+25  Id=3.029e-04 A/um  bal=7.96e-05  (314.4s)
outer 43  dphi=3.707e-04 V  NH=591  nmax=1.010e+20  pmax=1.000e+16  Temax=3196 K  Gmax=2.417e+25  Id=3.029e-04 A/um  bal=6.36e-05  (314.9s)
outer 44  dphi=6.763e-04 V  NH=591  nmax=1.010e+20  pmax=1.000e+16  Temax=3196 K  Gmax=2.417e+25  Id=3.029e-04 A/um  bal=6.33e-05  (313.9s)
outer 45  dphi=3.144e-04 V  NH=591  nmax=1.010e+20  pmax=1.000e+16  Temax=3196 K  Gmax=2.417e+25  Id=3.029e-04 A/um  bal=6.08e-05  (315.3s)
outer 46  dphi=2.286e-04 V  NH=591  nmax=1.010e+20  pmax=1.000e+16  Temax=3196 K  Gmax=2.417e+25  Id=3.029e-04 A/um  bal=6.19e-05  (315.5s)
outer 47  dphi=6.070e-04 V  NH=591  nmax=1.010e+20  pmax=1.000e+16  Temax=3196 K  Gmax=2.417e+25  Id=3.029e-04 A/um  bal=7.60e-05  (314.9s)
outer 48  dphi=2.434e-04 V  NH=591  nmax=1.010e+20  pmax=1.000e+16  Temax=3196 K  Gmax=2.417e+25  Id=3.029e-04 A/um  bal=7.39e-05  (314.6s)
outer 49  dphi=2.394e-04 V  NH=591  nmax=1.010e+20  pmax=1.000e+16  Temax=3196 K  Gmax=2.417e+25  Id=3.029e-04 A/um  bal=6.19e-05  (313.8s)
outer 50  dphi=2.150e-04 V  NH=591  nmax=1.010e+20  pmax=1.000e+16  Temax=3196 K  Gmax=2.417e+25  Id=3.029e-04 A/um  bal=6.59e-05  (314.0s)
outer 51  dphi=2.996e-04 V  NH=591  nmax=1.010e+20  pmax=1.000e+16  Temax=3196 K  Gmax=2.417e+25  Id=3.029e-04 A/um  bal=6.23e-05  (313.8s)
outer 52  dphi=3.670e-04 V  NH=591  nmax=1.010e+20  pmax=1.000e+16  Temax=3196 K  Gmax=2.416e+25  Id=3.029e-04 A/um  bal=5.92e-05  (314.8s)
outer 53  dphi=5.756e-04 V  NH=591  nmax=1.010e+20  pmax=1.000e+16  Temax=3196 K  Gmax=2.416e+25  Id=3.029e-04 A/um  bal=6.10e-05  (314.4s)
outer 54  dphi=2.939e-04 V  NH=591  nmax=1.010e+20  pmax=1.000e+16  Temax=3196 K  Gmax=2.416e+25  Id=3.029e-04 A/um  bal=6.94e-05  (313.6s)
outer 55  dphi=2.388e-04 V  NH=591  nmax=1.010e+20  pmax=1.000e+16  Temax=3196 K  Gmax=2.416e+25  Id=3.029e-04 A/um  bal=6.51e-05  (318.0s)
outer 56  dphi=2.273e-04 V  NH=591  nmax=1.010e+20  pmax=1.000e+16  Temax=3196 K  Gmax=2.416e+25  Id=3.029e-04 A/um  bal=6.05e-05  (314.0s)
outer 57  dphi=2.213e-04 V  NH=591  nmax=1.010e+20  pmax=1.000e+16  Temax=3196 K  Gmax=2.416e+25  Id=3.029e-04 A/um  bal=6.89e-05  (314.3s)
outer 58  dphi=5.779e-04 V  NH=591  nmax=1.010e+20  pmax=1.000e+16  Temax=3196 K  Gmax=2.415e+25  Id=3.029e-04 A/um  bal=6.30e-05  (313.2s)
outer 59  dphi=6.329e-04 V  NH=591  nmax=1.010e+20  pmax=1.000e+16  Temax=3196 K  Gmax=2.415e+25  Id=3.029e-04 A/um  bal=5.73e-05  (313.0s)
outer 60  dphi=3.514e-04 V  NH=591  nmax=1.010e+20  pmax=1.000e+16  Temax=3196 K  Gmax=2.415e+25  Id=3.029e-04 A/um  bal=7.07e-05  (312.8s)
outer 61  dphi=2.602e-04 V  NH=591  nmax=1.010e+20  pmax=1.000e+16  Temax=3196 K  Gmax=2.415e+25  Id=3.029e-04 A/um  bal=7.11e-05  (314.7s)
outer 62  dphi=2.505e-04 V  NH=591  nmax=1.010e+20  pmax=1.000e+16  Temax=3196 K  Gmax=2.415e+25  Id=3.028e-04 A/um  bal=7.61e-05  (313.7s)
outer 63  dphi=2.444e-04 V  NH=591  nmax=1.010e+20  pmax=1.000e+16  Temax=3196 K  Gmax=2.415e+25  Id=3.028e-04 A/um  bal=6.74e-05  (314.6s)
outer 64  dphi=2.313e-04 V  NH=591  nmax=1.010e+20  pmax=1.000e+16  Temax=3196 K  Gmax=2.415e+25  Id=3.028e-04 A/um  bal=7.28e-05  (314.1s)
outer 65  dphi=5.914e-04 V  NH=591  nmax=1.010e+20  pmax=1.000e+16  Temax=3196 K  Gmax=2.415e+25  Id=3.028e-04 A/um  bal=6.09e-05  (314.9s)
outer 66  dphi=2.139e-04 V  NH=591  nmax=1.010e+20  pmax=1.000e+16  Temax=3196 K  Gmax=2.414e+25  Id=3.028e-04 A/um  bal=6.96e-05  (317.7s)
outer 67  dphi=2.418e-04 V  NH=591  nmax=1.010e+20  pmax=1.000e+16  Temax=3196 K  Gmax=2.414e+25  Id=3.028e-04 A/um  bal=8.00e-05  (323.9s)
outer 68  dphi=1.557e-04 V  NH=591  nmax=1.010e+20  pmax=1.000e+16  Temax=3196 K  Gmax=2.414e+25  Id=3.028e-04 A/um  bal=6.32e-05  (317.4s)
outer 69  dphi=1.349e-04 V  NH=591  nmax=1.010e+20  pmax=1.000e+16  Temax=3196 K  Gmax=2.414e+25  Id=3.028e-04 A/um  bal=6.24e-05  (313.8s)
outer 70  dphi=2.445e-04 V  NH=591  nmax=1.010e+20  pmax=1.000e+16  Temax=3196 K  Gmax=2.414e+25  Id=3.028e-04 A/um  bal=6.21e-05  (316.7s)
outer 71  dphi=3.451e-04 V  NH=591  nmax=1.010e+20  pmax=1.000e+16  Temax=3196 K  Gmax=2.414e+25  Id=3.028e-04 A/um  bal=5.71e-05  (313.7s)
outer 72  dphi=1.351e-04 V  NH=591  nmax=1.010e+20  pmax=1.000e+16  Temax=3196 K  Gmax=2.414e+25  Id=3.028e-04 A/um  bal=6.46e-05  (315.1s)
outer 73  dphi=2.196e-04 V  NH=591  nmax=1.010e+20  pmax=1.000e+16  Temax=3196 K  Gmax=2.414e+25  Id=3.028e-04 A/um  bal=6.30e-05  (313.9s)
outer 74  dphi=1.804e-04 V  NH=591  nmax=1.010e+20  pmax=1.000e+16  Temax=3196 K  Gmax=2.413e+25  Id=3.028e-04 A/um  bal=5.84e-05  (314.6s)
outer 75  dphi=2.125e-04 V  NH=591  nmax=1.010e+20  pmax=1.000e+16  Temax=3196 K  Gmax=2.413e+25  Id=3.028e-04 A/um  bal=5.81e-05  (315.1s)
outer 76  dphi=6.966e-04 V  NH=591  nmax=1.010e+20  pmax=1.000e+16  Temax=3196 K  Gmax=2.413e+25  Id=3.028e-04 A/um  bal=7.52e-05  (315.3s)
outer 77  dphi=2.502e-04 V  NH=591  nmax=1.010e+20  pmax=1.000e+16  Temax=3196 K  Gmax=2.413e+25  Id=3.028e-04 A/um  bal=7.35e-05  (314.4s)
outer 78  dphi=2.127e-04 V  NH=591  nmax=1.010e+20  pmax=1.000e+16  Temax=3196 K  Gmax=2.413e+25  Id=3.028e-04 A/um  bal=6.80e-05  (315.2s)
outer 79  dphi=1.777e-04 V  NH=591  nmax=1.010e+20  pmax=1.000e+16  Temax=3196 K  Gmax=2.413e+25  Id=3.028e-04 A/um  bal=6.46e-05  (314.8s)

realized H-grid: NH=591  H-domain=[-3.7000, 3.6750] eV  H-array sha1=b4319bb03303  (COMMON frozen grid; must match across trio)
=== self-similar node Nx=141 Ny=85  (converged in 80 outer iters) ===
drain dx=0.001901 um  surface dy=0.000241 um  dy@0.020um=0.003056 um  h_rep=0.000676 um
Gii_max = 2.4127e+25 at (x=0.5894, y=0.0000) um   avalanche y-FWHM=0.0029 um (local dy=0.001179)
G_tot   = 6.5926e+13 cm^-1 s^-1
Te_max  = 3196 K   n_max = 1.010e+20
R_phi (final fixed-point residual) = 1.777e-04 V   last-4 spread: Gii=6.07e-05  Gtot=5.17e-05
last 4 Gii_max: 2.4129e+25 2.4128e+25 2.4128e+25 2.4127e+25   (mean 2.4128e+25)
last 4 G_tot  : 6.5930e+13 6.5929e+13 6.5927e+13 6.5926e+13   (mean 6.5928e+13)
saved data/she2d_richardson_141x85.npz
